172.20.0.1 - - [03/Mar/2019:07:32:48 +0000] "GET /uploads/-/system/user/avatar/1/avatar.png?width=23 HTTP/1.1" 304 0 "http://localhost:81/profile/password/edit" "Mozilla/5.0 (Windows NT 10.0; WOW64) AppleWebKit/537.36 (KHTML, like Gecko) Chrome/71.0.3578.98 Safari/537.36"
172.20.0.1 - - [03/Mar/2019:07:32:48 +0000] "GET /uploads/-/system/user/avatar/1/avatar.png?width=40 HTTP/1.1" 304 0 "http://localhost:81/profile/password/edit" "Mozilla/5.0 (Windows NT 10.0; WOW64) AppleWebKit/537.36 (KHTML, like Gecko) Chrome/71.0.3578.98 Safari/537.36"
172.20.0.1 - - [03/Mar/2019:07:32:49 +0000] "GET /profile/notifications HTTP/1.1" 200 9854 "http://localhost:81/profile/password/edit" "Mozilla/5.0 (Windows NT 10.0; WOW64) AppleWebKit/537.36 (KHTML, like Gecko) Chrome/71.0.3578.98 Safari/537.36"
172.20.0.1 - - [03/Mar/2019:07:32:49 +0000] "GET /uploads/-/system/user/avatar/1/avatar.png?width=23 HTTP/1.1" 304 0 "http://localhost:81/profile/notifications" "Mozilla/5.0 (Windows NT 10.0; WOW64) AppleWebKit/537.36 (KHTML, like Gecko) Chrome/71.0.3578.98 Safari/537.36"
172.20.0.1 - - [03/Mar/2019:07:32:50 +0000] "GET /uploads/-/system/user/avatar/1/avatar.png?width=40 HTTP/1.1" 304 0 "http://localhost:81/profile/notifications" "Mozilla/5.0 (Windows NT 10.0; WOW64) AppleWebKit/537.36 (KHTML, like Gecko) Chrome/71.0.3578.98 Safari/537.36"
172.20.0.1 - - [03/Mar/2019:07:32:52 +0000] "GET /profile/keys HTTP/1.1" 200 8436 "http://localhost:81/profile/notifications" "Mozilla/5.0 (Windows NT 10.0; WOW64) AppleWebKit/537.36 (KHTML, like Gecko) Chrome/71.0.3578.98 Safari/537.36"
172.20.0.1 - - [03/Mar/2019:07:32:53 +0000] "GET /uploads/-/system/user/avatar/1/avatar.png?width=23 HTTP/1.1" 304 0 "http://localhost:81/profile/keys" "Mozilla/5.0 (Windows NT 10.0; WOW64) AppleWebKit/537.36 (KHTML, like Gecko) Chrome/71.0.3578.98 Safari/537.36"
172.20.0.1 - - [03/Mar/2019:07:32:53 +0000] "GET /uploads/-/system/user/avatar/1/avatar.png?width=40 HTTP/1.1" 304 0 "http://localhost:81/profile/keys" "Mozilla/5.0 (Windows NT 10.0; WOW64) AppleWebKit/537.36 (KHTML, like Gecko) Chrome/71.0.3578.98 Safari/537.36"
172.20.0.1 - - [03/Mar/2019:07:32:54 +0000] "GET /profile/gpg_keys HTTP/1.1" 200 7980 "http://localhost:81/profile/keys" "Mozilla/5.0 (Windows NT 10.0; WOW64) AppleWebKit/537.36 (KHTML, like Gecko) Chrome/71.0.3578.98 Safari/537.36"
172.20.0.1 - - [03/Mar/2019:07:32:54 +0000] "GET /uploads/-/system/user/avatar/1/avatar.png?width=23 HTTP/1.1" 304 0 "http://localhost:81/profile/gpg_keys" "Mozilla/5.0 (Windows NT 10.0; WOW64) AppleWebKit/537.36 (KHTML, like Gecko) Chrome/71.0.3578.98 Safari/537.36"
172.20.0.1 - - [03/Mar/2019:07:32:54 +0000] "GET /uploads/-/system/user/avatar/1/avatar.png?width=40 HTTP/1.1" 304 0 "http://localhost:81/profile/gpg_keys" "Mozilla/5.0 (Windows NT 10.0; WOW64) AppleWebKit/537.36 (KHTML, like Gecko) Chrome/71.0.3578.98 Safari/537.36"
172.20.0.1 - - [03/Mar/2019:07:32:55 +0000] "GET /profile/preferences HTTP/1.1" 200 9029 "http://localhost:81/profile/gpg_keys" "Mozilla/5.0 (Windows NT 10.0; WOW64) AppleWebKit/537.36 (KHTML, like Gecko) Chrome/71.0.3578.98 Safari/537.36"
172.20.0.1 - - [03/Mar/2019:07:32:55 +0000] "GET /uploads/-/system/user/avatar/1/avatar.png?width=40 HTTP/1.1" 304 0 "http://localhost:81/profile/preferences" "Mozilla/5.0 (Windows NT 10.0; WOW64) AppleWebKit/537.36 (KHTML, like Gecko) Chrome/71.0.3578.98 Safari/537.36"
172.20.0.1 - - [03/Mar/2019:07:32:55 +0000] "GET /uploads/-/system/user/avatar/1/avatar.png?width=23 HTTP/1.1" 304 0 "http://localhost:81/profile/preferences" "Mozilla/5.0 (Windows NT 10.0; WOW64) AppleWebKit/537.36 (KHTML, like Gecko) Chrome/71.0.3578.98 Safari/537.36"
172.20.0.1 - - [03/Mar/2019:07:32:57 +0000] "POST /profile/preferences HTTP/1.1" 200 587 "http://localhost:81/profile/preferences" "Mozilla/5.0 (Windows NT 10.0; WOW64) AppleWebKit/537.36 (KHTML, like Gecko) Chrome/71.0.3578.98 Safari/537.36"
172.20.0.1 - - [03/Mar/2019:07:32:59 +0000] "POST /profile/preferences HTTP/1.1" 200 585 "http://localhost:81/profile/preferences" "Mozilla/5.0 (Windows NT 10.0; WOW64) AppleWebKit/537.36 (KHTML, like Gecko) Chrome/71.0.3578.98 Safari/537.36"
172.20.0.1 - - [03/Mar/2019:07:33:02 +0000] "POST /profile/preferences HTTP/1.1" 200 585 "http://localhost:81/profile/preferences" "Mozilla/5.0 (Windows NT 10.0; WOW64) AppleWebKit/537.36 (KHTML, like Gecko) Chrome/71.0.3578.98 Safari/537.36"
172.20.0.1 - - [03/Mar/2019:07:33:14 +0000] "POST /profile/preferences HTTP/1.1" 200 593 "http://localhost:81/profile/preferences" "Mozilla/5.0 (Windows NT 10.0; WOW64) AppleWebKit/537.36 (KHTML, like Gecko) Chrome/71.0.3578.98 Safari/537.36"
172.20.0.1 - - [03/Mar/2019:07:33:14 +0000] "POST /profile/preferences HTTP/1.1" 200 585 "http://localhost:81/profile/preferences" "Mozilla/5.0 (Windows NT 10.0; WOW64) AppleWebKit/537.36 (KHTML, like Gecko) Chrome/71.0.3578.98 Safari/537.36"
127.0.0.1 - - [03/Mar/2019:07:33:15 +0000] "GET /help HTTP/1.1" 200 78406 "" "curl/7.59.0-DEV"
172.20.0.1 - - [03/Mar/2019:07:33:17 +0000] "POST /profile/preferences HTTP/1.1" 200 591 "http://localhost:81/profile/preferences" "Mozilla/5.0 (Windows NT 10.0; WOW64) AppleWebKit/537.36 (KHTML, like Gecko) Chrome/71.0.3578.98 Safari/537.36"
172.20.0.1 - - [03/Mar/2019:07:33:18 +0000] "POST /profile/preferences HTTP/1.1" 200 585 "http://localhost:81/profile/preferences" "Mozilla/5.0 (Windows NT 10.0; WOW64) AppleWebKit/537.36 (KHTML, like Gecko) Chrome/71.0.3578.98 Safari/537.36"
172.20.0.1 - - [03/Mar/2019:07:33:21 +0000] "POST /profile/preferences HTTP/1.1" 200 585 "http://localhost:81/profile/preferences" "Mozilla/5.0 (Windows NT 10.0; WOW64) AppleWebKit/537.36 (KHTML, like Gecko) Chrome/71.0.3578.98 Safari/537.36"
172.20.0.1 - - [03/Mar/2019:07:33:23 +0000] "POST /profile/preferences HTTP/1.1" 200 585 "http://localhost:81/profile/preferences" "Mozilla/5.0 (Windows NT 10.0; WOW64) AppleWebKit/537.36 (KHTML, like Gecko) Chrome/71.0.3578.98 Safari/537.36"
172.20.0.1 - - [03/Mar/2019:07:33:23 +0000] "POST /profile/preferences HTTP/1.1" 200 585 "http://localhost:81/profile/preferences" "Mozilla/5.0 (Windows NT 10.0; WOW64) AppleWebKit/537.36 (KHTML, like Gecko) Chrome/71.0.3578.98 Safari/537.36"
172.20.0.1 - - [03/Mar/2019:07:33:24 +0000] "POST /profile/preferences HTTP/1.1" 200 585 "http://localhost:81/profile/preferences" "Mozilla/5.0 (Windows NT 10.0; WOW64) AppleWebKit/537.36 (KHTML, like Gecko) Chrome/71.0.3578.98 Safari/537.36"
172.20.0.1 - - [03/Mar/2019:07:33:27 +0000] "POST /profile/preferences HTTP/1.1" 200 585 "http://localhost:81/profile/preferences" "Mozilla/5.0 (Windows NT 10.0; WOW64) AppleWebKit/537.36 (KHTML, like Gecko) Chrome/71.0.3578.98 Safari/537.36"
172.20.0.1 - - [03/Mar/2019:07:33:37 +0000] "GET /profile/active_sessions HTTP/1.1" 200 7659 "http://localhost:81/profile/preferences" "Mozilla/5.0 (Windows NT 10.0; WOW64) AppleWebKit/537.36 (KHTML, like Gecko) Chrome/71.0.3578.98 Safari/537.36"
172.20.0.1 - - [03/Mar/2019:07:33:37 +0000] "GET /uploads/-/system/user/avatar/1/avatar.png?width=23 HTTP/1.1" 304 0 "http://localhost:81/profile/active_sessions" "Mozilla/5.0 (Windows NT 10.0; WOW64) AppleWebKit/537.36 (KHTML, like Gecko) Chrome/71.0.3578.98 Safari/537.36"
172.20.0.1 - - [03/Mar/2019:07:33:37 +0000] "GET /uploads/-/system/user/avatar/1/avatar.png?width=40 HTTP/1.1" 304 0 "http://localhost:81/profile/active_sessions" "Mozilla/5.0 (Windows NT 10.0; WOW64) AppleWebKit/537.36 (KHTML, like Gecko) Chrome/71.0.3578.98 Safari/537.36"
172.20.0.1 - - [03/Mar/2019:07:33:42 +0000] "GET /profile/audit_log HTTP/1.1" 200 7595 "http://localhost:81/profile/active_sessions" "Mozilla/5.0 (Windows NT 10.0; WOW64) AppleWebKit/537.36 (KHTML, like Gecko) Chrome/71.0.3578.98 Safari/537.36"
172.20.0.1 - - [03/Mar/2019:07:33:43 +0000] "GET /uploads/-/system/user/avatar/1/avatar.png?width=23 HTTP/1.1" 304 0 "http://localhost:81/profile/audit_log" "Mozilla/5.0 (Windows NT 10.0; WOW64) AppleWebKit/537.36 (KHTML, like Gecko) Chrome/71.0.3578.98 Safari/537.36"
172.20.0.1 - - [03/Mar/2019:07:33:43 +0000] "GET /uploads/-/system/user/avatar/1/avatar.png?width=40 HTTP/1.1" 304 0 "http://localhost:81/profile/audit_log" "Mozilla/5.0 (Windows NT 10.0; WOW64) AppleWebKit/537.36 (KHTML, like Gecko) Chrome/71.0.3578.98 Safari/537.36"
172.20.0.1 - - [03/Mar/2019:07:34:04 +0000] "GET /dashboard/projects HTTP/1.1" 200 8579 "http://localhost:81/profile/audit_log" "Mozilla/5.0 (Windows NT 10.0; WOW64) AppleWebKit/537.36 (KHTML, like Gecko) Chrome/71.0.3578.98 Safari/537.36"
172.20.0.1 - - [03/Mar/2019:07:34:05 +0000] "GET /projects/new HTTP/1.1" 200 13254 "http://localhost:81/dashboard/projects" "Mozilla/5.0 (Windows NT 10.0; WOW64) AppleWebKit/537.36 (KHTML, like Gecko) Chrome/71.0.3578.98 Safari/537.36"
172.20.0.1 - - [03/Mar/2019:07:34:05 +0000] "GET /uploads/-/system/user/avatar/1/avatar.png?width=23 HTTP/1.1" 304 0 "http://localhost:81/projects/new" "Mozilla/5.0 (Windows NT 10.0; WOW64) AppleWebKit/537.36 (KHTML, like Gecko) Chrome/71.0.3578.98 Safari/537.36"
172.20.0.1 - - [03/Mar/2019:07:34:07 +0000] "GET /dashboard/activity HTTP/1.1" 200 6720 "http://localhost:81/projects/new" "Mozilla/5.0 (Windows NT 10.0; WOW64) AppleWebKit/537.36 (KHTML, like Gecko) Chrome/71.0.3578.98 Safari/537.36"
172.20.0.1 - - [03/Mar/2019:07:34:07 +0000] "GET /dashboard/activity?limit=20&offset=0 HTTP/1.1" 200 522 "http://localhost:81/dashboard/activity" "Mozilla/5.0 (Windows NT 10.0; WOW64) AppleWebKit/537.36 (KHTML, like Gecko) Chrome/71.0.3578.98 Safari/537.36"
172.20.0.1 - - [03/Mar/2019:07:34:08 +0000] "GET /uploads/-/system/user/avatar/1/avatar.png?width=23 HTTP/1.1" 304 0 "http://localhost:81/dashboard/activity" "Mozilla/5.0 (Windows NT 10.0; WOW64) AppleWebKit/537.36 (KHTML, like Gecko) Chrome/71.0.3578.98 Safari/537.36"
172.20.0.1 - - [03/Mar/2019:07:34:09 +0000] "GET /dashboard/milestones HTTP/1.1" 200 6455 "http://localhost:81/dashboard/activity" "Mozilla/5.0 (Windows NT 10.0; WOW64) AppleWebKit/537.36 (KHTML, like Gecko) Chrome/71.0.3578.98 Safari/537.36"
172.20.0.1 - - [03/Mar/2019:07:34:09 +0000] "GET /uploads/-/system/user/avatar/1/avatar.png?width=23 HTTP/1.1" 304 0 "http://localhost:81/dashboard/milestones" "Mozilla/5.0 (Windows NT 10.0; WOW64) AppleWebKit/537.36 (KHTML, like Gecko) Chrome/71.0.3578.98 Safari/537.36"
172.20.0.1 - - [03/Mar/2019:07:34:10 +0000] "GET /dashboard/snippets HTTP/1.1" 200 6589 "http://localhost:81/dashboard/milestones" "Mozilla/5.0 (Windows NT 10.0; WOW64) AppleWebKit/537.36 (KHTML, like Gecko) Chrome/71.0.3578.98 Safari/537.36"
172.20.0.1 - - [03/Mar/2019:07:34:10 +0000] "GET /uploads/-/system/user/avatar/1/avatar.png?width=23 HTTP/1.1" 304 0 "http://localhost:81/dashboard/snippets" "Mozilla/5.0 (Windows NT 10.0; WOW64) AppleWebKit/537.36 (KHTML, like Gecko) Chrome/71.0.3578.98 Safari/537.36"
172.20.0.1 - - [03/Mar/2019:07:34:11 +0000] "GET /admin HTTP/1.1" 200 8752 "http://localhost:81/dashboard/snippets" "Mozilla/5.0 (Windows NT 10.0; WOW64) AppleWebKit/537.36 (KHTML, like Gecko) Chrome/71.0.3578.98 Safari/537.36"
172.20.0.1 - - [03/Mar/2019:07:34:11 +0000] "GET /assets/webpack/pages.admin.f067da19.chunk.js HTTP/1.1" 200 674 "http://localhost:81/admin" "Mozilla/5.0 (Windows NT 10.0; WOW64) AppleWebKit/537.36 (KHTML, like Gecko) Chrome/71.0.3578.98 Safari/537.36"
172.20.0.1 - - [03/Mar/2019:07:34:12 +0000] "GET /uploads/-/system/user/avatar/1/avatar.png?width=23 HTTP/1.1" 304 0 "http://localhost:81/admin" "Mozilla/5.0 (Windows NT 10.0; WOW64) AppleWebKit/537.36 (KHTML, like Gecko) Chrome/71.0.3578.98 Safari/537.36"
172.20.0.1 - - [03/Mar/2019:07:34:15 +0000] "GET /admin/users HTTP/1.1" 200 9439 "http://localhost:81/admin" "Mozilla/5.0 (Windows NT 10.0; WOW64) AppleWebKit/537.36 (KHTML, like Gecko) Chrome/71.0.3578.98 Safari/537.36"
172.20.0.1 - - [03/Mar/2019:07:34:15 +0000] "GET /assets/webpack/pages.admin.users.519ea318.chunk.js HTTP/1.1" 200 2798 "http://localhost:81/admin/users" "Mozilla/5.0 (Windows NT 10.0; WOW64) AppleWebKit/537.36 (KHTML, like Gecko) Chrome/71.0.3578.98 Safari/537.36"
127.0.0.1 - - [03/Mar/2019:07:34:15 +0000] "GET /help HTTP/1.1" 200 78399 "" "curl/7.59.0-DEV"
172.20.0.1 - - [03/Mar/2019:07:34:15 +0000] "GET /uploads/-/system/user/avatar/1/avatar.png?width=30 HTTP/1.1" 200 8816 "http://localhost:81/admin/users" "Mozilla/5.0 (Windows NT 10.0; WOW64) AppleWebKit/537.36 (KHTML, like Gecko) Chrome/71.0.3578.98 Safari/537.36"
172.20.0.1 - - [03/Mar/2019:07:34:15 +0000] "GET /uploads/-/system/user/avatar/1/avatar.png?width=23 HTTP/1.1" 304 0 "http://localhost:81/admin/users" "Mozilla/5.0 (Windows NT 10.0; WOW64) AppleWebKit/537.36 (KHTML, like Gecko) Chrome/71.0.3578.98 Safari/537.36"
172.20.0.1 - - [03/Mar/2019:07:34:18 +0000] "GET /api/v4/users/1 HTTP/1.1" 200 736 "http://localhost:81/admin/users" "Mozilla/5.0 (Windows NT 10.0; WOW64) AppleWebKit/537.36 (KHTML, like Gecko) Chrome/71.0.3578.98 Safari/537.36"
172.20.0.1 - - [03/Mar/2019:07:34:18 +0000] "GET /api/v4/users/1/status HTTP/1.1" 200 47 "http://localhost:81/admin/users" "Mozilla/5.0 (Windows NT 10.0; WOW64) AppleWebKit/537.36 (KHTML, like Gecko) Chrome/71.0.3578.98 Safari/537.36"
127.0.0.1 - - [03/Mar/2019:07:35:15 +0000] "GET /help HTTP/1.1" 200 78406 "" "curl/7.59.0-DEV"
127.0.0.1 - - [03/Mar/2019:07:36:16 +0000] "GET /help HTTP/1.1" 200 78399 "" "curl/7.59.0-DEV"
127.0.0.1 - - [03/Mar/2019:07:37:16 +0000] "GET /help HTTP/1.1" 200 78399 "" "curl/7.59.0-DEV"
127.0.0.1 - - [03/Mar/2019:07:38:17 +0000] "GET /help HTTP/1.1" 200 78406 "" "curl/7.59.0-DEV"
127.0.0.1 - - [03/Mar/2019:07:39:17 +0000] "GET /help HTTP/1.1" 200 78406 "" "curl/7.59.0-DEV"
127.0.0.1 - - [03/Mar/2019:07:40:18 +0000] "GET /help HTTP/1.1" 200 78399 "" "curl/7.59.0-DEV"
127.0.0.1 - - [03/Mar/2019:07:41:18 +0000] "GET /help HTTP/1.1" 200 78399 "" "curl/7.59.0-DEV"
127.0.0.1 - - [03/Mar/2019:07:42:18 +0000] "GET /help HTTP/1.1" 200 78406 "" "curl/7.59.0-DEV"
127.0.0.1 - - [03/Mar/2019:07:43:19 +0000] "GET /help HTTP/1.1" 200 78399 "" "curl/7.59.0-DEV"
127.0.0.1 - - [03/Mar/2019:07:44:19 +0000] "GET /help HTTP/1.1" 200 78399 "" "curl/7.59.0-DEV"
172.20.0.1 - - [03/Mar/2019:07:44:26 +0000] "GET /admin/users?filter=admins HTTP/1.1" 200 9061 "http://localhost:81/admin/users" "Mozilla/5.0 (Windows NT 10.0; WOW64) AppleWebKit/537.36 (KHTML, like Gecko) Chrome/71.0.3578.98 Safari/537.36"
172.20.0.1 - - [03/Mar/2019:07:44:26 +0000] "GET /uploads/-/system/user/avatar/1/avatar.png?width=23 HTTP/1.1" 304 0 "http://localhost:81/admin/users" "Mozilla/5.0 (Windows NT 10.0; WOW64) AppleWebKit/537.36 (KHTML, like Gecko) Chrome/71.0.3578.98 Safari/537.36"
172.20.0.1 - - [03/Mar/2019:07:44:26 +0000] "GET /uploads/-/system/user/avatar/1/avatar.png?width=30 HTTP/1.1" 304 0 "http://localhost:81/admin/users" "Mozilla/5.0 (Windows NT 10.0; WOW64) AppleWebKit/537.36 (KHTML, like Gecko) Chrome/71.0.3578.98 Safari/537.36"
172.20.0.1 - - [03/Mar/2019:07:44:34 +0000] "GET /admin/users HTTP/1.1" 200 9439 "http://localhost:81/admin/users" "Mozilla/5.0 (Windows NT 10.0; WOW64) AppleWebKit/537.36 (KHTML, like Gecko) Chrome/71.0.3578.98 Safari/537.36"
172.20.0.1 - - [03/Mar/2019:07:44:34 +0000] "GET /uploads/-/system/user/avatar/1/avatar.png?width=23 HTTP/1.1" 304 0 "http://localhost:81/admin/users" "Mozilla/5.0 (Windows NT 10.0; WOW64) AppleWebKit/537.36 (KHTML, like Gecko) Chrome/71.0.3578.98 Safari/537.36"
172.20.0.1 - - [03/Mar/2019:07:44:34 +0000] "GET /uploads/-/system/user/avatar/1/avatar.png?width=30 HTTP/1.1" 304 0 "http://localhost:81/admin/users" "Mozilla/5.0 (Windows NT 10.0; WOW64) AppleWebKit/537.36 (KHTML, like Gecko) Chrome/71.0.3578.98 Safari/537.36"
172.20.0.1 - - [03/Mar/2019:07:44:36 +0000] "GET /admin/users?filter=two_factor_enabled HTTP/1.1" 200 8602 "http://localhost:81/admin/users" "Mozilla/5.0 (Windows NT 10.0; WOW64) AppleWebKit/537.36 (KHTML, like Gecko) Chrome/71.0.3578.98 Safari/537.36"
172.20.0.1 - - [03/Mar/2019:07:44:36 +0000] "GET /uploads/-/system/user/avatar/1/avatar.png?width=23 HTTP/1.1" 304 0 "http://localhost:81/admin/users" "Mozilla/5.0 (Windows NT 10.0; WOW64) AppleWebKit/537.36 (KHTML, like Gecko) Chrome/71.0.3578.98 Safari/537.36"
172.20.0.1 - - [03/Mar/2019:07:44:37 +0000] "GET /admin/users?filter=two_factor_disabled HTTP/1.1" 200 9492 "http://localhost:81/admin/users" "Mozilla/5.0 (Windows NT 10.0; WOW64) AppleWebKit/537.36 (KHTML, like Gecko) Chrome/71.0.3578.98 Safari/537.36"
172.20.0.1 - - [03/Mar/2019:07:44:38 +0000] "GET /uploads/-/system/user/avatar/1/avatar.png?width=23 HTTP/1.1" 304 0 "http://localhost:81/admin/users" "Mozilla/5.0 (Windows NT 10.0; WOW64) AppleWebKit/537.36 (KHTML, like Gecko) Chrome/71.0.3578.98 Safari/537.36"
172.20.0.1 - - [03/Mar/2019:07:44:38 +0000] "GET /uploads/-/system/user/avatar/1/avatar.png?width=30 HTTP/1.1" 304 0 "http://localhost:81/admin/users" "Mozilla/5.0 (Windows NT 10.0; WOW64) AppleWebKit/537.36 (KHTML, like Gecko) Chrome/71.0.3578.98 Safari/537.36"
172.20.0.1 - - [03/Mar/2019:07:44:43 +0000] "GET /admin/users/Carbons/edit HTTP/1.1" 200 9227 "http://localhost:81/admin/users" "Mozilla/5.0 (Windows NT 10.0; WOW64) AppleWebKit/537.36 (KHTML, like Gecko) Chrome/71.0.3578.98 Safari/537.36"
172.20.0.1 - - [03/Mar/2019:07:44:43 +0000] "GET /uploads/-/system/user/avatar/1/avatar.png?width=23 HTTP/1.1" 304 0 "http://localhost:81/admin/users/Carbons/edit" "Mozilla/5.0 (Windows NT 10.0; WOW64) AppleWebKit/537.36 (KHTML, like Gecko) Chrome/71.0.3578.98 Safari/537.36"
172.20.0.1 - - [03/Mar/2019:07:44:46 +0000] "GET /admin/users HTTP/1.1" 200 9439 "http://localhost:81/admin/users/Carbons/edit" "Mozilla/5.0 (Windows NT 10.0; WOW64) AppleWebKit/537.36 (KHTML, like Gecko) Chrome/71.0.3578.98 Safari/537.36"
172.20.0.1 - - [03/Mar/2019:07:44:46 +0000] "GET /uploads/-/system/user/avatar/1/avatar.png?width=23 HTTP/1.1" 304 0 "http://localhost:81/admin/users" "Mozilla/5.0 (Windows NT 10.0; WOW64) AppleWebKit/537.36 (KHTML, like Gecko) Chrome/71.0.3578.98 Safari/537.36"
172.20.0.1 - - [03/Mar/2019:07:44:46 +0000] "GET /uploads/-/system/user/avatar/1/avatar.png?width=30 HTTP/1.1" 304 0 "http://localhost:81/admin/users" "Mozilla/5.0 (Windows NT 10.0; WOW64) AppleWebKit/537.36 (KHTML, like Gecko) Chrome/71.0.3578.98 Safari/537.36"
172.20.0.1 - - [03/Mar/2019:07:44:47 +0000] "GET /admin/projects HTTP/1.1" 200 8752 "http://localhost:81/admin/users" "Mozilla/5.0 (Windows NT 10.0; WOW64) AppleWebKit/537.36 (KHTML, like Gecko) Chrome/71.0.3578.98 Safari/537.36"
172.20.0.1 - - [03/Mar/2019:07:44:47 +0000] "GET /assets/webpack/pages.admin.projects.index.bdf9e5ca.chunk.js HTTP/1.1" 200 3687 "http://localhost:81/admin/projects" "Mozilla/5.0 (Windows NT 10.0; WOW64) AppleWebKit/537.36 (KHTML, like Gecko) Chrome/71.0.3578.98 Safari/537.36"
172.20.0.1 - - [03/Mar/2019:07:44:47 +0000] "GET /uploads/-/system/user/avatar/1/avatar.png?width=23 HTTP/1.1" 304 0 "http://localhost:81/admin/projects" "Mozilla/5.0 (Windows NT 10.0; WOW64) AppleWebKit/537.36 (KHTML, like Gecko) Chrome/71.0.3578.98 Safari/537.36"
172.20.0.1 - - [03/Mar/2019:07:44:48 +0000] "GET /admin HTTP/1.1" 200 8753 "http://localhost:81/admin/projects" "Mozilla/5.0 (Windows NT 10.0; WOW64) AppleWebKit/537.36 (KHTML, like Gecko) Chrome/71.0.3578.98 Safari/537.36"
172.20.0.1 - - [03/Mar/2019:07:44:48 +0000] "GET /uploads/-/system/user/avatar/1/avatar.png?width=23 HTTP/1.1" 304 0 "http://localhost:81/admin" "Mozilla/5.0 (Windows NT 10.0; WOW64) AppleWebKit/537.36 (KHTML, like Gecko) Chrome/71.0.3578.98 Safari/537.36"
172.20.0.1 - - [03/Mar/2019:07:44:53 +0000] "GET /admin/system_info HTTP/1.1" 200 8026 "http://localhost:81/admin" "Mozilla/5.0 (Windows NT 10.0; WOW64) AppleWebKit/537.36 (KHTML, like Gecko) Chrome/71.0.3578.98 Safari/537.36"
172.20.0.1 - - [03/Mar/2019:07:44:54 +0000] "GET /uploads/-/system/user/avatar/1/avatar.png?width=23 HTTP/1.1" 304 0 "http://localhost:81/admin/system_info" "Mozilla/5.0 (Windows NT 10.0; WOW64) AppleWebKit/537.36 (KHTML, like Gecko) Chrome/71.0.3578.98 Safari/537.36"
172.20.0.1 - - [03/Mar/2019:07:44:59 +0000] "GET /admin/abuse_reports HTTP/1.1" 200 7934 "http://localhost:81/admin/system_info" "Mozilla/5.0 (Windows NT 10.0; WOW64) AppleWebKit/537.36 (KHTML, like Gecko) Chrome/71.0.3578.98 Safari/537.36"
172.20.0.1 - - [03/Mar/2019:07:44:59 +0000] "GET /assets/webpack/pages.admin.abuse_reports.0b4bc971.chunk.js HTTP/1.1" 200 1122 "http://localhost:81/admin/abuse_reports" "Mozilla/5.0 (Windows NT 10.0; WOW64) AppleWebKit/537.36 (KHTML, like Gecko) Chrome/71.0.3578.98 Safari/537.36"
172.20.0.1 - - [03/Mar/2019:07:44:59 +0000] "GET /uploads/-/system/user/avatar/1/avatar.png?width=23 HTTP/1.1" 304 0 "http://localhost:81/admin/abuse_reports" "Mozilla/5.0 (Windows NT 10.0; WOW64) AppleWebKit/537.36 (KHTML, like Gecko) Chrome/71.0.3578.98 Safari/537.36"
172.20.0.1 - - [03/Mar/2019:07:45:02 +0000] "GET /admin HTTP/1.1" 200 8751 "http://localhost:81/admin/abuse_reports" "Mozilla/5.0 (Windows NT 10.0; WOW64) AppleWebKit/537.36 (KHTML, like Gecko) Chrome/71.0.3578.98 Safari/537.36"
172.20.0.1 - - [03/Mar/2019:07:45:02 +0000] "GET /uploads/-/system/user/avatar/1/avatar.png?width=23 HTTP/1.1" 304 0 "http://localhost:81/admin" "Mozilla/5.0 (Windows NT 10.0; WOW64) AppleWebKit/537.36 (KHTML, like Gecko) Chrome/71.0.3578.98 Safari/537.36"
172.20.0.1 - - [03/Mar/2019:07:45:09 +0000] "GET /admin/projects HTTP/1.1" 200 8747 "http://localhost:81/admin" "Mozilla/5.0 (Windows NT 10.0; WOW64) AppleWebKit/537.36 (KHTML, like Gecko) Chrome/71.0.3578.98 Safari/537.36"
172.20.0.1 - - [03/Mar/2019:07:45:09 +0000] "GET /uploads/-/system/user/avatar/1/avatar.png?width=23 HTTP/1.1" 304 0 "http://localhost:81/admin/projects" "Mozilla/5.0 (Windows NT 10.0; WOW64) AppleWebKit/537.36 (KHTML, like Gecko) Chrome/71.0.3578.98 Safari/537.36"
172.20.0.1 - - [03/Mar/2019:07:45:09 +0000] "GET /admin/users HTTP/1.1" 200 9440 "http://localhost:81/admin/projects" "Mozilla/5.0 (Windows NT 10.0; WOW64) AppleWebKit/537.36 (KHTML, like Gecko) Chrome/71.0.3578.98 Safari/537.36"
172.20.0.1 - - [03/Mar/2019:07:45:10 +0000] "GET /uploads/-/system/user/avatar/1/avatar.png?width=30 HTTP/1.1" 304 0 "http://localhost:81/admin/users" "Mozilla/5.0 (Windows NT 10.0; WOW64) AppleWebKit/537.36 (KHTML, like Gecko) Chrome/71.0.3578.98 Safari/537.36"
172.20.0.1 - - [03/Mar/2019:07:45:10 +0000] "GET /uploads/-/system/user/avatar/1/avatar.png?width=23 HTTP/1.1" 304 0 "http://localhost:81/admin/users" "Mozilla/5.0 (Windows NT 10.0; WOW64) AppleWebKit/537.36 (KHTML, like Gecko) Chrome/71.0.3578.98 Safari/537.36"
172.20.0.1 - - [03/Mar/2019:07:45:11 +0000] "GET /admin/groups HTTP/1.1" 200 8273 "http://localhost:81/admin/users" "Mozilla/5.0 (Windows NT 10.0; WOW64) AppleWebKit/537.36 (KHTML, like Gecko) Chrome/71.0.3578.98 Safari/537.36"
172.20.0.1 - - [03/Mar/2019:07:45:11 +0000] "GET /uploads/-/system/user/avatar/1/avatar.png?width=23 HTTP/1.1" 304 0 "http://localhost:81/admin/groups" "Mozilla/5.0 (Windows NT 10.0; WOW64) AppleWebKit/537.36 (KHTML, like Gecko) Chrome/71.0.3578.98 Safari/537.36"
172.20.0.1 - - [03/Mar/2019:07:45:11 +0000] "GET /admin/jobs HTTP/1.1" 200 8024 "http://localhost:81/admin/groups" "Mozilla/5.0 (Windows NT 10.0; WOW64) AppleWebKit/537.36 (KHTML, like Gecko) Chrome/71.0.3578.98 Safari/537.36"
172.20.0.1 - - [03/Mar/2019:07:45:11 +0000] "GET /assets/webpack/pages.admin.jobs.index.cba003cf.chunk.js HTTP/1.1" 200 1915 "http://localhost:81/admin/jobs" "Mozilla/5.0 (Windows NT 10.0; WOW64) AppleWebKit/537.36 (KHTML, like Gecko) Chrome/71.0.3578.98 Safari/537.36"
172.20.0.1 - - [03/Mar/2019:07:45:12 +0000] "GET /uploads/-/system/user/avatar/1/avatar.png?width=23 HTTP/1.1" 304 0 "http://localhost:81/admin/jobs" "Mozilla/5.0 (Windows NT 10.0; WOW64) AppleWebKit/537.36 (KHTML, like Gecko) Chrome/71.0.3578.98 Safari/537.36"
172.20.0.1 - - [03/Mar/2019:07:45:12 +0000] "GET /admin/runners HTTP/1.1" 200 10167 "http://localhost:81/admin/jobs" "Mozilla/5.0 (Windows NT 10.0; WOW64) AppleWebKit/537.36 (KHTML, like Gecko) Chrome/71.0.3578.98 Safari/537.36"
172.20.0.1 - - [03/Mar/2019:07:45:12 +0000] "GET /assets/webpack/pages.admin.runners.e0c7cd2c.chunk.js HTTP/1.1" 200 835 "http://localhost:81/admin/runners" "Mozilla/5.0 (Windows NT 10.0; WOW64) AppleWebKit/537.36 (KHTML, like Gecko) Chrome/71.0.3578.98 Safari/537.36"
172.20.0.1 - - [03/Mar/2019:07:45:12 +0000] "GET /assets/webpack/commons~pages.admin.runners~pages.dashboard.issues~pages.dashboard.merge_requests~pages.groups.issue~50b11e95.a3ffa73d.chunk.js HTTP/1.1" 200 5972 "http://localhost:81/admin/runners" "Mozilla/5.0 (Windows NT 10.0; WOW64) AppleWebKit/537.36 (KHTML, like Gecko) Chrome/71.0.3578.98 Safari/537.36"
172.20.0.1 - - [03/Mar/2019:07:45:13 +0000] "GET /uploads/-/system/user/avatar/1/avatar.png?width=23 HTTP/1.1" 304 0 "http://localhost:81/admin/runners" "Mozilla/5.0 (Windows NT 10.0; WOW64) AppleWebKit/537.36 (KHTML, like Gecko) Chrome/71.0.3578.98 Safari/537.36"
172.20.0.1 - - [03/Mar/2019:07:45:13 +0000] "GET /admin/gitaly_servers HTTP/1.1" 200 7984 "http://localhost:81/admin/runners" "Mozilla/5.0 (Windows NT 10.0; WOW64) AppleWebKit/537.36 (KHTML, like Gecko) Chrome/71.0.3578.98 Safari/537.36"
172.20.0.1 - - [03/Mar/2019:07:45:13 +0000] "GET /uploads/-/system/user/avatar/1/avatar.png?width=23 HTTP/1.1" 304 0 "http://localhost:81/admin/gitaly_servers" "Mozilla/5.0 (Windows NT 10.0; WOW64) AppleWebKit/537.36 (KHTML, like Gecko) Chrome/71.0.3578.98 Safari/537.36"
172.20.0.1 - - [03/Mar/2019:07:45:15 +0000] "GET /admin/broadcast_messages HTTP/1.1" 200 9473 "http://localhost:81/admin/gitaly_servers" "Mozilla/5.0 (Windows NT 10.0; WOW64) AppleWebKit/537.36 (KHTML, like Gecko) Chrome/71.0.3578.98 Safari/537.36"
172.20.0.1 - - [03/Mar/2019:07:45:15 +0000] "GET /assets/webpack/pages.admin.broadcast_messages.9a573d39.chunk.js HTTP/1.1" 200 970 "http://localhost:81/admin/broadcast_messages" "Mozilla/5.0 (Windows NT 10.0; WOW64) AppleWebKit/537.36 (KHTML, like Gecko) Chrome/71.0.3578.98 Safari/537.36"
172.20.0.1 - - [03/Mar/2019:07:45:16 +0000] "GET /uploads/-/system/user/avatar/1/avatar.png?width=23 HTTP/1.1" 304 0 "http://localhost:81/admin/broadcast_messages" "Mozilla/5.0 (Windows NT 10.0; WOW64) AppleWebKit/537.36 (KHTML, like Gecko) Chrome/71.0.3578.98 Safari/537.36"
172.20.0.1 - - [03/Mar/2019:07:45:16 +0000] "GET /admin/hooks HTTP/1.1" 200 8941 "http://localhost:81/admin/broadcast_messages" "Mozilla/5.0 (Windows NT 10.0; WOW64) AppleWebKit/537.36 (KHTML, like Gecko) Chrome/71.0.3578.98 Safari/537.36"
172.20.0.1 - - [03/Mar/2019:07:45:16 +0000] "GET /uploads/-/system/user/avatar/1/avatar.png?width=23 HTTP/1.1" 304 0 "http://localhost:81/admin/hooks" "Mozilla/5.0 (Windows NT 10.0; WOW64) AppleWebKit/537.36 (KHTML, like Gecko) Chrome/71.0.3578.98 Safari/537.36"
172.20.0.1 - - [03/Mar/2019:07:45:17 +0000] "GET /admin/deploy_keys HTTP/1.1" 200 7891 "http://localhost:81/admin/hooks" "Mozilla/5.0 (Windows NT 10.0; WOW64) AppleWebKit/537.36 (KHTML, like Gecko) Chrome/71.0.3578.98 Safari/537.36"
172.20.0.1 - - [03/Mar/2019:07:45:17 +0000] "GET /uploads/-/system/user/avatar/1/avatar.png?width=23 HTTP/1.1" 304 0 "http://localhost:81/admin/deploy_keys" "Mozilla/5.0 (Windows NT 10.0; WOW64) AppleWebKit/537.36 (KHTML, like Gecko) Chrome/71.0.3578.98 Safari/537.36"
172.20.0.1 - - [03/Mar/2019:07:45:18 +0000] "GET /admin/application_settings/services HTTP/1.1" 499 0 "http://localhost:81/admin/deploy_keys" "Mozilla/5.0 (Windows NT 10.0; WOW64) AppleWebKit/537.36 (KHTML, like Gecko) Chrome/71.0.3578.98 Safari/537.36"
172.20.0.1 - - [03/Mar/2019:07:45:18 +0000] "GET /admin/labels HTTP/1.1" 200 7912 "http://localhost:81/admin/deploy_keys" "Mozilla/5.0 (Windows NT 10.0; WOW64) AppleWebKit/537.36 (KHTML, like Gecko) Chrome/71.0.3578.98 Safari/537.36"
172.20.0.1 - - [03/Mar/2019:07:45:19 +0000] "GET /uploads/-/system/user/avatar/1/avatar.png?width=23 HTTP/1.1" 304 0 "http://localhost:81/admin/labels" "Mozilla/5.0 (Windows NT 10.0; WOW64) AppleWebKit/537.36 (KHTML, like Gecko) Chrome/71.0.3578.98 Safari/537.36"
172.20.0.1 - - [03/Mar/2019:07:45:20 +0000] "GET /admin/application_settings HTTP/1.1" 499 0 "http://localhost:81/admin/labels" "Mozilla/5.0 (Windows NT 10.0; WOW64) AppleWebKit/537.36 (KHTML, like Gecko) Chrome/71.0.3578.98 Safari/537.36"
172.20.0.1 - - [03/Mar/2019:07:45:20 +0000] "GET /admin/broadcast_messages HTTP/1.1" 499 0 "http://localhost:81/admin/labels" "Mozilla/5.0 (Windows NT 10.0; WOW64) AppleWebKit/537.36 (KHTML, like Gecko) Chrome/71.0.3578.98 Safari/537.36"
172.20.0.1 - - [03/Mar/2019:07:45:20 +0000] "GET /admin/system_info HTTP/1.1" 200 8033 "http://localhost:81/admin/labels" "Mozilla/5.0 (Windows NT 10.0; WOW64) AppleWebKit/537.36 (KHTML, like Gecko) Chrome/71.0.3578.98 Safari/537.36"
127.0.0.1 - - [03/Mar/2019:07:45:20 +0000] "GET /help HTTP/1.1" 200 78399 "" "curl/7.59.0-DEV"
172.20.0.1 - - [03/Mar/2019:07:45:21 +0000] "GET /uploads/-/system/user/avatar/1/avatar.png?width=23 HTTP/1.1" 304 0 "http://localhost:81/admin/system_info" "Mozilla/5.0 (Windows NT 10.0; WOW64) AppleWebKit/537.36 (KHTML, like Gecko) Chrome/71.0.3578.98 Safari/537.36"
172.20.0.1 - - [03/Mar/2019:07:45:41 +0000] "GET /admin/health_check HTTP/1.1" 200 8386 "http://localhost:81/admin/system_info" "Mozilla/5.0 (Windows NT 10.0; WOW64) AppleWebKit/537.36 (KHTML, like Gecko) Chrome/71.0.3578.98 Safari/537.36"
172.20.0.1 - - [03/Mar/2019:07:45:42 +0000] "GET /uploads/-/system/user/avatar/1/avatar.png?width=23 HTTP/1.1" 304 0 "http://localhost:81/admin/health_check" "Mozilla/5.0 (Windows NT 10.0; WOW64) AppleWebKit/537.36 (KHTML, like Gecko) Chrome/71.0.3578.98 Safari/537.36"
127.0.0.1 - - [03/Mar/2019:07:46:22 +0000] "GET /help HTTP/1.1" 200 78399 "" "curl/7.59.0-DEV"
172.20.0.1 - - [03/Mar/2019:07:46:31 +0000] "GET /users/sign_out HTTP/1.1" 302 99 "http://localhost:81/admin/health_check" "Mozilla/5.0 (Windows NT 10.0; WOW64) AppleWebKit/537.36 (KHTML, like Gecko) Chrome/71.0.3578.98 Safari/537.36"
172.20.0.1 - - [03/Mar/2019:07:46:31 +0000] "GET /users/sign_in HTTP/1.1" 200 4243 "http://localhost:81/admin/health_check" "Mozilla/5.0 (Windows NT 10.0; WOW64) AppleWebKit/537.36 (KHTML, like Gecko) Chrome/71.0.3578.98 Safari/537.36"
172.20.0.1 - - [03/Mar/2019:07:46:42 +0000] "POST /users/sign_in HTTP/1.1" 200 4300 "http://localhost:81/users/sign_in" "Mozilla/5.0 (Windows NT 10.0; WOW64) AppleWebKit/537.36 (KHTML, like Gecko) Chrome/71.0.3578.98 Safari/537.36"
172.20.0.1 - - [03/Mar/2019:07:46:47 +0000] "POST /users/sign_in HTTP/1.1" 200 4305 "http://localhost:81/users/sign_in" "Mozilla/5.0 (Windows NT 10.0; WOW64) AppleWebKit/537.36 (KHTML, like Gecko) Chrome/71.0.3578.98 Safari/537.36"
172.20.0.1 - - [03/Mar/2019:07:46:57 +0000] "POST /users/sign_in HTTP/1.1" 200 4308 "http://localhost:81/users/sign_in" "Mozilla/5.0 (Windows NT 10.0; WOW64) AppleWebKit/537.36 (KHTML, like Gecko) Chrome/71.0.3578.98 Safari/537.36"
172.20.0.1 - - [03/Mar/2019:07:47:05 +0000] "POST /users/sign_in HTTP/1.1" 302 86 "http://localhost:81/users/sign_in" "Mozilla/5.0 (Windows NT 10.0; WOW64) AppleWebKit/537.36 (KHTML, like Gecko) Chrome/71.0.3578.98 Safari/537.36"
172.20.0.1 - - [03/Mar/2019:07:47:05 +0000] "GET / HTTP/1.1" 200 8033 "http://localhost:81/users/sign_in" "Mozilla/5.0 (Windows NT 10.0; WOW64) AppleWebKit/537.36 (KHTML, like Gecko) Chrome/71.0.3578.98 Safari/537.36"
127.0.0.1 - - [03/Mar/2019:07:47:22 +0000] "GET /help HTTP/1.1" 200 78406 "" "curl/7.59.0-DEV"
127.0.0.1 - - [03/Mar/2019:07:48:23 +0000] "GET /help HTTP/1.1" 200 78405 "" "curl/7.59.0-DEV"
127.0.0.1 - - [03/Mar/2019:07:49:23 +0000] "GET /help HTTP/1.1" 200 78399 "" "curl/7.59.0-DEV"
172.20.0.1 - - [03/Mar/2019:07:49:59 +0000] "GET / HTTP/1.1" 200 8040 "" "Mozilla/5.0 (Windows NT 10.0; WOW64) AppleWebKit/537.36 (KHTML, like Gecko) Chrome/71.0.3578.98 Safari/537.36"
172.20.0.1 - - [03/Mar/2019:07:50:06 +0000] "GET /Carbons HTTP/1.1" 200 7170 "http://localhost:81/" "Mozilla/5.0 (Windows NT 10.0; WOW64) AppleWebKit/537.36 (KHTML, like Gecko) Chrome/71.0.3578.98 Safari/537.36"
172.20.0.1 - - [03/Mar/2019:07:50:06 +0000] "GET /users/Carbons/calendar.json HTTP/1.1" 200 2 "http://localhost:81/Carbons" "Mozilla/5.0 (Windows NT 10.0; WOW64) AppleWebKit/537.36 (KHTML, like Gecko) Chrome/71.0.3578.98 Safari/537.36"
172.20.0.1 - - [03/Mar/2019:07:50:06 +0000] "GET /Carbons?limit=10 HTTP/1.1" 200 793 "http://localhost:81/Carbons" "Mozilla/5.0 (Windows NT 10.0; WOW64) AppleWebKit/537.36 (KHTML, like Gecko) Chrome/71.0.3578.98 Safari/537.36"
172.20.0.1 - - [03/Mar/2019:07:50:06 +0000] "GET /users/Carbons/projects?limit=10&skip_pagination=true&skip_namespace=true&compact_mode=true HTTP/1.1" 200 832 "http://localhost:81/Carbons" "Mozilla/5.0 (Windows NT 10.0; WOW64) AppleWebKit/537.36 (KHTML, like Gecko) Chrome/71.0.3578.98 Safari/537.36"
172.20.0.1 - - [03/Mar/2019:07:50:10 +0000] "GET /profile HTTP/1.1" 200 10492 "http://localhost:81/Carbons" "Mozilla/5.0 (Windows NT 10.0; WOW64) AppleWebKit/537.36 (KHTML, like Gecko) Chrome/71.0.3578.98 Safari/537.36"
172.20.0.1 - - [03/Mar/2019:07:50:12 +0000] "GET /profile/account HTTP/1.1" 200 7957 "http://localhost:81/profile" "Mozilla/5.0 (Windows NT 10.0; WOW64) AppleWebKit/537.36 (KHTML, like Gecko) Chrome/71.0.3578.98 Safari/537.36"
172.20.0.1 - - [03/Mar/2019:07:50:15 +0000] "GET /profile/applications HTTP/1.1" 200 8092 "http://localhost:81/profile/account" "Mozilla/5.0 (Windows NT 10.0; WOW64) AppleWebKit/537.36 (KHTML, like Gecko) Chrome/71.0.3578.98 Safari/537.36"
172.20.0.1 - - [03/Mar/2019:07:50:16 +0000] "GET /profile/chat_names HTTP/1.1" 200 7396 "http://localhost:81/profile/applications" "Mozilla/5.0 (Windows NT 10.0; WOW64) AppleWebKit/537.36 (KHTML, like Gecko) Chrome/71.0.3578.98 Safari/537.36"
172.20.0.1 - - [03/Mar/2019:07:50:23 +0000] "GET /profile/preferences HTTP/1.1" 200 8989 "http://localhost:81/profile/chat_names" "Mozilla/5.0 (Windows NT 10.0; WOW64) AppleWebKit/537.36 (KHTML, like Gecko) Chrome/71.0.3578.98 Safari/537.36"
127.0.0.1 - - [03/Mar/2019:07:50:23 +0000] "GET /help HTTP/1.1" 200 78399 "" "curl/7.59.0-DEV"
172.20.0.1 - - [03/Mar/2019:07:50:50 +0000] "GET /profile HTTP/1.1" 200 10492 "http://localhost:81/profile/preferences" "Mozilla/5.0 (Windows NT 10.0; WOW64) AppleWebKit/537.36 (KHTML, like Gecko) Chrome/71.0.3578.98 Safari/537.36"
172.20.0.1 - - [03/Mar/2019:07:50:59 +0000] "GET /profile HTTP/1.1" 200 10494 "http://localhost:81/profile" "Mozilla/5.0 (Windows NT 10.0; WOW64) AppleWebKit/537.36 (KHTML, like Gecko) Chrome/71.0.3578.98 Safari/537.36"
172.20.0.1 - - [03/Mar/2019:07:51:02 +0000] "GET /profile/personal_access_tokens HTTP/1.1" 200 9077 "http://localhost:81/profile" "Mozilla/5.0 (Windows NT 10.0; WOW64) AppleWebKit/537.36 (KHTML, like Gecko) Chrome/71.0.3578.98 Safari/537.36"
127.0.0.1 - - [03/Mar/2019:07:51:24 +0000] "GET /help HTTP/1.1" 200 78399 "" "curl/7.59.0-DEV"
127.0.0.1 - - [03/Mar/2019:07:52:24 +0000] "GET /help HTTP/1.1" 200 78399 "" "curl/7.59.0-DEV"
172.20.0.1 - - [03/Mar/2019:07:53:12 +0000] "GET /profile/personal_access_tokens HTTP/1.1" 302 105 "" "Mozilla/5.0 (Macintosh; Intel Mac OS X 10_13_6) AppleWebKit/537.36 (KHTML, like Gecko) Chrome/72.0.3626.109 Safari/537.36"
172.20.0.1 - - [03/Mar/2019:07:53:12 +0000] "GET /users/sign_in HTTP/1.1" 200 4315 "" "Mozilla/5.0 (Macintosh; Intel Mac OS X 10_13_6) AppleWebKit/537.36 (KHTML, like Gecko) Chrome/72.0.3626.109 Safari/537.36"
172.20.0.1 - - [03/Mar/2019:07:53:12 +0000] "GET /assets/webpack/runtime.2758e43e.bundle.js HTTP/1.1" 200 1969 "http://192.168.112.232:81/users/sign_in" "Mozilla/5.0 (Macintosh; Intel Mac OS X 10_13_6) AppleWebKit/537.36 (KHTML, like Gecko) Chrome/72.0.3626.109 Safari/537.36"
172.20.0.1 - - [03/Mar/2019:07:53:12 +0000] "GET /assets/application-e26a276298f24265784769e832caf976e30efdf8b813712fba20da91fbf0e405.css HTTP/1.1" 200 133835 "http://192.168.112.232:81/users/sign_in" "Mozilla/5.0 (Macintosh; Intel Mac OS X 10_13_6) AppleWebKit/537.36 (KHTML, like Gecko) Chrome/72.0.3626.109 Safari/537.36"
172.20.0.1 - - [03/Mar/2019:07:53:12 +0000] "GET /assets/webpack/commons~pages.ldap.omniauth_callbacks~pages.omniauth_callbacks~pages.sessions~pages.sessions.new.72367e20.chunk.js HTTP/1.1" 200 3636 "http://192.168.112.232:81/users/sign_in" "Mozilla/5.0 (Macintosh; Intel Mac OS X 10_13_6) AppleWebKit/537.36 (KHTML, like Gecko) Chrome/72.0.3626.109 Safari/537.36"
172.20.0.1 - - [03/Mar/2019:07:53:12 +0000] "GET /assets/webpack/main.587b17f4.chunk.js HTTP/1.1" 200 365165 "http://192.168.112.232:81/users/sign_in" "Mozilla/5.0 (Macintosh; Intel Mac OS X 10_13_6) AppleWebKit/537.36 (KHTML, like Gecko) Chrome/72.0.3626.109 Safari/537.36"
172.20.0.1 - - [03/Mar/2019:07:53:12 +0000] "GET /assets/webpack/pages.sessions.new.cadfab4e.chunk.js HTTP/1.1" 200 1885 "http://192.168.112.232:81/users/sign_in" "Mozilla/5.0 (Macintosh; Intel Mac OS X 10_13_6) AppleWebKit/537.36 (KHTML, like Gecko) Chrome/72.0.3626.109 Safari/537.36"
172.20.0.1 - - [03/Mar/2019:07:53:12 +0000] "GET /assets/print-c8ff536271f8974b8a9a5f75c0ca25d2b8c1dceb4cff3c01d1603862a0bdcbfc.css HTTP/1.1" 200 384 "http://192.168.112.232:81/users/sign_in" "Mozilla/5.0 (Macintosh; Intel Mac OS X 10_13_6) AppleWebKit/537.36 (KHTML, like Gecko) Chrome/72.0.3626.109 Safari/537.36"
172.20.0.1 - - [03/Mar/2019:07:53:12 +0000] "GET /assets/favicon-7901bd695fb93edb07975966062049829afb56cf11511236e61bcf425070e36e.png HTTP/1.1" 200 1611 "http://192.168.112.232:81/users/sign_in" "Mozilla/5.0 (Macintosh; Intel Mac OS X 10_13_6) AppleWebKit/537.36 (KHTML, like Gecko) Chrome/72.0.3626.109 Safari/537.36"
127.0.0.1 - - [03/Mar/2019:07:53:25 +0000] "GET /help HTTP/1.1" 200 78399 "" "curl/7.59.0-DEV"
172.20.0.1 - - [03/Mar/2019:07:53:29 +0000] "POST /users/sign_in HTTP/1.1" 302 122 "http://192.168.112.232:81/users/sign_in" "Mozilla/5.0 (Macintosh; Intel Mac OS X 10_13_6) AppleWebKit/537.36 (KHTML, like Gecko) Chrome/72.0.3626.109 Safari/537.36"
172.20.0.1 - - [03/Mar/2019:07:53:29 +0000] "GET /profile/personal_access_tokens HTTP/1.1" 200 9075 "http://192.168.112.232:81/users/sign_in" "Mozilla/5.0 (Macintosh; Intel Mac OS X 10_13_6) AppleWebKit/537.36 (KHTML, like Gecko) Chrome/72.0.3626.109 Safari/537.36"
172.20.0.1 - - [03/Mar/2019:07:53:29 +0000] "GET /assets/webpack/commons~pages.profiles~pages.profiles.accounts.show~pages.profiles.index~pages.profiles.keys~pages.p~f2a26ee8.ee18bdd3.chunk.js HTTP/1.1" 200 11163 "http://192.168.112.232:81/profile/personal_access_tokens" "Mozilla/5.0 (Macintosh; Intel Mac OS X 10_13_6) AppleWebKit/537.36 (KHTML, like Gecko) Chrome/72.0.3626.109 Safari/537.36"
172.20.0.1 - - [03/Mar/2019:07:53:29 +0000] "GET /assets/locale/zh_CN/app-4f5e0aae1fcf6d90d2d3d323fa06080195aefe01e5811b59fe70055c0cdab946.js HTTP/1.1" 200 97621 "http://192.168.112.232:81/profile/personal_access_tokens" "Mozilla/5.0 (Macintosh; Intel Mac OS X 10_13_6) AppleWebKit/537.36 (KHTML, like Gecko) Chrome/72.0.3626.109 Safari/537.36"
172.20.0.1 - - [03/Mar/2019:07:53:29 +0000] "GET /assets/webpack/commons~pages.admin.impersonation_tokens~pages.profiles.personal_access_tokens~pages.projects.settin~fd092238.3f3ddd37.chunk.js HTTP/1.1" 200 8336 "http://192.168.112.232:81/profile/personal_access_tokens" "Mozilla/5.0 (Macintosh; Intel Mac OS X 10_13_6) AppleWebKit/537.36 (KHTML, like Gecko) Chrome/72.0.3626.109 Safari/537.36"
172.20.0.1 - - [03/Mar/2019:07:53:29 +0000] "GET /assets/webpack/pages.profiles.personal_access_tokens.436ef7b2.chunk.js HTTP/1.1" 200 337 "http://192.168.112.232:81/profile/personal_access_tokens" "Mozilla/5.0 (Macintosh; Intel Mac OS X 10_13_6) AppleWebKit/537.36 (KHTML, like Gecko) Chrome/72.0.3626.109 Safari/537.36"
172.20.0.1 - - [03/Mar/2019:07:53:29 +0000] "GET /assets/icons-24aaa921aa9e411162e6913688816c79861d0de4bee876cf6fc4c794be34ee91.svg HTTP/1.1" 200 32382 "http://192.168.112.232:81/profile/personal_access_tokens" "Mozilla/5.0 (Macintosh; Intel Mac OS X 10_13_6) AppleWebKit/537.36 (KHTML, like Gecko) Chrome/72.0.3626.109 Safari/537.36"
172.20.0.1 - - [03/Mar/2019:07:53:29 +0000] "GET /assets/fontawesome-webfont-2adefcbc041e7d18fcf2d417879dc5a09997aa64d675b7a3c4b6ce33da13f3fe.woff2 HTTP/1.1" 200 77160 "http://192.168.112.232:81/assets/application-e26a276298f24265784769e832caf976e30efdf8b813712fba20da91fbf0e405.css" "Mozilla/5.0 (Macintosh; Intel Mac OS X 10_13_6) AppleWebKit/537.36 (KHTML, like Gecko) Chrome/72.0.3626.109 Safari/537.36"
172.20.0.1 - - [03/Mar/2019:07:53:43 +0000] "GET /version HTTP/1.1" 302 105 "" "okhttp/2.7.5"
172.20.0.1 - - [03/Mar/2019:07:53:43 +0000] "GET /users/sign_in HTTP/1.1" 200 4253 "" "okhttp/2.7.5"
172.20.0.1 - - [03/Mar/2019:07:53:57 +0000] "GET /api/v4/version HTTP/1.1" 401 30 "" "okhttp/2.7.5"
127.0.0.1 - - [03/Mar/2019:07:54:25 +0000] "GET /help HTTP/1.1" 200 78406 "" "curl/7.59.0-DEV"
127.0.0.1 - - [03/Mar/2019:07:55:26 +0000] "GET /help HTTP/1.1" 200 78405 "" "curl/7.59.0-DEV"
127.0.0.1 - - [03/Mar/2019:07:56:26 +0000] "GET /help HTTP/1.1" 200 78399 "" "curl/7.59.0-DEV"
127.0.0.1 - - [03/Mar/2019:07:57:27 +0000] "GET /help HTTP/1.1" 200 78399 "" "curl/7.59.0-DEV"
127.0.0.1 - - [03/Mar/2019:07:58:27 +0000] "GET /help HTTP/1.1" 200 78399 "" "curl/7.59.0-DEV"
172.20.0.1 - - [03/Mar/2019:07:58:34 +0000] "GET /profile/personal_access_tokens HTTP/1.1" 200 9079 "" "Mozilla/5.0 (Macintosh; Intel Mac OS X 10_13_6) AppleWebKit/537.36 (KHTML, like Gecko) Chrome/72.0.3626.109 Safari/537.36"
172.20.0.1 - - [03/Mar/2019:07:58:53 +0000] "GET /api/v4/user?private_token=[FILTERED] HTTP/1.1" 401 30 "" "org.gitlab.api.GitlabAPI/1.8.0_152-release"
172.20.0.1 - - [03/Mar/2019:07:58:53 +0000] "GET /api/v4/user?private_token=[FILTERED] HTTP/1.1" 401 30 "" "org.gitlab.api.GitlabAPI/1.8.0_152-release"
172.20.0.1 - - [03/Mar/2019:07:58:54 +0000] "GET /api/v4/user?private_token=[FILTERED] HTTP/1.1" 401 30 "" "org.gitlab.api.GitlabAPI/1.8.0_152-release"
172.20.0.1 - - [03/Mar/2019:07:58:54 +0000] "GET /api/v4/user?private_token=[FILTERED] HTTP/1.1" 401 30 "" "org.gitlab.api.GitlabAPI/1.8.0_152-release"
172.20.0.1 - - [03/Mar/2019:07:58:54 +0000] "GET /api/v4/user?private_token=[FILTERED] HTTP/1.1" 401 30 "" "org.gitlab.api.GitlabAPI/1.8.0_152-release"
172.20.0.1 - - [03/Mar/2019:07:58:55 +0000] "GET /api/v4/user?private_token=[FILTERED] HTTP/1.1" 401 30 "" "org.gitlab.api.GitlabAPI/1.8.0_152-release"
172.20.0.1 - - [03/Mar/2019:07:58:55 +0000] "GET /api/v4/user?private_token=[FILTERED] HTTP/1.1" 401 30 "" "org.gitlab.api.GitlabAPI/1.8.0_152-release"
172.20.0.1 - - [03/Mar/2019:07:58:55 +0000] "GET /api/v4/user?private_token=[FILTERED] HTTP/1.1" 401 30 "" "org.gitlab.api.GitlabAPI/1.8.0_152-release"
172.20.0.1 - - [03/Mar/2019:07:58:55 +0000] "GET /api/v4/user?private_token=[FILTERED] HTTP/1.1" 401 30 "" "org.gitlab.api.GitlabAPI/1.8.0_152-release"
172.20.0.1 - - [03/Mar/2019:07:58:56 +0000] "GET /api/v4/user?private_token=[FILTERED] HTTP/1.1" 401 30 "" "org.gitlab.api.GitlabAPI/1.8.0_152-release"
172.20.0.1 - - [03/Mar/2019:07:58:56 +0000] "GET /api/v4/user?private_token=[FILTERED] HTTP/1.1" 401 30 "" "org.gitlab.api.GitlabAPI/1.8.0_152-release"
172.20.0.1 - - [03/Mar/2019:07:58:56 +0000] "GET /api/v4/user?private_token=[FILTERED] HTTP/1.1" 401 30 "" "org.gitlab.api.GitlabAPI/1.8.0_152-release"
172.20.0.1 - - [03/Mar/2019:07:58:57 +0000] "GET /api/v4/user?private_token=[FILTERED] HTTP/1.1" 401 30 "" "org.gitlab.api.GitlabAPI/1.8.0_152-release"
172.20.0.1 - - [03/Mar/2019:07:58:57 +0000] "GET /api/v4/user?private_token=[FILTERED] HTTP/1.1" 401 30 "" "org.gitlab.api.GitlabAPI/1.8.0_152-release"
172.20.0.1 - - [03/Mar/2019:07:58:57 +0000] "GET /api/v4/user?private_token=[FILTERED] HTTP/1.1" 401 30 "" "org.gitlab.api.GitlabAPI/1.8.0_152-release"
172.20.0.1 - - [03/Mar/2019:07:58:58 +0000] "GET /api/v4/user?private_token=[FILTERED] HTTP/1.1" 401 30 "" "org.gitlab.api.GitlabAPI/1.8.0_152-release"
172.20.0.1 - - [03/Mar/2019:07:59:18 +0000] "GET /profile/account HTTP/1.1" 200 7954 "http://192.168.112.232:81/profile/personal_access_tokens" "Mozilla/5.0 (Macintosh; Intel Mac OS X 10_13_6) AppleWebKit/537.36 (KHTML, like Gecko) Chrome/72.0.3626.109 Safari/537.36"
172.20.0.1 - - [03/Mar/2019:07:59:18 +0000] "GET /assets/webpack/pages.profiles.accounts.show.12590054.chunk.js HTTP/1.1" 200 3393 "http://192.168.112.232:81/profile/account" "Mozilla/5.0 (Macintosh; Intel Mac OS X 10_13_6) AppleWebKit/537.36 (KHTML, like Gecko) Chrome/72.0.3626.109 Safari/537.36"
127.0.0.1 - - [03/Mar/2019:07:59:28 +0000] "GET /help HTTP/1.1" 200 78399 "" "curl/7.59.0-DEV"
172.20.0.1 - - [03/Mar/2019:07:59:34 +0000] "GET /profile/two_factor_auth HTTP/1.1" 200 16671 "http://192.168.112.232:81/profile/account" "Mozilla/5.0 (Macintosh; Intel Mac OS X 10_13_6) AppleWebKit/537.36 (KHTML, like Gecko) Chrome/72.0.3626.109 Safari/537.36"
172.20.0.1 - - [03/Mar/2019:07:59:34 +0000] "GET /assets/webpack/pages.profiles.two_factor_auths.af3aab1c.chunk.js HTTP/1.1" 200 3735 "http://192.168.112.232:81/profile/two_factor_auth" "Mozilla/5.0 (Macintosh; Intel Mac OS X 10_13_6) AppleWebKit/537.36 (KHTML, like Gecko) Chrome/72.0.3626.109 Safari/537.36"
172.20.0.1 - - [03/Mar/2019:08:00:10 +0000] "GET /profile/personal_access_tokens HTTP/1.1" 200 9068 "http://192.168.112.232:81/profile/two_factor_auth" "Mozilla/5.0 (Macintosh; Intel Mac OS X 10_13_6) AppleWebKit/537.36 (KHTML, like Gecko) Chrome/72.0.3626.109 Safari/537.36"
127.0.0.1 - - [03/Mar/2019:08:00:28 +0000] "GET /help HTTP/1.1" 200 78399 "" "curl/7.59.0-DEV"
172.20.0.1 - - [03/Mar/2019:08:01:20 +0000] "GET /profile/personal_access_tokens HTTP/1.1" 200 9071 "http://192.168.112.232:81/profile/personal_access_tokens" "Mozilla/5.0 (Macintosh; Intel Mac OS X 10_13_6) AppleWebKit/537.36 (KHTML, like Gecko) Chrome/72.0.3626.109 Safari/537.36"
172.20.0.1 - - [03/Mar/2019:08:01:25 +0000] "GET /Carbons HTTP/1.1" 200 7170 "http://192.168.112.232:81/profile/personal_access_tokens" "Mozilla/5.0 (Macintosh; Intel Mac OS X 10_13_6) AppleWebKit/537.36 (KHTML, like Gecko) Chrome/72.0.3626.109 Safari/537.36"
172.20.0.1 - - [03/Mar/2019:08:01:25 +0000] "GET /assets/webpack/pages.users.8a631183.chunk.js HTTP/1.1" 200 31269 "http://192.168.112.232:81/Carbons" "Mozilla/5.0 (Macintosh; Intel Mac OS X 10_13_6) AppleWebKit/537.36 (KHTML, like Gecko) Chrome/72.0.3626.109 Safari/537.36"
172.20.0.1 - - [03/Mar/2019:08:01:26 +0000] "GET /users/Carbons/calendar.json HTTP/1.1" 200 2 "http://192.168.112.232:81/Carbons" "Mozilla/5.0 (Macintosh; Intel Mac OS X 10_13_6) AppleWebKit/537.36 (KHTML, like Gecko) Chrome/72.0.3626.109 Safari/537.36"
172.20.0.1 - - [03/Mar/2019:08:01:26 +0000] "GET /Carbons?limit=10 HTTP/1.1" 200 793 "http://192.168.112.232:81/Carbons" "Mozilla/5.0 (Macintosh; Intel Mac OS X 10_13_6) AppleWebKit/537.36 (KHTML, like Gecko) Chrome/72.0.3626.109 Safari/537.36"
172.20.0.1 - - [03/Mar/2019:08:01:26 +0000] "GET /users/Carbons/projects?limit=10&skip_pagination=true&skip_namespace=true&compact_mode=true HTTP/1.1" 200 832 "http://192.168.112.232:81/Carbons" "Mozilla/5.0 (Macintosh; Intel Mac OS X 10_13_6) AppleWebKit/537.36 (KHTML, like Gecko) Chrome/72.0.3626.109 Safari/537.36"
172.20.0.1 - - [03/Mar/2019:08:01:26 +0000] "GET /assets/illustrations/profile-page/activity-dbac542049ebca109b68fb60534c3c894ee3ca4b2888af583448e1da6284736c.svg HTTP/1.1" 200 409 "http://192.168.112.232:81/Carbons" "Mozilla/5.0 (Macintosh; Intel Mac OS X 10_13_6) AppleWebKit/537.36 (KHTML, like Gecko) Chrome/72.0.3626.109 Safari/537.36"
172.20.0.1 - - [03/Mar/2019:08:01:26 +0000] "GET /assets/illustrations/profile-page/personal-project-6c5243827e6334c455d16239f826853e3353d740c40f39e026c60cf45c1552ae.svg HTTP/1.1" 200 512 "http://192.168.112.232:81/Carbons" "Mozilla/5.0 (Macintosh; Intel Mac OS X 10_13_6) AppleWebKit/537.36 (KHTML, like Gecko) Chrome/72.0.3626.109 Safari/537.36"
127.0.0.1 - - [03/Mar/2019:08:01:28 +0000] "GET /help HTTP/1.1" 200 78399 "" "curl/7.59.0-DEV"
172.20.0.1 - - [03/Mar/2019:08:01:31 +0000] "GET /Carbons HTTP/1.1" 200 7172 "http://192.168.112.232:81/Carbons" "Mozilla/5.0 (Macintosh; Intel Mac OS X 10_13_6) AppleWebKit/537.36 (KHTML, like Gecko) Chrome/72.0.3626.109 Safari/537.36"
172.20.0.1 - - [03/Mar/2019:08:01:31 +0000] "GET /users/Carbons/calendar.json HTTP/1.1" 200 2 "http://192.168.112.232:81/Carbons" "Mozilla/5.0 (Macintosh; Intel Mac OS X 10_13_6) AppleWebKit/537.36 (KHTML, like Gecko) Chrome/72.0.3626.109 Safari/537.36"
172.20.0.1 - - [03/Mar/2019:08:01:31 +0000] "GET /Carbons?limit=10 HTTP/1.1" 200 793 "http://192.168.112.232:81/Carbons" "Mozilla/5.0 (Macintosh; Intel Mac OS X 10_13_6) AppleWebKit/537.36 (KHTML, like Gecko) Chrome/72.0.3626.109 Safari/537.36"
172.20.0.1 - - [03/Mar/2019:08:01:31 +0000] "GET /users/Carbons/projects?limit=10&skip_pagination=true&skip_namespace=true&compact_mode=true HTTP/1.1" 200 832 "http://192.168.112.232:81/Carbons" "Mozilla/5.0 (Macintosh; Intel Mac OS X 10_13_6) AppleWebKit/537.36 (KHTML, like Gecko) Chrome/72.0.3626.109 Safari/537.36"
172.20.0.1 - - [03/Mar/2019:08:01:37 +0000] "GET /profile HTTP/1.1" 200 10491 "http://192.168.112.232:81/Carbons" "Mozilla/5.0 (Macintosh; Intel Mac OS X 10_13_6) AppleWebKit/537.36 (KHTML, like Gecko) Chrome/72.0.3626.109 Safari/537.36"
172.20.0.1 - - [03/Mar/2019:08:01:37 +0000] "GET /assets/webpack/pages.profiles.show.2964372c.chunk.js HTTP/1.1" 200 3128 "http://192.168.112.232:81/profile" "Mozilla/5.0 (Macintosh; Intel Mac OS X 10_13_6) AppleWebKit/537.36 (KHTML, like Gecko) Chrome/72.0.3626.109 Safari/537.36"
172.20.0.1 - - [03/Mar/2019:08:01:38 +0000] "GET /assets/webpack/vendors~select2.6251063d.chunk.js HTTP/1.1" 200 17943 "http://192.168.112.232:81/profile" "Mozilla/5.0 (Macintosh; Intel Mac OS X 10_13_6) AppleWebKit/537.36 (KHTML, like Gecko) Chrome/72.0.3626.109 Safari/537.36"
172.20.0.1 - - [03/Mar/2019:08:01:38 +0000] "GET /assets/select2x2-6fe28d687dc0ed4d96016238c608ba1e7198c9c9accfa0b360b78018b9fb9bc2.png HTTP/1.1" 200 845 "http://192.168.112.232:81/assets/application-e26a276298f24265784769e832caf976e30efdf8b813712fba20da91fbf0e405.css" "Mozilla/5.0 (Macintosh; Intel Mac OS X 10_13_6) AppleWebKit/537.36 (KHTML, like Gecko) Chrome/72.0.3626.109 Safari/537.36"
