127.0.0.1 - - [03/Mar/2019:06:40:46 +0000] "GET /help HTTP/1.1" 502 2940 "" "curl/7.59.0-DEV"
127.0.0.1 - - [03/Mar/2019:06:41:47 +0000] "GET /help HTTP/1.1" 200 78406 "" "curl/7.59.0-DEV"
127.0.0.1 - - [03/Mar/2019:06:42:47 +0000] "GET /help HTTP/1.1" 200 78406 "" "curl/7.59.0-DEV"
127.0.0.1 - - [03/Mar/2019:06:43:49 +0000] "GET /help HTTP/1.1" 200 78399 "" "curl/7.59.0-DEV"
127.0.0.1 - - [03/Mar/2019:06:44:49 +0000] "GET /help HTTP/1.1" 200 78406 "" "curl/7.59.0-DEV"
127.0.0.1 - - [03/Mar/2019:06:45:51 +0000] "GET /help HTTP/1.1" 200 78406 "" "curl/7.59.0-DEV"
127.0.0.1 - - [03/Mar/2019:06:46:52 +0000] "GET /help HTTP/1.1" 200 78406 "" "curl/7.59.0-DEV"
127.0.0.1 - - [03/Mar/2019:06:47:54 +0000] "GET /help HTTP/1.1" 200 78406 "" "curl/7.59.0-DEV"
127.0.0.1 - - [03/Mar/2019:06:48:54 +0000] "GET /help HTTP/1.1" 200 78406 "" "curl/7.59.0-DEV"
127.0.0.1 - - [03/Mar/2019:06:49:55 +0000] "GET /help HTTP/1.1" 200 78399 "" "curl/7.59.0-DEV"
127.0.0.1 - - [03/Mar/2019:06:50:56 +0000] "GET /help HTTP/1.1" 200 78399 "" "curl/7.59.0-DEV"
127.0.0.1 - - [03/Mar/2019:06:51:56 +0000] "GET /help HTTP/1.1" 200 78399 "" "curl/7.59.0-DEV"
127.0.0.1 - - [03/Mar/2019:06:52:57 +0000] "GET /help HTTP/1.1" 200 78406 "" "curl/7.59.0-DEV"
127.0.0.1 - - [03/Mar/2019:06:53:57 +0000] "GET /help HTTP/1.1" 200 78399 "" "curl/7.59.0-DEV"
127.0.0.1 - - [03/Mar/2019:06:54:58 +0000] "GET /help HTTP/1.1" 200 78399 "" "curl/7.59.0-DEV"
127.0.0.1 - - [03/Mar/2019:06:55:58 +0000] "GET /help HTTP/1.1" 200 78399 "" "curl/7.59.0-DEV"
172.20.0.1 - - [03/Mar/2019:06:56:16 +0000] "GET / HTTP/1.1" 302 99 "" "Mozilla/5.0 (Windows NT 10.0; Win64; x64) AppleWebKit/537.36 (KHTML, like Gecko) Kitematic/0.17.6 Chrome/59.0.3071.115 Electron/1.8.8 Safari/537.36"
172.20.0.1 - - [03/Mar/2019:06:56:17 +0000] "GET /users/sign_in HTTP/1.1" 302 147 "" "Mozilla/5.0 (Windows NT 10.0; Win64; x64) AppleWebKit/537.36 (KHTML, like Gecko) Kitematic/0.17.6 Chrome/59.0.3071.115 Electron/1.8.8 Safari/537.36"
172.20.0.1 - - [03/Mar/2019:06:56:19 +0000] "GET /users/password/edit?reset_password_token=ox-BLfusfEerFURM7p-3 HTTP/1.1" 200 3556 "" "Mozilla/5.0 (Windows NT 10.0; Win64; x64) AppleWebKit/537.36 (KHTML, like Gecko) Kitematic/0.17.6 Chrome/59.0.3071.115 Electron/1.8.8 Safari/537.36"
172.20.0.1 - - [03/Mar/2019:06:56:22 +0000] "GET / HTTP/1.1" 302 99 "" "Mozilla/5.0 (Windows NT 10.0; WOW64) AppleWebKit/537.36 (KHTML, like Gecko) Chrome/71.0.3578.98 Safari/537.36"
172.20.0.1 - - [03/Mar/2019:06:56:22 +0000] "GET /users/sign_in HTTP/1.1" 302 147 "" "Mozilla/5.0 (Windows NT 10.0; WOW64) AppleWebKit/537.36 (KHTML, like Gecko) Chrome/71.0.3578.98 Safari/537.36"
172.20.0.1 - - [03/Mar/2019:06:56:22 +0000] "GET /users/password/edit?reset_password_token=UsJ3goKi29-HsxZ1VhHH HTTP/1.1" 200 3556 "" "Mozilla/5.0 (Windows NT 10.0; WOW64) AppleWebKit/537.36 (KHTML, like Gecko) Chrome/71.0.3578.98 Safari/537.36"
172.20.0.1 - - [03/Mar/2019:06:56:22 +0000] "GET /assets/webpack/runtime.2758e43e.bundle.js HTTP/1.1" 200 1969 "http://localhost:81/users/password/edit" "Mozilla/5.0 (Windows NT 10.0; WOW64) AppleWebKit/537.36 (KHTML, like Gecko) Chrome/71.0.3578.98 Safari/537.36"
172.20.0.1 - - [03/Mar/2019:06:56:22 +0000] "GET /assets/application-e26a276298f24265784769e832caf976e30efdf8b813712fba20da91fbf0e405.css HTTP/1.1" 200 133835 "http://localhost:81/users/password/edit" "Mozilla/5.0 (Windows NT 10.0; WOW64) AppleWebKit/537.36 (KHTML, like Gecko) Chrome/71.0.3578.98 Safari/537.36"
172.20.0.1 - - [03/Mar/2019:06:56:22 +0000] "GET /assets/webpack/main.587b17f4.chunk.js HTTP/1.1" 200 365160 "http://localhost:81/users/password/edit" "Mozilla/5.0 (Windows NT 10.0; WOW64) AppleWebKit/537.36 (KHTML, like Gecko) Chrome/71.0.3578.98 Safari/537.36"
172.20.0.1 - - [03/Mar/2019:06:56:22 +0000] "GET /assets/webpack/default.18d7b4f9.chunk.js HTTP/1.1" 200 159 "http://localhost:81/users/password/edit" "Mozilla/5.0 (Windows NT 10.0; WOW64) AppleWebKit/537.36 (KHTML, like Gecko) Chrome/71.0.3578.98 Safari/537.36"
172.20.0.1 - - [03/Mar/2019:06:56:22 +0000] "GET /assets/print-c8ff536271f8974b8a9a5f75c0ca25d2b8c1dceb4cff3c01d1603862a0bdcbfc.css HTTP/1.1" 200 384 "http://localhost:81/users/password/edit" "Mozilla/5.0 (Windows NT 10.0; WOW64) AppleWebKit/537.36 (KHTML, like Gecko) Chrome/71.0.3578.98 Safari/537.36"
172.20.0.1 - - [03/Mar/2019:06:56:35 +0000] "POST /users/password HTTP/1.1" 302 99 "http://localhost:81/users/password/edit" "Mozilla/5.0 (Windows NT 10.0; WOW64) AppleWebKit/537.36 (KHTML, like Gecko) Chrome/71.0.3578.98 Safari/537.36"
172.20.0.1 - - [03/Mar/2019:06:56:37 +0000] "GET /users/sign_in HTTP/1.1" 200 4308 "http://localhost:81/users/password/edit" "Mozilla/5.0 (Windows NT 10.0; WOW64) AppleWebKit/537.36 (KHTML, like Gecko) Chrome/71.0.3578.98 Safari/537.36"
172.20.0.1 - - [03/Mar/2019:06:56:37 +0000] "GET /assets/webpack/pages.sessions.new.cadfab4e.chunk.js HTTP/1.1" 200 1885 "http://localhost:81/users/sign_in" "Mozilla/5.0 (Windows NT 10.0; WOW64) AppleWebKit/537.36 (KHTML, like Gecko) Chrome/71.0.3578.98 Safari/537.36"
172.20.0.1 - - [03/Mar/2019:06:56:37 +0000] "GET /assets/webpack/commons~pages.ldap.omniauth_callbacks~pages.omniauth_callbacks~pages.sessions~pages.sessions.new.72367e20.chunk.js HTTP/1.1" 200 3636 "http://localhost:81/users/sign_in" "Mozilla/5.0 (Windows NT 10.0; WOW64) AppleWebKit/537.36 (KHTML, like Gecko) Chrome/71.0.3578.98 Safari/537.36"
172.20.0.1 - - [03/Mar/2019:06:56:46 +0000] "POST /users/sign_in HTTP/1.1" 200 4318 "http://localhost:81/users/sign_in" "Mozilla/5.0 (Windows NT 10.0; WOW64) AppleWebKit/537.36 (KHTML, like Gecko) Chrome/71.0.3578.98 Safari/537.36"
127.0.0.1 - - [03/Mar/2019:06:56:59 +0000] "GET /help HTTP/1.1" 200 78406 "" "curl/7.59.0-DEV"
172.20.0.1 - - [03/Mar/2019:06:57:00 +0000] "GET /users/duanshutao/exists HTTP/1.1" 200 16 "http://localhost:81/users/sign_in" "Mozilla/5.0 (Windows NT 10.0; WOW64) AppleWebKit/537.36 (KHTML, like Gecko) Chrome/71.0.3578.98 Safari/537.36"
172.20.0.1 - - [03/Mar/2019:06:57:05 +0000] "GET /users/Carbon/exists HTTP/1.1" 200 16 "http://localhost:81/users/sign_in" "Mozilla/5.0 (Windows NT 10.0; WOW64) AppleWebKit/537.36 (KHTML, like Gecko) Chrome/71.0.3578.98 Safari/537.36"
172.20.0.1 - - [03/Mar/2019:06:57:47 +0000] "GET /users/Carbons/exists HTTP/1.1" 200 16 "http://localhost:81/users/sign_in" "Mozilla/5.0 (Windows NT 10.0; WOW64) AppleWebKit/537.36 (KHTML, like Gecko) Chrome/71.0.3578.98 Safari/537.36"
172.20.0.1 - - [03/Mar/2019:06:57:49 +0000] "POST /users HTTP/1.1" 302 104 "http://localhost:81/users/sign_in" "Mozilla/5.0 (Windows NT 10.0; WOW64) AppleWebKit/537.36 (KHTML, like Gecko) Chrome/71.0.3578.98 Safari/537.36"
172.20.0.1 - - [03/Mar/2019:06:57:50 +0000] "GET /dashboard/projects HTTP/1.1" 200 7800 "http://localhost:81/users/sign_in" "Mozilla/5.0 (Windows NT 10.0; WOW64) AppleWebKit/537.36 (KHTML, like Gecko) Chrome/71.0.3578.98 Safari/537.36"
172.20.0.1 - - [03/Mar/2019:06:57:50 +0000] "GET /assets/webpack/pages.dashboard.projects.c0813d3a.chunk.js HTTP/1.1" 200 1118 "http://localhost:81/dashboard/projects" "Mozilla/5.0 (Windows NT 10.0; WOW64) AppleWebKit/537.36 (KHTML, like Gecko) Chrome/71.0.3578.98 Safari/537.36"
172.20.0.1 - - [03/Mar/2019:06:57:50 +0000] "GET /assets/icons-24aaa921aa9e411162e6913688816c79861d0de4bee876cf6fc4c794be34ee91.svg HTTP/1.1" 200 32382 "http://localhost:81/dashboard/projects" "Mozilla/5.0 (Windows NT 10.0; WOW64) AppleWebKit/537.36 (KHTML, like Gecko) Chrome/71.0.3578.98 Safari/537.36"
127.0.0.1 - - [03/Mar/2019:06:57:59 +0000] "GET /help HTTP/1.1" 200 78406 "" "curl/7.59.0-DEV"
172.20.0.1 - - [03/Mar/2019:06:58:09 +0000] "GET /profile HTTP/1.1" 200 10007 "http://localhost:81/dashboard/projects" "Mozilla/5.0 (Windows NT 10.0; WOW64) AppleWebKit/537.36 (KHTML, like Gecko) Chrome/71.0.3578.98 Safari/537.36"
172.20.0.1 - - [03/Mar/2019:06:58:09 +0000] "GET /assets/webpack/pages.profiles.show.2964372c.chunk.js HTTP/1.1" 200 3128 "http://localhost:81/profile" "Mozilla/5.0 (Windows NT 10.0; WOW64) AppleWebKit/537.36 (KHTML, like Gecko) Chrome/71.0.3578.98 Safari/537.36"
172.20.0.1 - - [03/Mar/2019:06:58:09 +0000] "GET /assets/webpack/commons~pages.profiles~pages.profiles.accounts.show~pages.profiles.index~pages.profiles.keys~pages.p~f2a26ee8.ee18bdd3.chunk.js HTTP/1.1" 200 11163 "http://localhost:81/profile" "Mozilla/5.0 (Windows NT 10.0; WOW64) AppleWebKit/537.36 (KHTML, like Gecko) Chrome/71.0.3578.98 Safari/537.36"
172.20.0.1 - - [03/Mar/2019:06:58:10 +0000] "GET /assets/fontawesome-webfont-2adefcbc041e7d18fcf2d417879dc5a09997aa64d675b7a3c4b6ce33da13f3fe.woff2 HTTP/1.1" 200 77160 "http://localhost:81/assets/application-e26a276298f24265784769e832caf976e30efdf8b813712fba20da91fbf0e405.css" "Mozilla/5.0 (Windows NT 10.0; WOW64) AppleWebKit/537.36 (KHTML, like Gecko) Chrome/71.0.3578.98 Safari/537.36"
172.20.0.1 - - [03/Mar/2019:06:58:10 +0000] "GET /assets/webpack/vendors~select2.6251063d.chunk.js HTTP/1.1" 200 17943 "http://localhost:81/profile" "Mozilla/5.0 (Windows NT 10.0; WOW64) AppleWebKit/537.36 (KHTML, like Gecko) Chrome/71.0.3578.98 Safari/537.36"
172.20.0.1 - - [03/Mar/2019:06:58:10 +0000] "GET /assets/select2-d6b5d8d83dbc18fb8d77c8761d331cd9e5123c9684950bab0406e98a24ac5ae8.png HTTP/1.1" 200 613 "http://localhost:81/assets/application-e26a276298f24265784769e832caf976e30efdf8b813712fba20da91fbf0e405.css" "Mozilla/5.0 (Windows NT 10.0; WOW64) AppleWebKit/537.36 (KHTML, like Gecko) Chrome/71.0.3578.98 Safari/537.36"
172.20.0.1 - - [03/Mar/2019:06:58:12 +0000] "GET /profile/account HTTP/1.1" 200 7543 "http://localhost:81/profile" "Mozilla/5.0 (Windows NT 10.0; WOW64) AppleWebKit/537.36 (KHTML, like Gecko) Chrome/71.0.3578.98 Safari/537.36"
172.20.0.1 - - [03/Mar/2019:06:58:12 +0000] "GET /assets/webpack/pages.profiles.accounts.show.12590054.chunk.js HTTP/1.1" 200 3393 "http://localhost:81/profile/account" "Mozilla/5.0 (Windows NT 10.0; WOW64) AppleWebKit/537.36 (KHTML, like Gecko) Chrome/71.0.3578.98 Safari/537.36"
172.20.0.1 - - [03/Mar/2019:06:58:22 +0000] "GET /profile/emails HTTP/1.1" 200 7547 "http://localhost:81/profile/account" "Mozilla/5.0 (Windows NT 10.0; WOW64) AppleWebKit/537.36 (KHTML, like Gecko) Chrome/71.0.3578.98 Safari/537.36"
172.20.0.1 - - [03/Mar/2019:06:58:22 +0000] "GET /assets/webpack/pages.profiles.c73b0b80.chunk.js HTTP/1.1" 200 175 "http://localhost:81/profile/emails" "Mozilla/5.0 (Windows NT 10.0; WOW64) AppleWebKit/537.36 (KHTML, like Gecko) Chrome/71.0.3578.98 Safari/537.36"
172.20.0.1 - - [03/Mar/2019:06:58:46 +0000] "GET /dashboard/activity HTTP/1.1" 200 6346 "http://localhost:81/profile/emails" "Mozilla/5.0 (Windows NT 10.0; WOW64) AppleWebKit/537.36 (KHTML, like Gecko) Chrome/71.0.3578.98 Safari/537.36"
172.20.0.1 - - [03/Mar/2019:06:58:46 +0000] "GET /assets/webpack/pages.dashboard.activity.7e903a32.chunk.js HTTP/1.1" 200 1321 "http://localhost:81/dashboard/activity" "Mozilla/5.0 (Windows NT 10.0; WOW64) AppleWebKit/537.36 (KHTML, like Gecko) Chrome/71.0.3578.98 Safari/537.36"
172.20.0.1 - - [03/Mar/2019:06:58:46 +0000] "GET /dashboard/activity?limit=20&offset=0 HTTP/1.1" 200 522 "http://localhost:81/dashboard/activity" "Mozilla/5.0 (Windows NT 10.0; WOW64) AppleWebKit/537.36 (KHTML, like Gecko) Chrome/71.0.3578.98 Safari/537.36"
172.20.0.1 - - [03/Mar/2019:06:58:46 +0000] "GET /assets/illustrations/profile-page/activity-dbac542049ebca109b68fb60534c3c894ee3ca4b2888af583448e1da6284736c.svg HTTP/1.1" 200 409 "http://localhost:81/dashboard/activity" "Mozilla/5.0 (Windows NT 10.0; WOW64) AppleWebKit/537.36 (KHTML, like Gecko) Chrome/71.0.3578.98 Safari/537.36"
172.20.0.1 - - [03/Mar/2019:06:58:48 +0000] "GET /dashboard/milestones HTTP/1.1" 200 6122 "http://localhost:81/dashboard/activity" "Mozilla/5.0 (Windows NT 10.0; WOW64) AppleWebKit/537.36 (KHTML, like Gecko) Chrome/71.0.3578.98 Safari/537.36"
172.20.0.1 - - [03/Mar/2019:06:58:48 +0000] "GET /assets/webpack/pages.dashboard.milestones.index.52630634.chunk.js HTTP/1.1" 200 1730 "http://localhost:81/dashboard/milestones" "Mozilla/5.0 (Windows NT 10.0; WOW64) AppleWebKit/537.36 (KHTML, like Gecko) Chrome/71.0.3578.98 Safari/537.36"
172.20.0.1 - - [03/Mar/2019:06:58:49 +0000] "GET / HTTP/1.1" 200 7733 "http://localhost:81/dashboard/milestones" "Mozilla/5.0 (Windows NT 10.0; WOW64) AppleWebKit/537.36 (KHTML, like Gecko) Chrome/71.0.3578.98 Safari/537.36"
172.20.0.1 - - [03/Mar/2019:06:58:49 +0000] "GET /assets/webpack/pages.root.af0afbf4.chunk.js HTTP/1.1" 200 1120 "http://localhost:81/" "Mozilla/5.0 (Windows NT 10.0; WOW64) AppleWebKit/537.36 (KHTML, like Gecko) Chrome/71.0.3578.98 Safari/537.36"
172.20.0.1 - - [03/Mar/2019:06:58:52 +0000] "GET /projects/new HTTP/1.1" 200 12534 "http://localhost:81/" "Mozilla/5.0 (Windows NT 10.0; WOW64) AppleWebKit/537.36 (KHTML, like Gecko) Chrome/71.0.3578.98 Safari/537.36"
172.20.0.1 - - [03/Mar/2019:06:58:52 +0000] "GET /assets/webpack/commons~pages.groups~pages.groups.activity~pages.groups.boards~pages.groups.clusters.destroy~pages.g~99a59a9e.dd9cf9fb.chunk.js HTTP/1.1" 200 5040 "http://localhost:81/projects/new" "Mozilla/5.0 (Windows NT 10.0; WOW64) AppleWebKit/537.36 (KHTML, like Gecko) Chrome/71.0.3578.98 Safari/537.36"
172.20.0.1 - - [03/Mar/2019:06:58:52 +0000] "GET /assets/webpack/pages.projects.new.43aae69e.chunk.js HTTP/1.1" 200 4809 "http://localhost:81/projects/new" "Mozilla/5.0 (Windows NT 10.0; WOW64) AppleWebKit/537.36 (KHTML, like Gecko) Chrome/71.0.3578.98 Safari/537.36"
127.0.0.1 - - [03/Mar/2019:06:59:00 +0000] "GET /help HTTP/1.1" 200 78399 "" "curl/7.59.0-DEV"
172.20.0.1 - - [03/Mar/2019:06:59:34 +0000] "GET /assets/illustrations/logos/express-1dad8eb4e301d1dc7498a602980544eb4417d39bcb1543f1a7a80deb850cfd09.svg HTTP/1.1" 200 641 "http://localhost:81/projects/new" "Mozilla/5.0 (Windows NT 10.0; WOW64) AppleWebKit/537.36 (KHTML, like Gecko) Chrome/71.0.3578.98 Safari/537.36"
172.20.0.1 - - [03/Mar/2019:06:59:34 +0000] "GET /assets/illustrations/logos/spring-2bdaadb32ec5a2cc8d1c3aa1e8b4a3151480b8c9a5daf1f5d3baf4259f2f8b19.svg HTTP/1.1" 200 520 "http://localhost:81/projects/new" "Mozilla/5.0 (Windows NT 10.0; WOW64) AppleWebKit/537.36 (KHTML, like Gecko) Chrome/71.0.3578.98 Safari/537.36"
172.20.0.1 - - [03/Mar/2019:06:59:34 +0000] "GET /assets/illustrations/logos/rails-ad2db7fbdff19b211f5933091193d16a6a820ea3a61b233fb98318be9114e1f9.svg HTTP/1.1" 200 727 "http://localhost:81/projects/new" "Mozilla/5.0 (Windows NT 10.0; WOW64) AppleWebKit/537.36 (KHTML, like Gecko) Chrome/71.0.3578.98 Safari/537.36"
172.20.0.1 - - [03/Mar/2019:06:59:34 +0000] "GET /assets/illustrations/gitlab_logo-dc1372a1592f9b4a1c0c0f4f89442d0084a4d1527c8c23413b9ef2ffcde78645.svg HTTP/1.1" 200 440 "http://localhost:81/projects/new" "Mozilla/5.0 (Windows NT 10.0; WOW64) AppleWebKit/537.36 (KHTML, like Gecko) Chrome/71.0.3578.98 Safari/537.36"
127.0.0.1 - - [03/Mar/2019:07:00:00 +0000] "GET /help HTTP/1.1" 200 78406 "" "curl/7.59.0-DEV"
127.0.0.1 - - [03/Mar/2019:07:01:01 +0000] "GET /help HTTP/1.1" 200 78406 "" "curl/7.59.0-DEV"
127.0.0.1 - - [03/Mar/2019:07:02:01 +0000] "GET /help HTTP/1.1" 200 78399 "" "curl/7.59.0-DEV"
127.0.0.1 - - [03/Mar/2019:07:03:01 +0000] "GET /help HTTP/1.1" 200 78399 "" "curl/7.59.0-DEV"
127.0.0.1 - - [03/Mar/2019:07:04:02 +0000] "GET /help HTTP/1.1" 200 78399 "" "curl/7.59.0-DEV"
127.0.0.1 - - [03/Mar/2019:07:05:03 +0000] "GET /help HTTP/1.1" 200 78399 "" "curl/7.59.0-DEV"
127.0.0.1 - - [03/Mar/2019:07:06:03 +0000] "GET /help HTTP/1.1" 200 78406 "" "curl/7.59.0-DEV"
127.0.0.1 - - [03/Mar/2019:07:07:04 +0000] "GET /help HTTP/1.1" 200 78399 "" "curl/7.59.0-DEV"
127.0.0.1 - - [03/Mar/2019:07:08:04 +0000] "GET /help HTTP/1.1" 200 78399 "" "curl/7.59.0-DEV"
127.0.0.1 - - [03/Mar/2019:07:09:04 +0000] "GET /help HTTP/1.1" 200 78399 "" "curl/7.59.0-DEV"
127.0.0.1 - - [03/Mar/2019:07:10:05 +0000] "GET /help HTTP/1.1" 200 78399 "" "curl/7.59.0-DEV"
127.0.0.1 - - [03/Mar/2019:07:11:05 +0000] "GET /help HTTP/1.1" 200 78399 "" "curl/7.59.0-DEV"
172.20.0.1 - - [03/Mar/2019:07:11:29 +0000] "GET /version HTTP/1.1" 302 105 "" "okhttp/2.7.5"
172.20.0.1 - - [03/Mar/2019:07:11:29 +0000] "GET /users/sign_in HTTP/1.1" 200 4257 "" "okhttp/2.7.5"
127.0.0.1 - - [03/Mar/2019:07:12:06 +0000] "GET /help HTTP/1.1" 200 78406 "" "curl/7.59.0-DEV"
127.0.0.1 - - [03/Mar/2019:07:13:06 +0000] "GET /help HTTP/1.1" 200 78406 "" "curl/7.59.0-DEV"
127.0.0.1 - - [03/Mar/2019:07:14:06 +0000] "GET /help HTTP/1.1" 200 78399 "" "curl/7.59.0-DEV"
172.20.0.1 - - [03/Mar/2019:07:14:36 +0000] "GET /profile HTTP/1.1" 200 10008 "http://localhost:81/projects/new" "Mozilla/5.0 (Windows NT 10.0; WOW64) AppleWebKit/537.36 (KHTML, like Gecko) Chrome/71.0.3578.98 Safari/537.36"
172.20.0.1 - - [03/Mar/2019:07:14:39 +0000] "GET /profile/audit_log HTTP/1.1" 200 7025 "http://localhost:81/profile" "Mozilla/5.0 (Windows NT 10.0; WOW64) AppleWebKit/537.36 (KHTML, like Gecko) Chrome/71.0.3578.98 Safari/537.36"
172.20.0.1 - - [03/Mar/2019:07:14:46 +0000] "GET /profile/keys HTTP/1.1" 200 7926 "http://localhost:81/profile/audit_log" "Mozilla/5.0 (Windows NT 10.0; WOW64) AppleWebKit/537.36 (KHTML, like Gecko) Chrome/71.0.3578.98 Safari/537.36"
172.20.0.1 - - [03/Mar/2019:07:14:46 +0000] "GET /assets/webpack/pages.profiles.keys.4d3acdbe.chunk.js HTTP/1.1" 200 800 "http://localhost:81/profile/keys" "Mozilla/5.0 (Windows NT 10.0; WOW64) AppleWebKit/537.36 (KHTML, like Gecko) Chrome/71.0.3578.98 Safari/537.36"
172.20.0.1 - - [03/Mar/2019:07:14:55 +0000] "GET /profile/gpg_keys HTTP/1.1" 200 7539 "http://localhost:81/profile/keys" "Mozilla/5.0 (Windows NT 10.0; WOW64) AppleWebKit/537.36 (KHTML, like Gecko) Chrome/71.0.3578.98 Safari/537.36"
172.20.0.1 - - [03/Mar/2019:07:14:57 +0000] "GET /profile/preferences HTTP/1.1" 200 8572 "http://localhost:81/profile/gpg_keys" "Mozilla/5.0 (Windows NT 10.0; WOW64) AppleWebKit/537.36 (KHTML, like Gecko) Chrome/71.0.3578.98 Safari/537.36"
172.20.0.1 - - [03/Mar/2019:07:14:57 +0000] "GET /assets/dark-scheme-preview-cbefadee862bccdd68fbc5ea1e520150718425f5e0ae88c59ff1dfedc100d416.png HTTP/1.1" 200 3992 "http://localhost:81/profile/preferences" "Mozilla/5.0 (Windows NT 10.0; WOW64) AppleWebKit/537.36 (KHTML, like Gecko) Chrome/71.0.3578.98 Safari/537.36"
172.20.0.1 - - [03/Mar/2019:07:14:57 +0000] "GET /assets/solarized-light-scheme-preview-c65e32b38abddf809082e2820e70eccc8fa82d4c4e17455c89f1843cd1b809ae.png HTTP/1.1" 200 3095 "http://localhost:81/profile/preferences" "Mozilla/5.0 (Windows NT 10.0; WOW64) AppleWebKit/537.36 (KHTML, like Gecko) Chrome/71.0.3578.98 Safari/537.36"
172.20.0.1 - - [03/Mar/2019:07:14:57 +0000] "GET /assets/white-scheme-preview-ce2e9957bbb5c9b6bdbb554984e1af877c89615db7e866aa9022430a6aba618f.png HTTP/1.1" 200 3751 "http://localhost:81/profile/preferences" "Mozilla/5.0 (Windows NT 10.0; WOW64) AppleWebKit/537.36 (KHTML, like Gecko) Chrome/71.0.3578.98 Safari/537.36"
172.20.0.1 - - [03/Mar/2019:07:14:57 +0000] "GET /assets/solarized-dark-scheme-preview-8e84891217b1278387d0c6f4f5353af156d8697ce0073a0eccd1b37f404535ee.png HTTP/1.1" 200 3195 "http://localhost:81/profile/preferences" "Mozilla/5.0 (Windows NT 10.0; WOW64) AppleWebKit/537.36 (KHTML, like Gecko) Chrome/71.0.3578.98 Safari/537.36"
172.20.0.1 - - [03/Mar/2019:07:14:57 +0000] "GET /assets/monokai-scheme-preview-fce3c93c726674094fa07ceaa606cad67ba662d927efdfd807a693cc8841d297.png HTTP/1.1" 200 3708 "http://localhost:81/profile/preferences" "Mozilla/5.0 (Windows NT 10.0; WOW64) AppleWebKit/537.36 (KHTML, like Gecko) Chrome/71.0.3578.98 Safari/537.36"
172.20.0.1 - - [03/Mar/2019:07:14:57 +0000] "GET /assets/none-scheme-preview-3588c62dc9d7cd14ad817ca7dc1f61a181d1bd72cebfa8900c5be4f6a1207e90.png HTTP/1.1" 200 5971 "http://localhost:81/profile/preferences" "Mozilla/5.0 (Windows NT 10.0; WOW64) AppleWebKit/537.36 (KHTML, like Gecko) Chrome/71.0.3578.98 Safari/537.36"
172.20.0.1 - - [03/Mar/2019:07:14:59 +0000] "POST /profile/preferences HTTP/1.1" 200 587 "http://localhost:81/profile/preferences" "Mozilla/5.0 (Windows NT 10.0; WOW64) AppleWebKit/537.36 (KHTML, like Gecko) Chrome/71.0.3578.98 Safari/537.36"
172.20.0.1 - - [03/Mar/2019:07:15:01 +0000] "POST /profile/preferences HTTP/1.1" 200 585 "http://localhost:81/profile/preferences" "Mozilla/5.0 (Windows NT 10.0; WOW64) AppleWebKit/537.36 (KHTML, like Gecko) Chrome/71.0.3578.98 Safari/537.36"
127.0.0.1 - - [03/Mar/2019:07:15:07 +0000] "GET /help HTTP/1.1" 200 78399 "" "curl/7.59.0-DEV"
172.20.0.1 - - [03/Mar/2019:07:15:14 +0000] "POST /profile/preferences HTTP/1.1" 200 585 "http://localhost:81/profile/preferences" "Mozilla/5.0 (Windows NT 10.0; WOW64) AppleWebKit/537.36 (KHTML, like Gecko) Chrome/71.0.3578.98 Safari/537.36"
172.20.0.1 - - [03/Mar/2019:07:15:16 +0000] "POST /profile/preferences HTTP/1.1" 200 585 "http://localhost:81/profile/preferences" "Mozilla/5.0 (Windows NT 10.0; WOW64) AppleWebKit/537.36 (KHTML, like Gecko) Chrome/71.0.3578.98 Safari/537.36"
172.20.0.1 - - [03/Mar/2019:07:15:16 +0000] "POST /profile/preferences HTTP/1.1" 200 585 "http://localhost:81/profile/preferences" "Mozilla/5.0 (Windows NT 10.0; WOW64) AppleWebKit/537.36 (KHTML, like Gecko) Chrome/71.0.3578.98 Safari/537.36"
172.20.0.1 - - [03/Mar/2019:07:15:26 +0000] "GET /profile HTTP/1.1" 200 10010 "http://localhost:81/profile/preferences" "Mozilla/5.0 (Windows NT 10.0; WOW64) AppleWebKit/537.36 (KHTML, like Gecko) Chrome/71.0.3578.98 Safari/537.36"
172.20.0.1 - - [03/Mar/2019:07:15:31 +0000] "GET /profile/account HTTP/1.1" 200 7539 "http://localhost:81/profile" "Mozilla/5.0 (Windows NT 10.0; WOW64) AppleWebKit/537.36 (KHTML, like Gecko) Chrome/71.0.3578.98 Safari/537.36"
172.20.0.1 - - [03/Mar/2019:07:15:38 +0000] "GET /profile/applications HTTP/1.1" 200 8095 "http://localhost:81/profile/account" "Mozilla/5.0 (Windows NT 10.0; WOW64) AppleWebKit/537.36 (KHTML, like Gecko) Chrome/71.0.3578.98 Safari/537.36"
172.20.0.1 - - [03/Mar/2019:07:15:44 +0000] "GET /profile/chat_names HTTP/1.1" 200 7008 "http://localhost:81/profile/applications" "Mozilla/5.0 (Windows NT 10.0; WOW64) AppleWebKit/537.36 (KHTML, like Gecko) Chrome/71.0.3578.98 Safari/537.36"
172.20.0.1 - - [03/Mar/2019:07:15:46 +0000] "GET /profile/personal_access_tokens HTTP/1.1" 200 8475 "http://localhost:81/profile/chat_names" "Mozilla/5.0 (Windows NT 10.0; WOW64) AppleWebKit/537.36 (KHTML, like Gecko) Chrome/71.0.3578.98 Safari/537.36"
172.20.0.1 - - [03/Mar/2019:07:15:46 +0000] "GET /assets/webpack/commons~pages.admin.impersonation_tokens~pages.profiles.personal_access_tokens~pages.projects.settin~fd092238.3f3ddd37.chunk.js HTTP/1.1" 200 8336 "http://localhost:81/profile/personal_access_tokens" "Mozilla/5.0 (Windows NT 10.0; WOW64) AppleWebKit/537.36 (KHTML, like Gecko) Chrome/71.0.3578.98 Safari/537.36"
172.20.0.1 - - [03/Mar/2019:07:15:46 +0000] "GET /assets/webpack/pages.profiles.personal_access_tokens.436ef7b2.chunk.js HTTP/1.1" 200 337 "http://localhost:81/profile/personal_access_tokens" "Mozilla/5.0 (Windows NT 10.0; WOW64) AppleWebKit/537.36 (KHTML, like Gecko) Chrome/71.0.3578.98 Safari/537.36"
127.0.0.1 - - [03/Mar/2019:07:16:07 +0000] "GET /help HTTP/1.1" 200 78406 "" "curl/7.59.0-DEV"
172.20.0.1 - - [03/Mar/2019:07:16:43 +0000] "GET /gen204?invalidResponse=q=https%3A%2F%2Ftranslate.googleapis.com%2Ftranslate_a%2Fsingle%3Fclient%3Dgtx%26s,ql=374,r=,rl=0 HTTP/1.1" 404 6451 "http://localhost:81/profile/personal_access_tokens" "Mozilla/5.0 (Windows NT 10.0; WOW64) AppleWebKit/537.36 (KHTML, like Gecko) Chrome/71.0.3578.98 Safari/537.36"
127.0.0.1 - - [03/Mar/2019:07:17:08 +0000] "GET /help HTTP/1.1" 200 78399 "" "curl/7.59.0-DEV"
172.20.0.1 - - [03/Mar/2019:07:17:22 +0000] "GET /gen204?invalidResponse=q=https%3A%2F%2Ftranslate.googleapis.com%2Ftranslate_a%2Fsingle%3Fclient%3Dgtx%26s,ql=395,r=,rl=0 HTTP/1.1" 404 6451 "http://localhost:81/profile/personal_access_tokens" "Mozilla/5.0 (Windows NT 10.0; WOW64) AppleWebKit/537.36 (KHTML, like Gecko) Chrome/71.0.3578.98 Safari/537.36"
172.20.0.1 - - [03/Mar/2019:07:17:55 +0000] "POST /profile/personal_access_tokens HTTP/1.1" 302 116 "http://localhost:81/profile/personal_access_tokens" "Mozilla/5.0 (Windows NT 10.0; WOW64) AppleWebKit/537.36 (KHTML, like Gecko) Chrome/71.0.3578.98 Safari/537.36"
172.20.0.1 - - [03/Mar/2019:07:17:56 +0000] "GET /profile/personal_access_tokens HTTP/1.1" 200 9008 "http://localhost:81/profile/personal_access_tokens" "Mozilla/5.0 (Windows NT 10.0; WOW64) AppleWebKit/537.36 (KHTML, like Gecko) Chrome/71.0.3578.98 Safari/537.36"
127.0.0.1 - - [03/Mar/2019:07:18:08 +0000] "GET /help HTTP/1.1" 200 78399 "" "curl/7.59.0-DEV"
172.20.0.1 - - [03/Mar/2019:07:18:22 +0000] "GET /profile/personal_access_tokens HTTP/1.1" 200 8665 "http://localhost:81/profile/personal_access_tokens" "Mozilla/5.0 (Windows NT 10.0; WOW64) AppleWebKit/537.36 (KHTML, like Gecko) Chrome/71.0.3578.98 Safari/537.36"
127.0.0.1 - - [03/Mar/2019:07:19:08 +0000] "GET /help HTTP/1.1" 200 78406 "" "curl/7.59.0-DEV"
127.0.0.1 - - [03/Mar/2019:07:20:09 +0000] "GET /help HTTP/1.1" 200 78399 "" "curl/7.59.0-DEV"
127.0.0.1 - - [03/Mar/2019:07:21:09 +0000] "GET /help HTTP/1.1" 200 78406 "" "curl/7.59.0-DEV"
127.0.0.1 - - [03/Mar/2019:07:22:10 +0000] "GET /help HTTP/1.1" 200 78406 "" "curl/7.59.0-DEV"
172.20.0.1 - - [03/Mar/2019:07:22:21 +0000] "GET /profile/keys HTTP/1.1" 200 7919 "http://localhost:81/profile/personal_access_tokens" "Mozilla/5.0 (Windows NT 10.0; WOW64) AppleWebKit/537.36 (KHTML, like Gecko) Chrome/71.0.3578.98 Safari/537.36"
172.20.0.1 - - [03/Mar/2019:07:22:23 +0000] "GET /profile/gpg_keys HTTP/1.1" 200 7532 "http://localhost:81/profile/keys" "Mozilla/5.0 (Windows NT 10.0; WOW64) AppleWebKit/537.36 (KHTML, like Gecko) Chrome/71.0.3578.98 Safari/537.36"
172.20.0.1 - - [03/Mar/2019:07:22:25 +0000] "GET /profile/preferences HTTP/1.1" 200 8563 "http://localhost:81/profile/gpg_keys" "Mozilla/5.0 (Windows NT 10.0; WOW64) AppleWebKit/537.36 (KHTML, like Gecko) Chrome/71.0.3578.98 Safari/537.36"
172.20.0.1 - - [03/Mar/2019:07:22:34 +0000] "GET /profile HTTP/1.1" 200 10011 "http://localhost:81/profile/preferences" "Mozilla/5.0 (Windows NT 10.0; WOW64) AppleWebKit/537.36 (KHTML, like Gecko) Chrome/71.0.3578.98 Safari/537.36"
172.20.0.1 - - [03/Mar/2019:07:22:36 +0000] "GET /assets/emoji_sprites-289eccffb1183c188b630297431be837765d9ff4aed6130cf738586fb307c170.css HTTP/1.1" 200 12724 "http://localhost:81/profile" "Mozilla/5.0 (Windows NT 10.0; WOW64) AppleWebKit/537.36 (KHTML, like Gecko) Chrome/71.0.3578.98 Safari/537.36"
172.20.0.1 - - [03/Mar/2019:07:22:39 +0000] "GET /assets/select2-spinner-f6ecff617ec2ba7f559e6f535cad9b70a3f91120737535dab4d4548a6c83576c.gif HTTP/1.1" 200 1849 "http://localhost:81/assets/application-e26a276298f24265784769e832caf976e30efdf8b813712fba20da91fbf0e405.css" "Mozilla/5.0 (Windows NT 10.0; WOW64) AppleWebKit/537.36 (KHTML, like Gecko) Chrome/71.0.3578.98 Safari/537.36"
172.20.0.1 - - [03/Mar/2019:07:22:42 +0000] "POST /profile HTTP/1.1" 200 46 "http://localhost:81/profile" "Mozilla/5.0 (Windows NT 10.0; WOW64) AppleWebKit/537.36 (KHTML, like Gecko) Chrome/71.0.3578.98 Safari/537.36"
127.0.0.1 - - [03/Mar/2019:07:23:10 +0000] "GET /help HTTP/1.1" 200 78399 "" "curl/7.59.0-DEV"
172.20.0.1 - - [03/Mar/2019:07:23:13 +0000] "GET /profile/notifications HTTP/1.1" 200 9803 "http://localhost:81/profile" "Mozilla/5.0 (Windows NT 10.0; WOW64) AppleWebKit/537.36 (KHTML, like Gecko) Chrome/71.0.3578.98 Safari/537.36"
172.20.0.1 - - [03/Mar/2019:07:23:13 +0000] "GET /assets/webpack/pages.profiles.notifications.show.2bae89cc.chunk.js HTTP/1.1" 200 1149 "http://localhost:81/profile/notifications" "Mozilla/5.0 (Windows NT 10.0; WOW64) AppleWebKit/537.36 (KHTML, like Gecko) Chrome/71.0.3578.98 Safari/537.36"
172.20.0.1 - - [03/Mar/2019:07:23:13 +0000] "GET /assets/locale/zh_CN/app-4f5e0aae1fcf6d90d2d3d323fa06080195aefe01e5811b59fe70055c0cdab946.js HTTP/1.1" 200 97621 "http://localhost:81/profile/notifications" "Mozilla/5.0 (Windows NT 10.0; WOW64) AppleWebKit/537.36 (KHTML, like Gecko) Chrome/71.0.3578.98 Safari/537.36"
172.20.0.1 - - [03/Mar/2019:07:23:19 +0000] "GET /profile/account HTTP/1.1" 200 7955 "http://localhost:81/profile/notifications" "Mozilla/5.0 (Windows NT 10.0; WOW64) AppleWebKit/537.36 (KHTML, like Gecko) Chrome/71.0.3578.98 Safari/537.36"
172.20.0.1 - - [03/Mar/2019:07:23:37 +0000] "GET /profile HTTP/1.1" 200 10492 "http://localhost:81/profile/account" "Mozilla/5.0 (Windows NT 10.0; WOW64) AppleWebKit/537.36 (KHTML, like Gecko) Chrome/71.0.3578.98 Safari/537.36"
172.20.0.1 - - [03/Mar/2019:07:23:42 +0000] "GET /profile/personal_access_tokens HTTP/1.1" 200 9080 "http://localhost:81/profile" "Mozilla/5.0 (Windows NT 10.0; WOW64) AppleWebKit/537.36 (KHTML, like Gecko) Chrome/71.0.3578.98 Safari/537.36"
172.20.0.1 - - [03/Mar/2019:07:24:01 +0000] "GET /profile HTTP/1.1" 200 10491 "http://localhost:81/profile/personal_access_tokens" "Mozilla/5.0 (Windows NT 10.0; WOW64) AppleWebKit/537.36 (KHTML, like Gecko) Chrome/71.0.3578.98 Safari/537.36"
127.0.0.1 - - [03/Mar/2019:07:24:11 +0000] "GET /help HTTP/1.1" 200 78406 "" "curl/7.59.0-DEV"
172.20.0.1 - - [03/Mar/2019:07:24:29 +0000] "GET /profile/account HTTP/1.1" 200 7956 "http://localhost:81/profile" "Mozilla/5.0 (Windows NT 10.0; WOW64) AppleWebKit/537.36 (KHTML, like Gecko) Chrome/71.0.3578.98 Safari/537.36"
172.20.0.1 - - [03/Mar/2019:07:24:41 +0000] "GET /profile/applications HTTP/1.1" 200 8096 "http://localhost:81/profile/account" "Mozilla/5.0 (Windows NT 10.0; WOW64) AppleWebKit/537.36 (KHTML, like Gecko) Chrome/71.0.3578.98 Safari/537.36"
172.20.0.1 - - [03/Mar/2019:07:24:42 +0000] "GET /profile/account HTTP/1.1" 200 7957 "http://localhost:81/profile/applications" "Mozilla/5.0 (Windows NT 10.0; WOW64) AppleWebKit/537.36 (KHTML, like Gecko) Chrome/71.0.3578.98 Safari/537.36"
172.20.0.1 - - [03/Mar/2019:07:24:47 +0000] "GET /users/sign_out HTTP/1.1" 302 99 "http://localhost:81/profile/account" "Mozilla/5.0 (Windows NT 10.0; WOW64) AppleWebKit/537.36 (KHTML, like Gecko) Chrome/71.0.3578.98 Safari/537.36"
172.20.0.1 - - [03/Mar/2019:07:24:47 +0000] "GET /users/sign_in HTTP/1.1" 200 4248 "http://localhost:81/profile/account" "Mozilla/5.0 (Windows NT 10.0; WOW64) AppleWebKit/537.36 (KHTML, like Gecko) Chrome/71.0.3578.98 Safari/537.36"
172.20.0.1 - - [03/Mar/2019:07:24:57 +0000] "GET /users/duanshutao/exists HTTP/1.1" 304 0 "http://localhost:81/users/sign_in" "Mozilla/5.0 (Windows NT 10.0; WOW64) AppleWebKit/537.36 (KHTML, like Gecko) Chrome/71.0.3578.98 Safari/537.36"
172.20.0.1 - - [03/Mar/2019:07:25:01 +0000] "GET /users/dst/exists HTTP/1.1" 200 16 "http://localhost:81/users/sign_in" "Mozilla/5.0 (Windows NT 10.0; WOW64) AppleWebKit/537.36 (KHTML, like Gecko) Chrome/71.0.3578.98 Safari/537.36"
172.20.0.1 - - [03/Mar/2019:07:25:09 +0000] "POST /users HTTP/1.1" 200 3910 "http://localhost:81/users/sign_in" "Mozilla/5.0 (Windows NT 10.0; WOW64) AppleWebKit/537.36 (KHTML, like Gecko) Chrome/71.0.3578.98 Safari/537.36"
127.0.0.1 - - [03/Mar/2019:07:25:11 +0000] "GET /help HTTP/1.1" 200 78406 "" "curl/7.59.0-DEV"
172.20.0.1 - - [03/Mar/2019:07:25:21 +0000] "POST /users HTTP/1.1" 200 3900 "http://localhost:81/users" "Mozilla/5.0 (Windows NT 10.0; WOW64) AppleWebKit/537.36 (KHTML, like Gecko) Chrome/71.0.3578.98 Safari/537.36"
172.20.0.1 - - [03/Mar/2019:07:25:23 +0000] "GET /users/sign_in?redirect_to_referer=yes HTTP/1.1" 200 4263 "http://localhost:81/users" "Mozilla/5.0 (Windows NT 10.0; WOW64) AppleWebKit/537.36 (KHTML, like Gecko) Chrome/71.0.3578.98 Safari/537.36"
172.20.0.1 - - [03/Mar/2019:07:25:33 +0000] "POST /users/sign_in HTTP/1.1" 302 91 "http://localhost:81/users/sign_in" "Mozilla/5.0 (Windows NT 10.0; WOW64) AppleWebKit/537.36 (KHTML, like Gecko) Chrome/71.0.3578.98 Safari/537.36"
172.20.0.1 - - [03/Mar/2019:07:25:34 +0000] "GET /users HTTP/1.1" 404 6610 "http://localhost:81/users/sign_in" "Mozilla/5.0 (Windows NT 10.0; WOW64) AppleWebKit/537.36 (KHTML, like Gecko) Chrome/71.0.3578.98 Safari/537.36"
172.20.0.1 - - [03/Mar/2019:07:25:34 +0000] "GET /assets/illustrations/error-404-039d7e84bde2e9d55acc7d6fc759b856983f925e8d52181c55cf22d2435cb8b3.svg HTTP/1.1" 200 3835 "http://localhost:81/users" "Mozilla/5.0 (Windows NT 10.0; WOW64) AppleWebKit/537.36 (KHTML, like Gecko) Chrome/71.0.3578.98 Safari/537.36"
172.20.0.1 - - [03/Mar/2019:07:25:43 +0000] "POST /users/sign_in HTTP/1.1" 422 2936 "http://localhost:81/users/sign_in" "Mozilla/5.0 (Windows NT 10.0; WOW64) AppleWebKit/537.36 (KHTML, like Gecko) Chrome/71.0.3578.98 Safari/537.36"
127.0.0.1 - - [03/Mar/2019:07:26:11 +0000] "GET /help HTTP/1.1" 200 78406 "" "curl/7.59.0-DEV"
172.20.0.1 - - [03/Mar/2019:07:26:14 +0000] "POST /users/sign_in HTTP/1.1" 422 2936 "http://localhost:81/users/sign_in" "Mozilla/5.0 (Windows NT 10.0; WOW64) AppleWebKit/537.36 (KHTML, like Gecko) Chrome/71.0.3578.98 Safari/537.36"
172.20.0.1 - - [03/Mar/2019:07:26:23 +0000] "POST /users/sign_in HTTP/1.1" 422 2936 "http://localhost:81/users/sign_in" "Mozilla/5.0 (Windows NT 10.0; WOW64) AppleWebKit/537.36 (KHTML, like Gecko) Chrome/71.0.3578.98 Safari/537.36"
172.20.0.1 - - [03/Mar/2019:07:26:25 +0000] "GET / HTTP/1.1" 200 8037 "http://localhost:81/users/sign_in" "Mozilla/5.0 (Windows NT 10.0; WOW64) AppleWebKit/537.36 (KHTML, like Gecko) Chrome/71.0.3578.98 Safari/537.36"
172.20.0.1 - - [03/Mar/2019:07:26:25 +0000] "GET / HTTP/1.1" 200 8036 "http://localhost:81/users/sign_in" "Mozilla/5.0 (Windows NT 10.0; WOW64) AppleWebKit/537.36 (KHTML, like Gecko) Chrome/71.0.3578.98 Safari/537.36"
172.20.0.1 - - [03/Mar/2019:07:26:36 +0000] "GET /Carbons HTTP/1.1" 200 7167 "http://localhost:81/" "Mozilla/5.0 (Windows NT 10.0; WOW64) AppleWebKit/537.36 (KHTML, like Gecko) Chrome/71.0.3578.98 Safari/537.36"
172.20.0.1 - - [03/Mar/2019:07:26:36 +0000] "GET /assets/webpack/pages.users.8a631183.chunk.js HTTP/1.1" 200 31269 "http://localhost:81/Carbons" "Mozilla/5.0 (Windows NT 10.0; WOW64) AppleWebKit/537.36 (KHTML, like Gecko) Chrome/71.0.3578.98 Safari/537.36"
172.20.0.1 - - [03/Mar/2019:07:26:36 +0000] "GET /users/Carbons/calendar.json HTTP/1.1" 200 2 "http://localhost:81/Carbons" "Mozilla/5.0 (Windows NT 10.0; WOW64) AppleWebKit/537.36 (KHTML, like Gecko) Chrome/71.0.3578.98 Safari/537.36"
172.20.0.1 - - [03/Mar/2019:07:26:37 +0000] "GET /Carbons?limit=10 HTTP/1.1" 200 793 "http://localhost:81/Carbons" "Mozilla/5.0 (Windows NT 10.0; WOW64) AppleWebKit/537.36 (KHTML, like Gecko) Chrome/71.0.3578.98 Safari/537.36"
172.20.0.1 - - [03/Mar/2019:07:26:37 +0000] "GET /users/Carbons/projects?limit=10&skip_pagination=true&skip_namespace=true&compact_mode=true HTTP/1.1" 200 832 "http://localhost:81/Carbons" "Mozilla/5.0 (Windows NT 10.0; WOW64) AppleWebKit/537.36 (KHTML, like Gecko) Chrome/71.0.3578.98 Safari/537.36"
172.20.0.1 - - [03/Mar/2019:07:26:37 +0000] "GET /assets/illustrations/profile-page/personal-project-6c5243827e6334c455d16239f826853e3353d740c40f39e026c60cf45c1552ae.svg HTTP/1.1" 200 512 "http://localhost:81/Carbons" "Mozilla/5.0 (Windows NT 10.0; WOW64) AppleWebKit/537.36 (KHTML, like Gecko) Chrome/71.0.3578.98 Safari/537.36"
172.20.0.1 - - [03/Mar/2019:07:26:42 +0000] "GET /Carbons HTTP/1.1" 200 7162 "http://localhost:81/Carbons" "Mozilla/5.0 (Windows NT 10.0; WOW64) AppleWebKit/537.36 (KHTML, like Gecko) Chrome/71.0.3578.98 Safari/537.36"
172.20.0.1 - - [03/Mar/2019:07:26:43 +0000] "GET /users/Carbons/projects?limit=10&skip_pagination=true&skip_namespace=true&compact_mode=true HTTP/1.1" 200 832 "http://localhost:81/Carbons" "Mozilla/5.0 (Windows NT 10.0; WOW64) AppleWebKit/537.36 (KHTML, like Gecko) Chrome/71.0.3578.98 Safari/537.36"
172.20.0.1 - - [03/Mar/2019:07:26:43 +0000] "GET /Carbons?limit=10 HTTP/1.1" 200 793 "http://localhost:81/Carbons" "Mozilla/5.0 (Windows NT 10.0; WOW64) AppleWebKit/537.36 (KHTML, like Gecko) Chrome/71.0.3578.98 Safari/537.36"
172.20.0.1 - - [03/Mar/2019:07:26:43 +0000] "GET /users/Carbons/calendar.json HTTP/1.1" 200 2 "http://localhost:81/Carbons" "Mozilla/5.0 (Windows NT 10.0; WOW64) AppleWebKit/537.36 (KHTML, like Gecko) Chrome/71.0.3578.98 Safari/537.36"
172.20.0.1 - - [03/Mar/2019:07:26:47 +0000] "GET /dashboard/milestones HTTP/1.1" 200 6404 "http://localhost:81/Carbons" "Mozilla/5.0 (Windows NT 10.0; WOW64) AppleWebKit/537.36 (KHTML, like Gecko) Chrome/71.0.3578.98 Safari/537.36"
172.20.0.1 - - [03/Mar/2019:07:26:48 +0000] "GET /dashboard/activity HTTP/1.1" 200 6676 "http://localhost:81/dashboard/milestones" "Mozilla/5.0 (Windows NT 10.0; WOW64) AppleWebKit/537.36 (KHTML, like Gecko) Chrome/71.0.3578.98 Safari/537.36"
172.20.0.1 - - [03/Mar/2019:07:26:49 +0000] "GET /dashboard/activity?limit=20&offset=0 HTTP/1.1" 200 522 "http://localhost:81/dashboard/activity" "Mozilla/5.0 (Windows NT 10.0; WOW64) AppleWebKit/537.36 (KHTML, like Gecko) Chrome/71.0.3578.98 Safari/537.36"
172.20.0.1 - - [03/Mar/2019:07:26:50 +0000] "GET /dashboard/snippets HTTP/1.1" 200 6546 "http://localhost:81/dashboard/activity" "Mozilla/5.0 (Windows NT 10.0; WOW64) AppleWebKit/537.36 (KHTML, like Gecko) Chrome/71.0.3578.98 Safari/537.36"
172.20.0.1 - - [03/Mar/2019:07:26:59 +0000] "GET /Carbons HTTP/1.1" 200 7167 "http://localhost:81/dashboard/snippets" "Mozilla/5.0 (Windows NT 10.0; WOW64) AppleWebKit/537.36 (KHTML, like Gecko) Chrome/71.0.3578.98 Safari/537.36"
172.20.0.1 - - [03/Mar/2019:07:26:59 +0000] "GET /users/Carbons/calendar.json HTTP/1.1" 200 2 "http://localhost:81/Carbons" "Mozilla/5.0 (Windows NT 10.0; WOW64) AppleWebKit/537.36 (KHTML, like Gecko) Chrome/71.0.3578.98 Safari/537.36"
172.20.0.1 - - [03/Mar/2019:07:26:59 +0000] "GET /Carbons?limit=10 HTTP/1.1" 200 793 "http://localhost:81/Carbons" "Mozilla/5.0 (Windows NT 10.0; WOW64) AppleWebKit/537.36 (KHTML, like Gecko) Chrome/71.0.3578.98 Safari/537.36"
172.20.0.1 - - [03/Mar/2019:07:26:59 +0000] "GET /users/Carbons/projects?limit=10&skip_pagination=true&skip_namespace=true&compact_mode=true HTTP/1.1" 200 832 "http://localhost:81/Carbons" "Mozilla/5.0 (Windows NT 10.0; WOW64) AppleWebKit/537.36 (KHTML, like Gecko) Chrome/71.0.3578.98 Safari/537.36"
172.20.0.1 - - [03/Mar/2019:07:27:09 +0000] "GET / HTTP/1.1" 200 8036 "http://localhost:81/Carbons" "Mozilla/5.0 (Windows NT 10.0; WOW64) AppleWebKit/537.36 (KHTML, like Gecko) Chrome/71.0.3578.98 Safari/537.36"
127.0.0.1 - - [03/Mar/2019:07:27:12 +0000] "GET /help HTTP/1.1" 200 78405 "" "curl/7.59.0-DEV"
172.20.0.1 - - [03/Mar/2019:07:27:15 +0000] "GET /Carbons HTTP/1.1" 200 7163 "http://localhost:81/" "Mozilla/5.0 (Windows NT 10.0; WOW64) AppleWebKit/537.36 (KHTML, like Gecko) Chrome/71.0.3578.98 Safari/537.36"
172.20.0.1 - - [03/Mar/2019:07:27:15 +0000] "GET /users/Carbons/calendar.json HTTP/1.1" 200 2 "http://localhost:81/Carbons" "Mozilla/5.0 (Windows NT 10.0; WOW64) AppleWebKit/537.36 (KHTML, like Gecko) Chrome/71.0.3578.98 Safari/537.36"
172.20.0.1 - - [03/Mar/2019:07:27:15 +0000] "GET /Carbons?limit=10 HTTP/1.1" 200 793 "http://localhost:81/Carbons" "Mozilla/5.0 (Windows NT 10.0; WOW64) AppleWebKit/537.36 (KHTML, like Gecko) Chrome/71.0.3578.98 Safari/537.36"
172.20.0.1 - - [03/Mar/2019:07:27:15 +0000] "GET /users/Carbons/projects?limit=10&skip_pagination=true&skip_namespace=true&compact_mode=true HTTP/1.1" 200 832 "http://localhost:81/Carbons" "Mozilla/5.0 (Windows NT 10.0; WOW64) AppleWebKit/537.36 (KHTML, like Gecko) Chrome/71.0.3578.98 Safari/537.36"
172.20.0.1 - - [03/Mar/2019:07:27:25 +0000] "GET /Carbons HTTP/1.1" 200 7164 "http://localhost:81/Carbons" "Mozilla/5.0 (Windows NT 10.0; WOW64) AppleWebKit/537.36 (KHTML, like Gecko) Chrome/71.0.3578.98 Safari/537.36"
172.20.0.1 - - [03/Mar/2019:07:27:26 +0000] "GET /users/Carbons/calendar.json HTTP/1.1" 200 2 "http://localhost:81/Carbons" "Mozilla/5.0 (Windows NT 10.0; WOW64) AppleWebKit/537.36 (KHTML, like Gecko) Chrome/71.0.3578.98 Safari/537.36"
172.20.0.1 - - [03/Mar/2019:07:27:26 +0000] "GET /Carbons?limit=10 HTTP/1.1" 200 793 "http://localhost:81/Carbons" "Mozilla/5.0 (Windows NT 10.0; WOW64) AppleWebKit/537.36 (KHTML, like Gecko) Chrome/71.0.3578.98 Safari/537.36"
172.20.0.1 - - [03/Mar/2019:07:27:26 +0000] "GET /users/Carbons/projects?limit=10&skip_pagination=true&skip_namespace=true&compact_mode=true HTTP/1.1" 200 832 "http://localhost:81/Carbons" "Mozilla/5.0 (Windows NT 10.0; WOW64) AppleWebKit/537.36 (KHTML, like Gecko) Chrome/71.0.3578.98 Safari/537.36"
172.20.0.1 - - [03/Mar/2019:07:27:40 +0000] "GET /users/sign_out HTTP/1.1" 302 99 "http://localhost:81/Carbons" "Mozilla/5.0 (Windows NT 10.0; WOW64) AppleWebKit/537.36 (KHTML, like Gecko) Chrome/71.0.3578.98 Safari/537.36"
172.20.0.1 - - [03/Mar/2019:07:27:41 +0000] "GET /users/sign_in HTTP/1.1" 200 4244 "http://localhost:81/Carbons" "Mozilla/5.0 (Windows NT 10.0; WOW64) AppleWebKit/537.36 (KHTML, like Gecko) Chrome/71.0.3578.98 Safari/537.36"
172.20.0.1 - - [03/Mar/2019:07:27:50 +0000] "POST /users/sign_in HTTP/1.1" 200 4299 "http://localhost:81/users/sign_in" "Mozilla/5.0 (Windows NT 10.0; WOW64) AppleWebKit/537.36 (KHTML, like Gecko) Chrome/71.0.3578.98 Safari/537.36"
172.20.0.1 - - [03/Mar/2019:07:27:57 +0000] "POST /users/sign_in HTTP/1.1" 302 86 "http://localhost:81/users/sign_in" "Mozilla/5.0 (Windows NT 10.0; WOW64) AppleWebKit/537.36 (KHTML, like Gecko) Chrome/71.0.3578.98 Safari/537.36"
172.20.0.1 - - [03/Mar/2019:07:27:57 +0000] "GET / HTTP/1.1" 200 8274 "http://localhost:81/users/sign_in" "Mozilla/5.0 (Windows NT 10.0; WOW64) AppleWebKit/537.36 (KHTML, like Gecko) Chrome/71.0.3578.98 Safari/537.36"
172.20.0.1 - - [03/Mar/2019:07:28:02 +0000] "GET /profile HTTP/1.1" 200 10083 "http://localhost:81/" "Mozilla/5.0 (Windows NT 10.0; WOW64) AppleWebKit/537.36 (KHTML, like Gecko) Chrome/71.0.3578.98 Safari/537.36"
127.0.0.1 - - [03/Mar/2019:07:28:12 +0000] "GET /help HTTP/1.1" 200 78406 "" "curl/7.59.0-DEV"
172.20.0.1 - - [03/Mar/2019:07:28:20 +0000] "POST /profile HTTP/1.1" 200 46 "http://localhost:81/profile" "Mozilla/5.0 (Windows NT 10.0; WOW64) AppleWebKit/537.36 (KHTML, like Gecko) Chrome/71.0.3578.98 Safari/537.36"
172.20.0.1 - - [03/Mar/2019:07:28:21 +0000] "GET /profile/chat_names HTTP/1.1" 200 7476 "http://localhost:81/profile" "Mozilla/5.0 (Windows NT 10.0; WOW64) AppleWebKit/537.36 (KHTML, like Gecko) Chrome/71.0.3578.98 Safari/537.36"
172.20.0.1 - - [03/Mar/2019:07:28:22 +0000] "GET /profile/applications HTTP/1.1" 200 8171 "http://localhost:81/profile/chat_names" "Mozilla/5.0 (Windows NT 10.0; WOW64) AppleWebKit/537.36 (KHTML, like Gecko) Chrome/71.0.3578.98 Safari/537.36"
172.20.0.1 - - [03/Mar/2019:07:28:24 +0000] "GET /profile HTTP/1.1" 200 10570 "http://localhost:81/profile/applications" "Mozilla/5.0 (Windows NT 10.0; WOW64) AppleWebKit/537.36 (KHTML, like Gecko) Chrome/71.0.3578.98 Safari/537.36"
172.20.0.1 - - [03/Mar/2019:07:28:25 +0000] "GET /profile/personal_access_tokens HTTP/1.1" 200 9048 "http://localhost:81/profile" "Mozilla/5.0 (Windows NT 10.0; WOW64) AppleWebKit/537.36 (KHTML, like Gecko) Chrome/71.0.3578.98 Safari/537.36"
172.20.0.1 - - [03/Mar/2019:07:28:46 +0000] "GET /profile HTTP/1.1" 200 10578 "http://localhost:81/profile/personal_access_tokens" "Mozilla/5.0 (Windows NT 10.0; WOW64) AppleWebKit/537.36 (KHTML, like Gecko) Chrome/71.0.3578.98 Safari/537.36"
127.0.0.1 - - [03/Mar/2019:07:29:13 +0000] "GET /help HTTP/1.1" 200 78406 "" "curl/7.59.0-DEV"
127.0.0.1 - - [03/Mar/2019:07:30:13 +0000] "GET /help HTTP/1.1" 200 78406 "" "curl/7.59.0-DEV"
172.20.0.1 - - [03/Mar/2019:07:31:12 +0000] "GET /profile/account HTTP/1.1" 200 8044 "http://localhost:81/profile" "Mozilla/5.0 (Windows NT 10.0; WOW64) AppleWebKit/537.36 (KHTML, like Gecko) Chrome/71.0.3578.98 Safari/537.36"
127.0.0.1 - - [03/Mar/2019:07:31:14 +0000] "GET /help HTTP/1.1" 200 78399 "" "curl/7.59.0-DEV"
172.20.0.1 - - [03/Mar/2019:07:31:14 +0000] "GET /profile HTTP/1.1" 200 10572 "http://localhost:81/profile/account" "Mozilla/5.0 (Windows NT 10.0; WOW64) AppleWebKit/537.36 (KHTML, like Gecko) Chrome/71.0.3578.98 Safari/537.36"
172.20.0.1 - - [03/Mar/2019:07:31:25 +0000] "POST /profile HTTP/1.1" 200 46 "http://localhost:81/profile" "Mozilla/5.0 (Windows NT 10.0; WOW64) AppleWebKit/537.36 (KHTML, like Gecko) Chrome/71.0.3578.98 Safari/537.36"
172.20.0.1 - - [03/Mar/2019:07:31:33 +0000] "GET /profile/account HTTP/1.1" 200 7999 "http://localhost:81/profile" "Mozilla/5.0 (Windows NT 10.0; WOW64) AppleWebKit/537.36 (KHTML, like Gecko) Chrome/71.0.3578.98 Safari/537.36"
172.20.0.1 - - [03/Mar/2019:07:31:33 +0000] "GET /uploads/-/system/user/avatar/1/avatar.png?width=40 HTTP/1.1" 200 8816 "http://localhost:81/profile/account" "Mozilla/5.0 (Windows NT 10.0; WOW64) AppleWebKit/537.36 (KHTML, like Gecko) Chrome/71.0.3578.98 Safari/537.36"
172.20.0.1 - - [03/Mar/2019:07:31:33 +0000] "GET /uploads/-/system/user/avatar/1/avatar.png?width=23 HTTP/1.1" 200 8816 "http://localhost:81/profile/account" "Mozilla/5.0 (Windows NT 10.0; WOW64) AppleWebKit/537.36 (KHTML, like Gecko) Chrome/71.0.3578.98 Safari/537.36"
172.20.0.1 - - [03/Mar/2019:07:32:04 +0000] "GET /profile HTTP/1.1" 200 10629 "http://localhost:81/profile/account" "Mozilla/5.0 (Windows NT 10.0; WOW64) AppleWebKit/537.36 (KHTML, like Gecko) Chrome/71.0.3578.98 Safari/537.36"
172.20.0.1 - - [03/Mar/2019:07:32:04 +0000] "GET /uploads/-/system/user/avatar/1/avatar.png?width=160 HTTP/1.1" 200 8816 "http://localhost:81/profile" "Mozilla/5.0 (Windows NT 10.0; WOW64) AppleWebKit/537.36 (KHTML, like Gecko) Chrome/71.0.3578.98 Safari/537.36"
172.20.0.1 - - [03/Mar/2019:07:32:04 +0000] "GET /uploads/-/system/user/avatar/1/avatar.png?width=23 HTTP/1.1" 304 0 "http://localhost:81/profile" "Mozilla/5.0 (Windows NT 10.0; WOW64) AppleWebKit/537.36 (KHTML, like Gecko) Chrome/71.0.3578.98 Safari/537.36"
172.20.0.1 - - [03/Mar/2019:07:32:04 +0000] "GET /uploads/-/system/user/avatar/1/avatar.png?width=40 HTTP/1.1" 304 0 "http://localhost:81/profile" "Mozilla/5.0 (Windows NT 10.0; WOW64) AppleWebKit/537.36 (KHTML, like Gecko) Chrome/71.0.3578.98 Safari/537.36"
127.0.0.1 - - [03/Mar/2019:07:32:14 +0000] "GET /help HTTP/1.1" 200 78399 "" "curl/7.59.0-DEV"
172.20.0.1 - - [03/Mar/2019:07:32:18 +0000] "GET /profile/account HTTP/1.1" 200 8002 "http://localhost:81/profile" "Mozilla/5.0 (Windows NT 10.0; WOW64) AppleWebKit/537.36 (KHTML, like Gecko) Chrome/71.0.3578.98 Safari/537.36"
172.20.0.1 - - [03/Mar/2019:07:32:19 +0000] "GET /uploads/-/system/user/avatar/1/avatar.png?width=40 HTTP/1.1" 304 0 "http://localhost:81/profile/account" "Mozilla/5.0 (Windows NT 10.0; WOW64) AppleWebKit/537.36 (KHTML, like Gecko) Chrome/71.0.3578.98 Safari/537.36"
172.20.0.1 - - [03/Mar/2019:07:32:19 +0000] "GET /uploads/-/system/user/avatar/1/avatar.png?width=23 HTTP/1.1" 304 0 "http://localhost:81/profile/account" "Mozilla/5.0 (Windows NT 10.0; WOW64) AppleWebKit/537.36 (KHTML, like Gecko) Chrome/71.0.3578.98 Safari/537.36"
172.20.0.1 - - [03/Mar/2019:07:32:20 +0000] "GET /profile/applications HTTP/1.1" 200 8133 "http://localhost:81/profile/account" "Mozilla/5.0 (Windows NT 10.0; WOW64) AppleWebKit/537.36 (KHTML, like Gecko) Chrome/71.0.3578.98 Safari/537.36"
172.20.0.1 - - [03/Mar/2019:07:32:21 +0000] "GET /uploads/-/system/user/avatar/1/avatar.png?width=23 HTTP/1.1" 304 0 "http://localhost:81/profile/applications" "Mozilla/5.0 (Windows NT 10.0; WOW64) AppleWebKit/537.36 (KHTML, like Gecko) Chrome/71.0.3578.98 Safari/537.36"
172.20.0.1 - - [03/Mar/2019:07:32:21 +0000] "GET /uploads/-/system/user/avatar/1/avatar.png?width=40 HTTP/1.1" 304 0 "http://localhost:81/profile/applications" "Mozilla/5.0 (Windows NT 10.0; WOW64) AppleWebKit/537.36 (KHTML, like Gecko) Chrome/71.0.3578.98 Safari/537.36"
172.20.0.1 - - [03/Mar/2019:07:32:26 +0000] "GET /profile/chat_names HTTP/1.1" 200 7446 "http://localhost:81/profile/applications" "Mozilla/5.0 (Windows NT 10.0; WOW64) AppleWebKit/537.36 (KHTML, like Gecko) Chrome/71.0.3578.98 Safari/537.36"
172.20.0.1 - - [03/Mar/2019:07:32:27 +0000] "GET /uploads/-/system/user/avatar/1/avatar.png?width=40 HTTP/1.1" 304 0 "http://localhost:81/profile/chat_names" "Mozilla/5.0 (Windows NT 10.0; WOW64) AppleWebKit/537.36 (KHTML, like Gecko) Chrome/71.0.3578.98 Safari/537.36"
172.20.0.1 - - [03/Mar/2019:07:32:27 +0000] "GET /uploads/-/system/user/avatar/1/avatar.png?width=23 HTTP/1.1" 304 0 "http://localhost:81/profile/chat_names" "Mozilla/5.0 (Windows NT 10.0; WOW64) AppleWebKit/537.36 (KHTML, like Gecko) Chrome/71.0.3578.98 Safari/537.36"
172.20.0.1 - - [03/Mar/2019:07:32:35 +0000] "GET /profile/personal_access_tokens HTTP/1.1" 200 9009 "http://localhost:81/profile/chat_names" "Mozilla/5.0 (Windows NT 10.0; WOW64) AppleWebKit/537.36 (KHTML, like Gecko) Chrome/71.0.3578.98 Safari/537.36"
172.20.0.1 - - [03/Mar/2019:07:32:35 +0000] "GET /uploads/-/system/user/avatar/1/avatar.png?width=23 HTTP/1.1" 304 0 "http://localhost:81/profile/personal_access_tokens" "Mozilla/5.0 (Windows NT 10.0; WOW64) AppleWebKit/537.36 (KHTML, like Gecko) Chrome/71.0.3578.98 Safari/537.36"
172.20.0.1 - - [03/Mar/2019:07:32:35 +0000] "GET /uploads/-/system/user/avatar/1/avatar.png?width=40 HTTP/1.1" 304 0 "http://localhost:81/profile/personal_access_tokens" "Mozilla/5.0 (Windows NT 10.0; WOW64) AppleWebKit/537.36 (KHTML, like Gecko) Chrome/71.0.3578.98 Safari/537.36"
172.20.0.1 - - [03/Mar/2019:07:32:43 +0000] "GET /profile/emails HTTP/1.1" 200 7977 "http://localhost:81/profile/personal_access_tokens" "Mozilla/5.0 (Windows NT 10.0; WOW64) AppleWebKit/537.36 (KHTML, like Gecko) Chrome/71.0.3578.98 Safari/537.36"
172.20.0.1 - - [03/Mar/2019:07:32:44 +0000] "GET /uploads/-/system/user/avatar/1/avatar.png?width=23 HTTP/1.1" 304 0 "http://localhost:81/profile/emails" "Mozilla/5.0 (Windows NT 10.0; WOW64) AppleWebKit/537.36 (KHTML, like Gecko) Chrome/71.0.3578.98 Safari/537.36"
172.20.0.1 - - [03/Mar/2019:07:32:44 +0000] "GET /uploads/-/system/user/avatar/1/avatar.png?width=40 HTTP/1.1" 304 0 "http://localhost:81/profile/emails" "Mozilla/5.0 (Windows NT 10.0; WOW64) AppleWebKit/537.36 (KHTML, like Gecko) Chrome/71.0.3578.98 Safari/537.36"
172.20.0.1 - - [03/Mar/2019:07:32:47 +0000] "GET /profile/password/edit HTTP/1.1" 200 7961 "http://localhost:81/profile/emails" "Mozilla/5.0 (Windows NT 10.0; WOW64) AppleWebKit/537.36 (KHTML, like Gecko) Chrome/71.0.3578.98 Safari/537.36"
