172.20.0.1 - - [03/Mar/2019:08:01:39 +0000] "GET /profile/applications HTTP/1.1" 200 8094 "http://192.168.112.232:81/profile" "Mozilla/5.0 (Macintosh; Intel Mac OS X 10_13_6) AppleWebKit/537.36 (KHTML, like Gecko) Chrome/72.0.3626.109 Safari/537.36"
172.20.0.1 - - [03/Mar/2019:08:01:39 +0000] "GET /assets/webpack/default.18d7b4f9.chunk.js HTTP/1.1" 200 159 "http://192.168.112.232:81/profile/applications" "Mozilla/5.0 (Macintosh; Intel Mac OS X 10_13_6) AppleWebKit/537.36 (KHTML, like Gecko) Chrome/72.0.3626.109 Safari/537.36"
172.20.0.1 - - [03/Mar/2019:08:01:46 +0000] "GET /profile/chat_names HTTP/1.1" 200 7387 "http://192.168.112.232:81/profile/applications" "Mozilla/5.0 (Macintosh; Intel Mac OS X 10_13_6) AppleWebKit/537.36 (KHTML, like Gecko) Chrome/72.0.3626.109 Safari/537.36"
172.20.0.1 - - [03/Mar/2019:08:01:46 +0000] "GET /assets/webpack/pages.profiles.c73b0b80.chunk.js HTTP/1.1" 200 175 "http://192.168.112.232:81/profile/chat_names" "Mozilla/5.0 (Macintosh; Intel Mac OS X 10_13_6) AppleWebKit/537.36 (KHTML, like Gecko) Chrome/72.0.3626.109 Safari/537.36"
172.20.0.1 - - [03/Mar/2019:08:01:47 +0000] "GET /profile/personal_access_tokens HTTP/1.1" 200 9074 "http://192.168.112.232:81/profile/chat_names" "Mozilla/5.0 (Macintosh; Intel Mac OS X 10_13_6) AppleWebKit/537.36 (KHTML, like Gecko) Chrome/72.0.3626.109 Safari/537.36"
172.20.0.1 - - [03/Mar/2019:08:02:18 +0000] "GET /profile/applications HTTP/1.1" 200 8098 "http://192.168.112.232:81/profile/personal_access_tokens" "Mozilla/5.0 (Macintosh; Intel Mac OS X 10_13_6) AppleWebKit/537.36 (KHTML, like Gecko) Chrome/72.0.3626.109 Safari/537.36"
127.0.0.1 - - [03/Mar/2019:08:02:29 +0000] "GET /help HTTP/1.1" 200 78399 "" "curl/7.59.0-DEV"
172.20.0.1 - - [03/Mar/2019:08:02:54 +0000] "POST /oauth/applications HTTP/1.1" 200 8208 "http://192.168.112.232:81/profile/applications" "Mozilla/5.0 (Macintosh; Intel Mac OS X 10_13_6) AppleWebKit/537.36 (KHTML, like Gecko) Chrome/72.0.3626.109 Safari/537.36"
172.20.0.1 - - [03/Mar/2019:08:03:07 +0000] "GET /profile HTTP/1.1" 200 10490 "http://192.168.112.232:81/oauth/applications" "Mozilla/5.0 (Macintosh; Intel Mac OS X 10_13_6) AppleWebKit/537.36 (KHTML, like Gecko) Chrome/72.0.3626.109 Safari/537.36"
172.20.0.1 - - [03/Mar/2019:08:03:15 +0000] "GET /profile/applications HTTP/1.1" 200 8093 "http://192.168.112.232:81/profile" "Mozilla/5.0 (Macintosh; Intel Mac OS X 10_13_6) AppleWebKit/537.36 (KHTML, like Gecko) Chrome/72.0.3626.109 Safari/537.36"
172.20.0.1 - - [03/Mar/2019:08:03:21 +0000] "GET /profile/active_sessions HTTP/1.1" 200 7797 "http://192.168.112.232:81/profile/applications" "Mozilla/5.0 (Macintosh; Intel Mac OS X 10_13_6) AppleWebKit/537.36 (KHTML, like Gecko) Chrome/72.0.3626.109 Safari/537.36"
172.20.0.1 - - [03/Mar/2019:08:03:26 +0000] "GET /profile HTTP/1.1" 200 10487 "http://192.168.112.232:81/profile/active_sessions" "Mozilla/5.0 (Macintosh; Intel Mac OS X 10_13_6) AppleWebKit/537.36 (KHTML, like Gecko) Chrome/72.0.3626.109 Safari/537.36"
127.0.0.1 - - [03/Mar/2019:08:03:29 +0000] "GET /help HTTP/1.1" 200 78406 "" "curl/7.59.0-DEV"
127.0.0.1 - - [03/Mar/2019:08:04:30 +0000] "GET /help HTTP/1.1" 200 78399 "" "curl/7.59.0-DEV"
127.0.0.1 - - [03/Mar/2019:08:05:30 +0000] "GET /help HTTP/1.1" 200 78399 "" "curl/7.59.0-DEV"
127.0.0.1 - - [03/Mar/2019:08:06:30 +0000] "GET /help HTTP/1.1" 200 78399 "" "curl/7.59.0-DEV"
127.0.0.1 - - [03/Mar/2019:08:07:31 +0000] "GET /help HTTP/1.1" 200 78406 "" "curl/7.59.0-DEV"
127.0.0.1 - - [03/Mar/2019:08:08:31 +0000] "GET /help HTTP/1.1" 200 78406 "" "curl/7.59.0-DEV"
172.20.0.1 - - [03/Mar/2019:08:09:13 +0000] "GET /profile HTTP/1.1" 200 10491 "http://192.168.112.232:81/profile/personal_access_tokens" "Mozilla/5.0 (Macintosh; Intel Mac OS X 10_13_6) AppleWebKit/537.36 (KHTML, like Gecko) Chrome/72.0.3626.109 Safari/537.36"
172.20.0.1 - - [03/Mar/2019:08:09:18 +0000] "GET /dashboard/activity HTTP/1.1" 200 6680 "http://192.168.112.232:81/profile" "Mozilla/5.0 (Macintosh; Intel Mac OS X 10_13_6) AppleWebKit/537.36 (KHTML, like Gecko) Chrome/72.0.3626.109 Safari/537.36"
172.20.0.1 - - [03/Mar/2019:08:09:18 +0000] "GET /assets/webpack/pages.dashboard.activity.7e903a32.chunk.js HTTP/1.1" 200 1321 "http://192.168.112.232:81/dashboard/activity" "Mozilla/5.0 (Macintosh; Intel Mac OS X 10_13_6) AppleWebKit/537.36 (KHTML, like Gecko) Chrome/72.0.3626.109 Safari/537.36"
172.20.0.1 - - [03/Mar/2019:08:09:18 +0000] "GET /dashboard/activity?limit=20&offset=0 HTTP/1.1" 200 522 "http://192.168.112.232:81/dashboard/activity" "Mozilla/5.0 (Macintosh; Intel Mac OS X 10_13_6) AppleWebKit/537.36 (KHTML, like Gecko) Chrome/72.0.3626.109 Safari/537.36"
172.20.0.1 - - [03/Mar/2019:08:09:25 +0000] "GET /dashboard/activity HTTP/1.1" 200 6676 "http://192.168.112.232:81/profile" "Mozilla/5.0 (Macintosh; Intel Mac OS X 10_13_6) AppleWebKit/537.36 (KHTML, like Gecko) Chrome/72.0.3626.109 Safari/537.36"
172.20.0.1 - - [03/Mar/2019:08:09:25 +0000] "GET /assets/favicon-7901bd695fb93edb07975966062049829afb56cf11511236e61bcf425070e36e.png HTTP/1.1" 200 1611 "http://192.168.112.232:81/dashboard/activity" "Mozilla/5.0 (Macintosh; Intel Mac OS X 10_13_6) AppleWebKit/537.36 (KHTML, like Gecko) Chrome/72.0.3626.109 Safari/537.36"
172.20.0.1 - - [03/Mar/2019:08:09:25 +0000] "GET /dashboard/activity?limit=20&offset=0 HTTP/1.1" 200 522 "http://192.168.112.232:81/dashboard/activity" "Mozilla/5.0 (Macintosh; Intel Mac OS X 10_13_6) AppleWebKit/537.36 (KHTML, like Gecko) Chrome/72.0.3626.109 Safari/537.36"
172.20.0.1 - - [03/Mar/2019:08:09:29 +0000] "GET / HTTP/1.1" 200 8040 "http://192.168.112.232:81/dashboard/activity" "Mozilla/5.0 (Macintosh; Intel Mac OS X 10_13_6) AppleWebKit/537.36 (KHTML, like Gecko) Chrome/72.0.3626.109 Safari/537.36"
172.20.0.1 - - [03/Mar/2019:08:09:29 +0000] "GET /assets/webpack/pages.root.af0afbf4.chunk.js HTTP/1.1" 200 1120 "http://192.168.112.232:81/" "Mozilla/5.0 (Macintosh; Intel Mac OS X 10_13_6) AppleWebKit/537.36 (KHTML, like Gecko) Chrome/72.0.3626.109 Safari/537.36"
127.0.0.1 - - [03/Mar/2019:08:09:32 +0000] "GET /help HTTP/1.1" 200 78399 "" "curl/7.59.0-DEV"
172.20.0.1 - - [03/Mar/2019:08:09:36 +0000] "GET / HTTP/1.1" 200 8044 "http://192.168.112.232:81/" "Mozilla/5.0 (Macintosh; Intel Mac OS X 10_13_6) AppleWebKit/537.36 (KHTML, like Gecko) Chrome/72.0.3626.109 Safari/537.36"
172.20.0.1 - - [03/Mar/2019:08:09:38 +0000] "GET /projects/new HTTP/1.1" 200 13085 "http://192.168.112.232:81/" "Mozilla/5.0 (Macintosh; Intel Mac OS X 10_13_6) AppleWebKit/537.36 (KHTML, like Gecko) Chrome/72.0.3626.109 Safari/537.36"
172.20.0.1 - - [03/Mar/2019:08:09:38 +0000] "GET /assets/webpack/pages.projects.new.43aae69e.chunk.js HTTP/1.1" 200 4809 "http://192.168.112.232:81/projects/new" "Mozilla/5.0 (Macintosh; Intel Mac OS X 10_13_6) AppleWebKit/537.36 (KHTML, like Gecko) Chrome/72.0.3626.109 Safari/537.36"
172.20.0.1 - - [03/Mar/2019:08:09:38 +0000] "GET /assets/webpack/commons~pages.groups~pages.groups.activity~pages.groups.boards~pages.groups.clusters.destroy~pages.g~99a59a9e.dd9cf9fb.chunk.js HTTP/1.1" 200 5040 "http://192.168.112.232:81/projects/new" "Mozilla/5.0 (Macintosh; Intel Mac OS X 10_13_6) AppleWebKit/537.36 (KHTML, like Gecko) Chrome/72.0.3626.109 Safari/537.36"
172.20.0.1 - - [03/Mar/2019:08:10:24 +0000] "POST /projects HTTP/1.1" 302 113 "http://192.168.112.232:81/projects/new" "Mozilla/5.0 (Macintosh; Intel Mac OS X 10_13_6) AppleWebKit/537.36 (KHTML, like Gecko) Chrome/72.0.3626.109 Safari/537.36"
172.20.0.1 - - [03/Mar/2019:08:10:26 +0000] "GET /Carbons/docker-gitlab HTTP/1.1" 200 16706 "http://192.168.112.232:81/projects/new" "Mozilla/5.0 (Macintosh; Intel Mac OS X 10_13_6) AppleWebKit/537.36 (KHTML, like Gecko) Chrome/72.0.3626.109 Safari/537.36"
172.20.0.1 - - [03/Mar/2019:08:10:26 +0000] "GET /assets/webpack/commons~pages.groups.milestones.edit~pages.groups.milestones.new~pages.projects.blame.show~pages.pro~bedd5722.087ab757.chunk.js HTTP/1.1" 200 11358 "http://192.168.112.232:81/Carbons/docker-gitlab" "Mozilla/5.0 (Macintosh; Intel Mac OS X 10_13_6) AppleWebKit/537.36 (KHTML, like Gecko) Chrome/72.0.3626.109 Safari/537.36"
172.20.0.1 - - [03/Mar/2019:08:10:26 +0000] "GET /assets/webpack/pages.projects.show.36f066ba.chunk.js HTTP/1.1" 200 10920 "http://192.168.112.232:81/Carbons/docker-gitlab" "Mozilla/5.0 (Macintosh; Intel Mac OS X 10_13_6) AppleWebKit/537.36 (KHTML, like Gecko) Chrome/72.0.3626.109 Safari/537.36"
172.20.0.1 - - [03/Mar/2019:08:10:26 +0000] "GET /Carbons/docker-gitlab/blob/master/README.md?format=json&viewer=rich HTTP/1.1" 200 1039 "http://192.168.112.232:81/Carbons/docker-gitlab" "Mozilla/5.0 (Macintosh; Intel Mac OS X 10_13_6) AppleWebKit/537.36 (KHTML, like Gecko) Chrome/72.0.3626.109 Safari/537.36"
172.20.0.1 - - [03/Mar/2019:08:10:26 +0000] "GET /Carbons/docker-gitlab/refs/master/logs_tree/?format=js HTTP/1.1" 200 686 "http://192.168.112.232:81/Carbons/docker-gitlab" "Mozilla/5.0 (Macintosh; Intel Mac OS X 10_13_6) AppleWebKit/537.36 (KHTML, like Gecko) Chrome/72.0.3626.109 Safari/537.36"
172.20.0.1 - - [03/Mar/2019:08:10:26 +0000] "GET /assets/icon_anchor-297aa9b0225eff3d6d0da74ce042a0ed5575b92aa66b7109a5e060a795b42e36.svg HTTP/1.1" 200 496 "http://192.168.112.232:81/assets/application-e26a276298f24265784769e832caf976e30efdf8b813712fba20da91fbf0e405.css" "Mozilla/5.0 (Macintosh; Intel Mac OS X 10_13_6) AppleWebKit/537.36 (KHTML, like Gecko) Chrome/72.0.3626.109 Safari/537.36"
172.20.0.1 - - [03/Mar/2019:08:10:26 +0000] "GET /Carbons/docker-gitlab/commits/master/signatures HTTP/1.1" 200 17 "http://192.168.112.232:81/Carbons/docker-gitlab" "Mozilla/5.0 (Macintosh; Intel Mac OS X 10_13_6) AppleWebKit/537.36 (KHTML, like Gecko) Chrome/72.0.3626.109 Safari/537.36"
127.0.0.1 - - [03/Mar/2019:08:10:33 +0000] "GET /help HTTP/1.1" 200 78406 "" "curl/7.59.0-DEV"
127.0.0.1 - - [03/Mar/2019:08:11:33 +0000] "GET /help HTTP/1.1" 200 78399 "" "curl/7.59.0-DEV"
172.20.0.1 - - [03/Mar/2019:08:12:01 +0000] "GET /profile/personal_access_tokens HTTP/1.1" 200 9072 "" "Mozilla/5.0 (Macintosh; Intel Mac OS X 10_13_6) AppleWebKit/537.36 (KHTML, like Gecko) Chrome/72.0.3626.109 Safari/537.36"
172.20.0.1 - - [03/Mar/2019:08:12:26 +0000] "POST /profile/personal_access_tokens/1/revoke HTTP/1.1" 302 122 "http://192.168.112.232:81/profile/personal_access_tokens" "Mozilla/5.0 (Macintosh; Intel Mac OS X 10_13_6) AppleWebKit/537.36 (KHTML, like Gecko) Chrome/72.0.3626.109 Safari/537.36"
172.20.0.1 - - [03/Mar/2019:08:12:26 +0000] "GET /profile/personal_access_tokens HTTP/1.1" 200 8928 "http://192.168.112.232:81/profile/personal_access_tokens" "Mozilla/5.0 (Macintosh; Intel Mac OS X 10_13_6) AppleWebKit/537.36 (KHTML, like Gecko) Chrome/72.0.3626.109 Safari/537.36"
127.0.0.1 - - [03/Mar/2019:08:12:34 +0000] "GET /help HTTP/1.1" 200 78399 "" "curl/7.59.0-DEV"
172.20.0.1 - - [03/Mar/2019:08:13:18 +0000] "POST /profile/personal_access_tokens HTTP/1.1" 302 122 "http://192.168.112.232:81/profile/personal_access_tokens" "Mozilla/5.0 (Macintosh; Intel Mac OS X 10_13_6) AppleWebKit/537.36 (KHTML, like Gecko) Chrome/72.0.3626.109 Safari/537.36"
172.20.0.1 - - [03/Mar/2019:08:13:18 +0000] "GET /profile/personal_access_tokens HTTP/1.1" 200 9418 "http://192.168.112.232:81/profile/personal_access_tokens" "Mozilla/5.0 (Macintosh; Intel Mac OS X 10_13_6) AppleWebKit/537.36 (KHTML, like Gecko) Chrome/72.0.3626.109 Safari/537.36"
127.0.0.1 - - [03/Mar/2019:08:13:34 +0000] "GET /help HTTP/1.1" 200 78406 "" "curl/7.59.0-DEV"
172.20.0.1 - - [03/Mar/2019:08:13:41 +0000] "GET /api/v4/user?private_token=[FILTERED] HTTP/1.1" 200 743 "" "org.gitlab.api.GitlabAPI/1.8.0_152-release"
172.20.0.1 - - [03/Mar/2019:08:13:44 +0000] "GET /api/v4/projects?membership=true&per_page=100&private_token=[FILTERED] HTTP/1.1" 200 2059 "" "org.gitlab.api.GitlabAPI/1.8.0_152-release"
172.20.0.1 - - [03/Mar/2019:08:13:44 +0000] "GET /api/v4/projects?membership=true&per_page=100&&page=2&private_token=[FILTERED] HTTP/1.1" 200 2 "" "org.gitlab.api.GitlabAPI/1.8.0_152-release"
172.20.0.1 - - [03/Mar/2019:08:14:11 +0000] "GET /api/v4/namespaces?private_token=[FILTERED] HTTP/1.1" 200 97 "" "org.gitlab.api.GitlabAPI/1.8.0_152-release"
172.20.0.1 - - [03/Mar/2019:08:14:11 +0000] "GET /api/v4/namespaces?&page=2&private_token=[FILTERED] HTTP/1.1" 200 2 "" "org.gitlab.api.GitlabAPI/1.8.0_152-release"
127.0.0.1 - - [03/Mar/2019:08:14:37 +0000] "GET /help HTTP/1.1" 200 78399 "" "curl/7.59.0-DEV"
172.20.0.1 - - [03/Mar/2019:08:14:42 +0000] "GET /Carbons/docker-gitlab HTTP/1.1" 200 16746 "http://192.168.112.232:81/Carbons/docker-gitlab" "Mozilla/5.0 (Macintosh; Intel Mac OS X 10_13_6) AppleWebKit/537.36 (KHTML, like Gecko) Chrome/72.0.3626.109 Safari/537.36"
172.20.0.1 - - [03/Mar/2019:08:14:42 +0000] "GET /Carbons/docker-gitlab/blob/master/README.md?format=json&viewer=rich HTTP/1.1" 200 1039 "http://192.168.112.232:81/Carbons/docker-gitlab" "Mozilla/5.0 (Macintosh; Intel Mac OS X 10_13_6) AppleWebKit/537.36 (KHTML, like Gecko) Chrome/72.0.3626.109 Safari/537.36"
172.20.0.1 - - [03/Mar/2019:08:14:42 +0000] "GET /Carbons/docker-gitlab/refs/master/logs_tree/?format=js HTTP/1.1" 200 686 "http://192.168.112.232:81/Carbons/docker-gitlab" "Mozilla/5.0 (Macintosh; Intel Mac OS X 10_13_6) AppleWebKit/537.36 (KHTML, like Gecko) Chrome/72.0.3626.109 Safari/537.36"
172.20.0.1 - - [03/Mar/2019:08:14:42 +0000] "GET /Carbons/docker-gitlab/commits/master/signatures HTTP/1.1" 200 17 "http://192.168.112.232:81/Carbons/docker-gitlab" "Mozilla/5.0 (Macintosh; Intel Mac OS X 10_13_6) AppleWebKit/537.36 (KHTML, like Gecko) Chrome/72.0.3626.109 Safari/537.36"
172.20.0.1 - - [03/Mar/2019:08:15:01 +0000] "GET /Carbons/docker-gitlab/tree/master HTTP/1.1" 200 12744 "http://192.168.112.232:81/Carbons/docker-gitlab" "Mozilla/5.0 (Macintosh; Intel Mac OS X 10_13_6) AppleWebKit/537.36 (KHTML, like Gecko) Chrome/72.0.3626.109 Safari/537.36"
172.20.0.1 - - [03/Mar/2019:08:15:01 +0000] "GET /assets/webpack/pages.projects.tree.show.22bc621b.chunk.js HTTP/1.1" 200 11644 "http://192.168.112.232:81/Carbons/docker-gitlab/tree/master" "Mozilla/5.0 (Macintosh; Intel Mac OS X 10_13_6) AppleWebKit/537.36 (KHTML, like Gecko) Chrome/72.0.3626.109 Safari/537.36"
172.20.0.1 - - [03/Mar/2019:08:15:01 +0000] "GET /Carbons/docker-gitlab/refs/master/logs_tree/?format=js HTTP/1.1" 200 686 "http://192.168.112.232:81/Carbons/docker-gitlab/tree/master" "Mozilla/5.0 (Macintosh; Intel Mac OS X 10_13_6) AppleWebKit/537.36 (KHTML, like Gecko) Chrome/72.0.3626.109 Safari/537.36"
172.20.0.1 - - [03/Mar/2019:08:15:01 +0000] "GET /Carbons/docker-gitlab/blob/master/README.md?format=json&viewer=rich HTTP/1.1" 200 1039 "http://192.168.112.232:81/Carbons/docker-gitlab/tree/master" "Mozilla/5.0 (Macintosh; Intel Mac OS X 10_13_6) AppleWebKit/537.36 (KHTML, like Gecko) Chrome/72.0.3626.109 Safari/537.36"
172.20.0.1 - - [03/Mar/2019:08:15:02 +0000] "GET /Carbons/docker-gitlab/commits/98579cfc680a087a51d16e5fe03d924aec537007/signatures HTTP/1.1" 200 17 "http://192.168.112.232:81/Carbons/docker-gitlab/tree/master" "Mozilla/5.0 (Macintosh; Intel Mac OS X 10_13_6) AppleWebKit/537.36 (KHTML, like Gecko) Chrome/72.0.3626.109 Safari/537.36"
172.20.0.1 - - [03/Mar/2019:08:15:02 +0000] "GET /Carbons/docker-gitlab/commit/98579cfc680a087a51d16e5fe03d924aec537007/pipelines?ref=master HTTP/1.1" 200 1016 "http://192.168.112.232:81/Carbons/docker-gitlab/tree/master" "Mozilla/5.0 (Macintosh; Intel Mac OS X 10_13_6) AppleWebKit/537.36 (KHTML, like Gecko) Chrome/72.0.3626.109 Safari/537.36"
172.20.0.1 - - [03/Mar/2019:08:15:11 +0000] "GET /profile HTTP/1.1" 200 10489 "http://192.168.112.232:81/Carbons/docker-gitlab/tree/master" "Mozilla/5.0 (Macintosh; Intel Mac OS X 10_13_6) AppleWebKit/537.36 (KHTML, like Gecko) Chrome/72.0.3626.109 Safari/537.36"
172.20.0.1 - - [03/Mar/2019:08:15:19 +0000] "GET /dashboard/projects HTTP/1.1" 200 7786 "http://192.168.112.232:81/profile" "Mozilla/5.0 (Macintosh; Intel Mac OS X 10_13_6) AppleWebKit/537.36 (KHTML, like Gecko) Chrome/72.0.3626.109 Safari/537.36"
172.20.0.1 - - [03/Mar/2019:08:15:19 +0000] "GET /assets/webpack/pages.dashboard.projects.c0813d3a.chunk.js HTTP/1.1" 200 1118 "http://192.168.112.232:81/dashboard/projects" "Mozilla/5.0 (Macintosh; Intel Mac OS X 10_13_6) AppleWebKit/537.36 (KHTML, like Gecko) Chrome/72.0.3626.109 Safari/537.36"
172.20.0.1 - - [03/Mar/2019:08:15:29 +0000] "GET /Carbons/docker-gitlab/commit/98579cfc680a087a51d16e5fe03d924aec537007/pipelines?ref=master HTTP/1.1" 200 11054 "http://192.168.112.232:81/dashboard/projects" "Mozilla/5.0 (Macintosh; Intel Mac OS X 10_13_6) AppleWebKit/537.36 (KHTML, like Gecko) Chrome/72.0.3626.109 Safari/537.36"
172.20.0.1 - - [03/Mar/2019:08:15:29 +0000] "GET /assets/webpack/commons~pages.projects.commit.pipelines~pages.projects.jobs.show~pages.projects.pipelines.builds~pag~607ad509.9c5738b2.chunk.js HTTP/1.1" 200 5947 "http://192.168.112.232:81/Carbons/docker-gitlab/commit/98579cfc680a087a51d16e5fe03d924aec537007/pipelines" "Mozilla/5.0 (Macintosh; Intel Mac OS X 10_13_6) AppleWebKit/537.36 (KHTML, like Gecko) Chrome/72.0.3626.109 Safari/537.36"
172.20.0.1 - - [03/Mar/2019:08:15:29 +0000] "GET /assets/webpack/pages.projects.commit.pipelines.9a65d1b6.chunk.js HTTP/1.1" 200 11696 "http://192.168.112.232:81/Carbons/docker-gitlab/commit/98579cfc680a087a51d16e5fe03d924aec537007/pipelines" "Mozilla/5.0 (Macintosh; Intel Mac OS X 10_13_6) AppleWebKit/537.36 (KHTML, like Gecko) Chrome/72.0.3626.109 Safari/537.36"
172.20.0.1 - - [03/Mar/2019:08:15:29 +0000] "GET /Carbons/docker-gitlab/commit/98579cfc680a087a51d16e5fe03d924aec537007/branches HTTP/1.1" 200 251 "http://192.168.112.232:81/Carbons/docker-gitlab/commit/98579cfc680a087a51d16e5fe03d924aec537007/pipelines" "Mozilla/5.0 (Macintosh; Intel Mac OS X 10_13_6) AppleWebKit/537.36 (KHTML, like Gecko) Chrome/72.0.3626.109 Safari/537.36"
172.20.0.1 - - [03/Mar/2019:08:15:30 +0000] "GET /Carbons/docker-gitlab/commit/98579cfc680a087a51d16e5fe03d924aec537007/pipelines.json?page=1 HTTP/1.1" 200 1016 "http://192.168.112.232:81/Carbons/docker-gitlab/commit/98579cfc680a087a51d16e5fe03d924aec537007/pipelines" "Mozilla/5.0 (Macintosh; Intel Mac OS X 10_13_6) AppleWebKit/537.36 (KHTML, like Gecko) Chrome/72.0.3626.109 Safari/537.36"
127.0.0.1 - - [03/Mar/2019:08:15:38 +0000] "GET /help HTTP/1.1" 200 78406 "" "curl/7.59.0-DEV"
172.20.0.1 - - [03/Mar/2019:08:15:40 +0000] "GET /Carbons/docker-gitlab/commit/98579cfc680a087a51d16e5fe03d924aec537007/pipelines.json?page=1 HTTP/1.1" 200 1016 "http://192.168.112.232:81/Carbons/docker-gitlab/commit/98579cfc680a087a51d16e5fe03d924aec537007/pipelines" "Mozilla/5.0 (Macintosh; Intel Mac OS X 10_13_6) AppleWebKit/537.36 (KHTML, like Gecko) Chrome/72.0.3626.109 Safari/537.36"
172.20.0.1 - - [03/Mar/2019:08:15:44 +0000] "POST /Carbons/docker-gitlab/pipelines/1/cancel.json HTTP/1.1" 204 0 "http://192.168.112.232:81/Carbons/docker-gitlab/commit/98579cfc680a087a51d16e5fe03d924aec537007/pipelines" "Mozilla/5.0 (Macintosh; Intel Mac OS X 10_13_6) AppleWebKit/537.36 (KHTML, like Gecko) Chrome/72.0.3626.109 Safari/537.36"
172.20.0.1 - - [03/Mar/2019:08:15:45 +0000] "GET /Carbons/docker-gitlab/commit/98579cfc680a087a51d16e5fe03d924aec537007/pipelines.json?page=1 HTTP/1.1" 200 1011 "http://192.168.112.232:81/Carbons/docker-gitlab/commit/98579cfc680a087a51d16e5fe03d924aec537007/pipelines" "Mozilla/5.0 (Macintosh; Intel Mac OS X 10_13_6) AppleWebKit/537.36 (KHTML, like Gecko) Chrome/72.0.3626.109 Safari/537.36"
172.20.0.1 - - [03/Mar/2019:08:15:50 +0000] "GET /Carbons/docker-gitlab/commit/98579cfc680a087a51d16e5fe03d924aec537007/pipelines.json?page=1 HTTP/1.1" 200 927 "http://192.168.112.232:81/Carbons/docker-gitlab/commit/98579cfc680a087a51d16e5fe03d924aec537007/pipelines" "Mozilla/5.0 (Macintosh; Intel Mac OS X 10_13_6) AppleWebKit/537.36 (KHTML, like Gecko) Chrome/72.0.3626.109 Safari/537.36"
172.20.0.1 - - [03/Mar/2019:08:15:51 +0000] "GET /Carbons/docker-gitlab/pipelines/1 HTTP/1.1" 200 10777 "http://192.168.112.232:81/Carbons/docker-gitlab/commit/98579cfc680a087a51d16e5fe03d924aec537007/pipelines" "Mozilla/5.0 (Macintosh; Intel Mac OS X 10_13_6) AppleWebKit/537.36 (KHTML, like Gecko) Chrome/72.0.3626.109 Safari/537.36"
172.20.0.1 - - [03/Mar/2019:08:15:51 +0000] "GET /assets/webpack/pages.projects.pipelines.show.0c5e2f4e.chunk.js HTTP/1.1" 200 5215 "http://192.168.112.232:81/Carbons/docker-gitlab/pipelines/1" "Mozilla/5.0 (Macintosh; Intel Mac OS X 10_13_6) AppleWebKit/537.36 (KHTML, like Gecko) Chrome/72.0.3626.109 Safari/537.36"
172.20.0.1 - - [03/Mar/2019:08:15:52 +0000] "GET /Carbons/docker-gitlab/pipelines/1/status.json HTTP/1.1" 200 322 "http://192.168.112.232:81/Carbons/docker-gitlab/pipelines/1" "Mozilla/5.0 (Macintosh; Intel Mac OS X 10_13_6) AppleWebKit/537.36 (KHTML, like Gecko) Chrome/72.0.3626.109 Safari/537.36"
172.20.0.1 - - [03/Mar/2019:08:15:52 +0000] "GET /assets/ci_favicons/favicon_status_canceled-ca35321a6cda9943ebdf6631c8057ffd54064f3ba20cfe0ebc4b0b992041c430.png HTTP/1.1" 200 864 "http://192.168.112.232:81/Carbons/docker-gitlab/pipelines/1" "Mozilla/5.0 (Macintosh; Intel Mac OS X 10_13_6) AppleWebKit/537.36 (KHTML, like Gecko) Chrome/72.0.3626.109 Safari/537.36"
172.20.0.1 - - [03/Mar/2019:08:15:52 +0000] "GET /Carbons/docker-gitlab/pipelines/1.json HTTP/1.1" 200 1337 "http://192.168.112.232:81/Carbons/docker-gitlab/pipelines/1" "Mozilla/5.0 (Macintosh; Intel Mac OS X 10_13_6) AppleWebKit/537.36 (KHTML, like Gecko) Chrome/72.0.3626.109 Safari/537.36"
172.20.0.1 - - [03/Mar/2019:08:15:56 +0000] "GET /Carbons/docker-gitlab/-/jobs/1 HTTP/1.1" 200 9252 "http://192.168.112.232:81/Carbons/docker-gitlab/pipelines/1" "Mozilla/5.0 (Macintosh; Intel Mac OS X 10_13_6) AppleWebKit/537.36 (KHTML, like Gecko) Chrome/72.0.3626.109 Safari/537.36"
172.20.0.1 - - [03/Mar/2019:08:15:56 +0000] "GET /assets/webpack/pages.projects.jobs.show.96e639cc.chunk.js HTTP/1.1" 200 14443 "http://192.168.112.232:81/Carbons/docker-gitlab/-/jobs/1" "Mozilla/5.0 (Macintosh; Intel Mac OS X 10_13_6) AppleWebKit/537.36 (KHTML, like Gecko) Chrome/72.0.3626.109 Safari/537.36"
172.20.0.1 - - [03/Mar/2019:08:15:56 +0000] "GET /assets/page_bundles/xterm-1bf81a4fc7a02d3d1c68ce6f6d3e7e21efba34ce3e440440edbdf6499c1ac221.css HTTP/1.1" 200 1652 "http://192.168.112.232:81/Carbons/docker-gitlab/-/jobs/1" "Mozilla/5.0 (Macintosh; Intel Mac OS X 10_13_6) AppleWebKit/537.36 (KHTML, like Gecko) Chrome/72.0.3626.109 Safari/537.36"
172.20.0.1 - - [03/Mar/2019:08:15:56 +0000] "GET /Carbons/docker-gitlab/-/jobs/1/trace.json?state= HTTP/1.1" 200 44 "http://192.168.112.232:81/Carbons/docker-gitlab/-/jobs/1" "Mozilla/5.0 (Macintosh; Intel Mac OS X 10_13_6) AppleWebKit/537.36 (KHTML, like Gecko) Chrome/72.0.3626.109 Safari/537.36"
172.20.0.1 - - [03/Mar/2019:08:15:56 +0000] "GET /Carbons/docker-gitlab/-/jobs/1.json HTTP/1.1" 200 1192 "http://192.168.112.232:81/Carbons/docker-gitlab/-/jobs/1" "Mozilla/5.0 (Macintosh; Intel Mac OS X 10_13_6) AppleWebKit/537.36 (KHTML, like Gecko) Chrome/72.0.3626.109 Safari/537.36"
172.20.0.1 - - [03/Mar/2019:08:15:56 +0000] "GET /assets/illustrations/canceled-job_empty-e31e2dbd80462056c43251a1e3e169d5a273fb902909d54f869ed6fb10da5ed1.svg HTTP/1.1" 200 1638 "http://192.168.112.232:81/Carbons/docker-gitlab/-/jobs/1" "Mozilla/5.0 (Macintosh; Intel Mac OS X 10_13_6) AppleWebKit/537.36 (KHTML, like Gecko) Chrome/72.0.3626.109 Safari/537.36"
172.20.0.1 - - [03/Mar/2019:08:15:57 +0000] "GET /Carbons/docker-gitlab/pipelines/1.json HTTP/1.1" 200 1337 "http://192.168.112.232:81/Carbons/docker-gitlab/-/jobs/1" "Mozilla/5.0 (Macintosh; Intel Mac OS X 10_13_6) AppleWebKit/537.36 (KHTML, like Gecko) Chrome/72.0.3626.109 Safari/537.36"
172.20.0.1 - - [03/Mar/2019:08:15:57 +0000] "GET /Carbons/docker-gitlab/pipelines/1/stage.json?stage=build&retried=1 HTTP/1.1" 200 1445 "http://192.168.112.232:81/Carbons/docker-gitlab/-/jobs/1" "Mozilla/5.0 (Macintosh; Intel Mac OS X 10_13_6) AppleWebKit/537.36 (KHTML, like Gecko) Chrome/72.0.3626.109 Safari/537.36"
172.20.0.1 - - [03/Mar/2019:08:16:02 +0000] "GET /Carbons/docker-gitlab HTTP/1.1" 200 16754 "http://192.168.112.232:81/Carbons/docker-gitlab/-/jobs/1" "Mozilla/5.0 (Macintosh; Intel Mac OS X 10_13_6) AppleWebKit/537.36 (KHTML, like Gecko) Chrome/72.0.3626.109 Safari/537.36"
172.20.0.1 - - [03/Mar/2019:08:16:02 +0000] "GET /Carbons/docker-gitlab/blob/master/README.md?format=json&viewer=rich HTTP/1.1" 200 1039 "http://192.168.112.232:81/Carbons/docker-gitlab" "Mozilla/5.0 (Macintosh; Intel Mac OS X 10_13_6) AppleWebKit/537.36 (KHTML, like Gecko) Chrome/72.0.3626.109 Safari/537.36"
172.20.0.1 - - [03/Mar/2019:08:16:02 +0000] "GET /Carbons/docker-gitlab/refs/master/logs_tree/?format=js HTTP/1.1" 200 686 "http://192.168.112.232:81/Carbons/docker-gitlab" "Mozilla/5.0 (Macintosh; Intel Mac OS X 10_13_6) AppleWebKit/537.36 (KHTML, like Gecko) Chrome/72.0.3626.109 Safari/537.36"
172.20.0.1 - - [03/Mar/2019:08:16:02 +0000] "GET /Carbons/docker-gitlab/commits/master/signatures HTTP/1.1" 200 17 "http://192.168.112.232:81/Carbons/docker-gitlab" "Mozilla/5.0 (Macintosh; Intel Mac OS X 10_13_6) AppleWebKit/537.36 (KHTML, like Gecko) Chrome/72.0.3626.109 Safari/537.36"
172.20.0.1 - - [03/Mar/2019:08:16:13 +0000] "POST /profile?user%5Bhide_no_ssh_key%5D=true HTTP/1.1" 302 113 "http://192.168.112.232:81/Carbons/docker-gitlab" "Mozilla/5.0 (Macintosh; Intel Mac OS X 10_13_6) AppleWebKit/537.36 (KHTML, like Gecko) Chrome/72.0.3626.109 Safari/537.36"
172.20.0.1 - - [03/Mar/2019:08:16:14 +0000] "GET /Carbons/docker-gitlab HTTP/1.1" 200 16417 "http://192.168.112.232:81/Carbons/docker-gitlab" "Mozilla/5.0 (Macintosh; Intel Mac OS X 10_13_6) AppleWebKit/537.36 (KHTML, like Gecko) Chrome/72.0.3626.109 Safari/537.36"
172.20.0.1 - - [03/Mar/2019:08:16:14 +0000] "GET /Carbons/docker-gitlab/refs/master/logs_tree/?format=js HTTP/1.1" 200 686 "http://192.168.112.232:81/Carbons/docker-gitlab" "Mozilla/5.0 (Macintosh; Intel Mac OS X 10_13_6) AppleWebKit/537.36 (KHTML, like Gecko) Chrome/72.0.3626.109 Safari/537.36"
172.20.0.1 - - [03/Mar/2019:08:16:14 +0000] "GET /Carbons/docker-gitlab/blob/master/README.md?format=json&viewer=rich HTTP/1.1" 200 1039 "http://192.168.112.232:81/Carbons/docker-gitlab" "Mozilla/5.0 (Macintosh; Intel Mac OS X 10_13_6) AppleWebKit/537.36 (KHTML, like Gecko) Chrome/72.0.3626.109 Safari/537.36"
172.20.0.1 - - [03/Mar/2019:08:16:14 +0000] "GET /Carbons/docker-gitlab/commits/master/signatures HTTP/1.1" 200 17 "http://192.168.112.232:81/Carbons/docker-gitlab" "Mozilla/5.0 (Macintosh; Intel Mac OS X 10_13_6) AppleWebKit/537.36 (KHTML, like Gecko) Chrome/72.0.3626.109 Safari/537.36"
172.20.0.1 - - [03/Mar/2019:08:16:32 +0000] "GET /Carbons/docker-gitlab/edit HTTP/1.1" 200 14157 "http://192.168.112.232:81/Carbons/docker-gitlab" "Mozilla/5.0 (Macintosh; Intel Mac OS X 10_13_6) AppleWebKit/537.36 (KHTML, like Gecko) Chrome/72.0.3626.109 Safari/537.36"
172.20.0.1 - - [03/Mar/2019:08:16:32 +0000] "GET /assets/webpack/commons~pages.groups.edit~pages.groups.settings.badges~pages.projects.edit.d6b2aa1e.chunk.js HTTP/1.1" 200 5769 "http://192.168.112.232:81/Carbons/docker-gitlab/edit" "Mozilla/5.0 (Macintosh; Intel Mac OS X 10_13_6) AppleWebKit/537.36 (KHTML, like Gecko) Chrome/72.0.3626.109 Safari/537.36"
172.20.0.1 - - [03/Mar/2019:08:16:32 +0000] "GET /assets/webpack/pages.projects.edit.32f2c002.chunk.js HTTP/1.1" 200 7929 "http://192.168.112.232:81/Carbons/docker-gitlab/edit" "Mozilla/5.0 (Macintosh; Intel Mac OS X 10_13_6) AppleWebKit/537.36 (KHTML, like Gecko) Chrome/72.0.3626.109 Safari/537.36"
172.20.0.1 - - [03/Mar/2019:08:16:37 +0000] "GET /Carbons/docker-gitlab HTTP/1.1" 200 16372 "http://192.168.112.232:81/Carbons/docker-gitlab/edit" "Mozilla/5.0 (Macintosh; Intel Mac OS X 10_13_6) AppleWebKit/537.36 (KHTML, like Gecko) Chrome/72.0.3626.109 Safari/537.36"
172.20.0.1 - - [03/Mar/2019:08:16:37 +0000] "GET /Carbons/docker-gitlab/refs/master/logs_tree/?format=js HTTP/1.1" 200 686 "http://192.168.112.232:81/Carbons/docker-gitlab" "Mozilla/5.0 (Macintosh; Intel Mac OS X 10_13_6) AppleWebKit/537.36 (KHTML, like Gecko) Chrome/72.0.3626.109 Safari/537.36"
172.20.0.1 - - [03/Mar/2019:08:16:37 +0000] "GET /Carbons/docker-gitlab/blob/master/README.md?format=json&viewer=rich HTTP/1.1" 200 1039 "http://192.168.112.232:81/Carbons/docker-gitlab" "Mozilla/5.0 (Macintosh; Intel Mac OS X 10_13_6) AppleWebKit/537.36 (KHTML, like Gecko) Chrome/72.0.3626.109 Safari/537.36"
172.20.0.1 - - [03/Mar/2019:08:16:37 +0000] "GET /Carbons/docker-gitlab/commits/master/signatures HTTP/1.1" 200 17 "http://192.168.112.232:81/Carbons/docker-gitlab" "Mozilla/5.0 (Macintosh; Intel Mac OS X 10_13_6) AppleWebKit/537.36 (KHTML, like Gecko) Chrome/72.0.3626.109 Safari/537.36"
127.0.0.1 - - [03/Mar/2019:08:16:38 +0000] "GET /help HTTP/1.1" 200 78399 "" "curl/7.59.0-DEV"
172.20.0.1 - - [03/Mar/2019:08:16:56 +0000] "GET /Carbons/docker-gitlab HTTP/1.1" 200 16379 "http://192.168.112.232:81/Carbons/docker-gitlab" "Mozilla/5.0 (Macintosh; Intel Mac OS X 10_13_6) AppleWebKit/537.36 (KHTML, like Gecko) Chrome/72.0.3626.109 Safari/537.36"
172.20.0.1 - - [03/Mar/2019:08:16:56 +0000] "GET /Carbons/docker-gitlab/blob/master/README.md?format=json&viewer=rich HTTP/1.1" 200 1039 "http://192.168.112.232:81/Carbons/docker-gitlab" "Mozilla/5.0 (Macintosh; Intel Mac OS X 10_13_6) AppleWebKit/537.36 (KHTML, like Gecko) Chrome/72.0.3626.109 Safari/537.36"
172.20.0.1 - - [03/Mar/2019:08:16:56 +0000] "GET /Carbons/docker-gitlab/commits/master/signatures HTTP/1.1" 200 17 "http://192.168.112.232:81/Carbons/docker-gitlab" "Mozilla/5.0 (Macintosh; Intel Mac OS X 10_13_6) AppleWebKit/537.36 (KHTML, like Gecko) Chrome/72.0.3626.109 Safari/537.36"
172.20.0.1 - - [03/Mar/2019:08:16:56 +0000] "GET /Carbons/docker-gitlab/refs/master/logs_tree/?format=js HTTP/1.1" 200 686 "http://192.168.112.232:81/Carbons/docker-gitlab" "Mozilla/5.0 (Macintosh; Intel Mac OS X 10_13_6) AppleWebKit/537.36 (KHTML, like Gecko) Chrome/72.0.3626.109 Safari/537.36"
172.20.0.1 - - [03/Mar/2019:08:17:02 +0000] "GET /Carbons/docker-gitlab/tree/master HTTP/1.1" 200 12742 "http://192.168.112.232:81/Carbons/docker-gitlab" "Mozilla/5.0 (Macintosh; Intel Mac OS X 10_13_6) AppleWebKit/537.36 (KHTML, like Gecko) Chrome/72.0.3626.109 Safari/537.36"
172.20.0.1 - - [03/Mar/2019:08:17:02 +0000] "GET /Carbons/docker-gitlab/refs/master/logs_tree/?format=js HTTP/1.1" 200 686 "http://192.168.112.232:81/Carbons/docker-gitlab/tree/master" "Mozilla/5.0 (Macintosh; Intel Mac OS X 10_13_6) AppleWebKit/537.36 (KHTML, like Gecko) Chrome/72.0.3626.109 Safari/537.36"
172.20.0.1 - - [03/Mar/2019:08:17:02 +0000] "GET /Carbons/docker-gitlab/blob/master/README.md?format=json&viewer=rich HTTP/1.1" 200 1039 "http://192.168.112.232:81/Carbons/docker-gitlab/tree/master" "Mozilla/5.0 (Macintosh; Intel Mac OS X 10_13_6) AppleWebKit/537.36 (KHTML, like Gecko) Chrome/72.0.3626.109 Safari/537.36"
172.20.0.1 - - [03/Mar/2019:08:17:02 +0000] "GET /Carbons/docker-gitlab/commits/98579cfc680a087a51d16e5fe03d924aec537007/signatures HTTP/1.1" 200 17 "http://192.168.112.232:81/Carbons/docker-gitlab/tree/master" "Mozilla/5.0 (Macintosh; Intel Mac OS X 10_13_6) AppleWebKit/537.36 (KHTML, like Gecko) Chrome/72.0.3626.109 Safari/537.36"
172.20.0.1 - - [03/Mar/2019:08:17:02 +0000] "GET /Carbons/docker-gitlab/commit/98579cfc680a087a51d16e5fe03d924aec537007/pipelines?ref=master HTTP/1.1" 200 927 "http://192.168.112.232:81/Carbons/docker-gitlab/tree/master" "Mozilla/5.0 (Macintosh; Intel Mac OS X 10_13_6) AppleWebKit/537.36 (KHTML, like Gecko) Chrome/72.0.3626.109 Safari/537.36"
172.20.0.1 - - [03/Mar/2019:08:17:06 +0000] "GET /Carbons/docker-gitlab/edit HTTP/1.1" 200 14156 "http://192.168.112.232:81/Carbons/docker-gitlab/tree/master" "Mozilla/5.0 (Macintosh; Intel Mac OS X 10_13_6) AppleWebKit/537.36 (KHTML, like Gecko) Chrome/72.0.3626.109 Safari/537.36"
172.20.0.1 - - [03/Mar/2019:08:17:37 +0000] "POST /Carbons/docker-gitlab HTTP/1.1" 302 110 "http://192.168.112.232:81/Carbons/docker-gitlab/edit" "Mozilla/5.0 (Macintosh; Intel Mac OS X 10_13_6) AppleWebKit/537.36 (KHTML, like Gecko) Chrome/72.0.3626.109 Safari/537.36"
172.20.0.1 - - [03/Mar/2019:08:17:37 +0000] "GET /dashboard/projects HTTP/1.1" 200 7850 "http://192.168.112.232:81/Carbons/docker-gitlab/edit" "Mozilla/5.0 (Macintosh; Intel Mac OS X 10_13_6) AppleWebKit/537.36 (KHTML, like Gecko) Chrome/72.0.3626.109 Safari/537.36"
127.0.0.1 - - [03/Mar/2019:08:17:39 +0000] "GET /help HTTP/1.1" 200 78399 "" "curl/7.59.0-DEV"
172.20.0.1 - - [03/Mar/2019:08:17:47 +0000] "GET /dashboard/projects?personal=true&sort=latest_activity_desc HTTP/1.1" 200 7150 "http://192.168.112.232:81/dashboard/projects" "Mozilla/5.0 (Macintosh; Intel Mac OS X 10_13_6) AppleWebKit/537.36 (KHTML, like Gecko) Chrome/72.0.3626.109 Safari/537.36"
172.20.0.1 - - [03/Mar/2019:08:17:48 +0000] "GET /dashboard/projects HTTP/1.1" 200 8062 "http://192.168.112.232:81/dashboard/projects" "Mozilla/5.0 (Macintosh; Intel Mac OS X 10_13_6) AppleWebKit/537.36 (KHTML, like Gecko) Chrome/72.0.3626.109 Safari/537.36"
172.20.0.1 - - [03/Mar/2019:08:17:55 +0000] "POST /api/v4/projects?name=docker-gitlab&description=&visibility=private&private_token=[FILTERED] HTTP/1.1" 201 1955 "" "org.gitlab.api.GitlabAPI/1.8.0_152-release"
172.20.0.1 - - [03/Mar/2019:08:18:09 +0000] "GET /dashboard/projects HTTP/1.1" 200 7665 "http://192.168.112.232:81/dashboard/projects" "Mozilla/5.0 (Macintosh; Intel Mac OS X 10_13_6) AppleWebKit/537.36 (KHTML, like Gecko) Chrome/72.0.3626.109 Safari/537.36"
172.20.0.1 - - [03/Mar/2019:08:18:09 +0000] "GET /assets/favicon-7901bd695fb93edb07975966062049829afb56cf11511236e61bcf425070e36e.png HTTP/1.1" 200 1611 "http://192.168.112.232:81/dashboard/projects" "Mozilla/5.0 (Macintosh; Intel Mac OS X 10_13_6) AppleWebKit/537.36 (KHTML, like Gecko) Chrome/72.0.3626.109 Safari/537.36"
172.20.0.1 - - [03/Mar/2019:08:18:10 +0000] "GET /dashboard/projects HTTP/1.1" 200 7662 "http://192.168.112.232:81/dashboard/projects" "Mozilla/5.0 (Macintosh; Intel Mac OS X 10_13_6) AppleWebKit/537.36 (KHTML, like Gecko) Chrome/72.0.3626.109 Safari/537.36"
172.20.0.1 - - [03/Mar/2019:08:18:23 +0000] "GET /Carbons/docker-gitlab HTTP/1.1" 200 13455 "http://192.168.112.232:81/dashboard/projects" "Mozilla/5.0 (Macintosh; Intel Mac OS X 10_13_6) AppleWebKit/537.36 (KHTML, like Gecko) Chrome/72.0.3626.109 Safari/537.36"
172.20.0.1 - - [03/Mar/2019:08:18:31 +0000] "POST /Carbons/docker-gitlab HTTP/1.1" 302 110 "http://192.168.112.232:81/Carbons/docker-gitlab" "Mozilla/5.0 (Macintosh; Intel Mac OS X 10_13_6) AppleWebKit/537.36 (KHTML, like Gecko) Chrome/72.0.3626.109 Safari/537.36"
172.20.0.1 - - [03/Mar/2019:08:18:31 +0000] "GET /dashboard/projects HTTP/1.1" 200 7732 "http://192.168.112.232:81/Carbons/docker-gitlab" "Mozilla/5.0 (Macintosh; Intel Mac OS X 10_13_6) AppleWebKit/537.36 (KHTML, like Gecko) Chrome/72.0.3626.109 Safari/537.36"
172.20.0.1 - - [03/Mar/2019:08:18:33 +0000] "GET /dashboard/projects HTTP/1.1" 200 8056 "http://192.168.112.232:81/dashboard/projects" "Mozilla/5.0 (Macintosh; Intel Mac OS X 10_13_6) AppleWebKit/537.36 (KHTML, like Gecko) Chrome/72.0.3626.109 Safari/537.36"
172.20.0.1 - - [03/Mar/2019:08:18:36 +0000] "GET /dashboard/projects HTTP/1.1" 200 8061 "http://192.168.112.232:81/dashboard/projects" "Mozilla/5.0 (Macintosh; Intel Mac OS X 10_13_6) AppleWebKit/537.36 (KHTML, like Gecko) Chrome/72.0.3626.109 Safari/537.36"
127.0.0.1 - - [03/Mar/2019:08:18:39 +0000] "GET /help HTTP/1.1" 200 78399 "" "curl/7.59.0-DEV"
127.0.0.1 - - [03/Mar/2019:08:19:40 +0000] "GET /help HTTP/1.1" 200 78406 "" "curl/7.59.0-DEV"
172.20.0.1 - - [03/Mar/2019:08:19:54 +0000] "GET /api/v4/projects?membership=true&per_page=100&private_token=[FILTERED] HTTP/1.1" 200 2 "" "org.gitlab.api.GitlabAPI/1.8.0_152-release"
172.20.0.1 - - [03/Mar/2019:08:20:08 +0000] "GET /profile HTTP/1.1" 200 10490 "http://192.168.112.232:81/profile/personal_access_tokens" "Mozilla/5.0 (Macintosh; Intel Mac OS X 10_13_6) AppleWebKit/537.36 (KHTML, like Gecko) Chrome/72.0.3626.109 Safari/537.36"
172.20.0.1 - - [03/Mar/2019:08:20:10 +0000] "GET /profile/applications HTTP/1.1" 200 8094 "http://192.168.112.232:81/profile" "Mozilla/5.0 (Macintosh; Intel Mac OS X 10_13_6) AppleWebKit/537.36 (KHTML, like Gecko) Chrome/72.0.3626.109 Safari/537.36"
172.20.0.1 - - [03/Mar/2019:08:20:13 +0000] "GET /profile/chat_names HTTP/1.1" 200 7395 "http://192.168.112.232:81/profile/applications" "Mozilla/5.0 (Macintosh; Intel Mac OS X 10_13_6) AppleWebKit/537.36 (KHTML, like Gecko) Chrome/72.0.3626.109 Safari/537.36"
172.20.0.1 - - [03/Mar/2019:08:20:15 +0000] "GET /profile/chat_names HTTP/1.1" 200 7398 "http://192.168.112.232:81/profile/chat_names" "Mozilla/5.0 (Macintosh; Intel Mac OS X 10_13_6) AppleWebKit/537.36 (KHTML, like Gecko) Chrome/72.0.3626.109 Safari/537.36"
172.20.0.1 - - [03/Mar/2019:08:20:18 +0000] "GET /dashboard/projects HTTP/1.1" 200 8059 "http://192.168.112.232:81/profile/chat_names" "Mozilla/5.0 (Macintosh; Intel Mac OS X 10_13_6) AppleWebKit/537.36 (KHTML, like Gecko) Chrome/72.0.3626.109 Safari/537.36"
172.20.0.1 - - [03/Mar/2019:08:20:19 +0000] "GET /projects/new HTTP/1.1" 200 13071 "http://192.168.112.232:81/dashboard/projects" "Mozilla/5.0 (Macintosh; Intel Mac OS X 10_13_6) AppleWebKit/537.36 (KHTML, like Gecko) Chrome/72.0.3626.109 Safari/537.36"
127.0.0.1 - - [03/Mar/2019:08:20:40 +0000] "GET /help HTTP/1.1" 200 78399 "" "curl/7.59.0-DEV"
172.20.0.1 - - [03/Mar/2019:08:21:21 +0000] "GET /dashboard/projects HTTP/1.1" 200 8059 "http://192.168.112.232:81/projects/new" "Mozilla/5.0 (Macintosh; Intel Mac OS X 10_13_6) AppleWebKit/537.36 (KHTML, like Gecko) Chrome/72.0.3626.109 Safari/537.36"
172.20.0.1 - - [03/Mar/2019:08:21:38 +0000] "GET /profile HTTP/1.1" 200 10487 "http://192.168.112.232:81/dashboard/projects" "Mozilla/5.0 (Macintosh; Intel Mac OS X 10_13_6) AppleWebKit/537.36 (KHTML, like Gecko) Chrome/72.0.3626.109 Safari/537.36"
172.20.0.1 - - [03/Mar/2019:08:21:41 +0000] "GET /profile/applications HTTP/1.1" 200 8089 "http://192.168.112.232:81/profile" "Mozilla/5.0 (Macintosh; Intel Mac OS X 10_13_6) AppleWebKit/537.36 (KHTML, like Gecko) Chrome/72.0.3626.109 Safari/537.36"
127.0.0.1 - - [03/Mar/2019:08:21:41 +0000] "GET /help HTTP/1.1" 200 78406 "" "curl/7.59.0-DEV"
172.20.0.1 - - [03/Mar/2019:08:21:43 +0000] "GET /profile/personal_access_tokens HTTP/1.1" 200 9075 "http://192.168.112.232:81/profile/applications" "Mozilla/5.0 (Macintosh; Intel Mac OS X 10_13_6) AppleWebKit/537.36 (KHTML, like Gecko) Chrome/72.0.3626.109 Safari/537.36"
172.20.0.1 - - [03/Mar/2019:08:21:57 +0000] "POST /profile/personal_access_tokens/2/revoke HTTP/1.1" 302 122 "http://192.168.112.232:81/profile/personal_access_tokens" "Mozilla/5.0 (Macintosh; Intel Mac OS X 10_13_6) AppleWebKit/537.36 (KHTML, like Gecko) Chrome/72.0.3626.109 Safari/537.36"
172.20.0.1 - - [03/Mar/2019:08:21:57 +0000] "GET /profile/personal_access_tokens HTTP/1.1" 200 8933 "http://192.168.112.232:81/profile/personal_access_tokens" "Mozilla/5.0 (Macintosh; Intel Mac OS X 10_13_6) AppleWebKit/537.36 (KHTML, like Gecko) Chrome/72.0.3626.109 Safari/537.36"
172.20.0.1 - - [03/Mar/2019:08:22:07 +0000] "POST /profile/personal_access_tokens HTTP/1.1" 200 8995 "http://192.168.112.232:81/profile/personal_access_tokens" "Mozilla/5.0 (Macintosh; Intel Mac OS X 10_13_6) AppleWebKit/537.36 (KHTML, like Gecko) Chrome/72.0.3626.109 Safari/537.36"
172.20.0.1 - - [03/Mar/2019:08:22:13 +0000] "POST /profile/personal_access_tokens HTTP/1.1" 200 9007 "http://192.168.112.232:81/profile/personal_access_tokens" "Mozilla/5.0 (Macintosh; Intel Mac OS X 10_13_6) AppleWebKit/537.36 (KHTML, like Gecko) Chrome/72.0.3626.109 Safari/537.36"
172.20.0.1 - - [03/Mar/2019:08:22:21 +0000] "POST /profile/personal_access_tokens HTTP/1.1" 302 122 "http://192.168.112.232:81/profile/personal_access_tokens" "Mozilla/5.0 (Macintosh; Intel Mac OS X 10_13_6) AppleWebKit/537.36 (KHTML, like Gecko) Chrome/72.0.3626.109 Safari/537.36"
172.20.0.1 - - [03/Mar/2019:08:22:21 +0000] "GET /profile/personal_access_tokens HTTP/1.1" 200 9229 "http://192.168.112.232:81/profile/personal_access_tokens" "Mozilla/5.0 (Macintosh; Intel Mac OS X 10_13_6) AppleWebKit/537.36 (KHTML, like Gecko) Chrome/72.0.3626.109 Safari/537.36"
127.0.0.1 - - [03/Mar/2019:08:22:41 +0000] "GET /help HTTP/1.1" 200 78406 "" "curl/7.59.0-DEV"
172.20.0.1 - - [03/Mar/2019:08:23:16 +0000] "POST /profile/personal_access_tokens HTTP/1.1" 302 122 "http://192.168.112.232:81/profile/personal_access_tokens" "Mozilla/5.0 (Macintosh; Intel Mac OS X 10_13_6) AppleWebKit/537.36 (KHTML, like Gecko) Chrome/72.0.3626.109 Safari/537.36"
172.20.0.1 - - [03/Mar/2019:08:23:16 +0000] "GET /profile/personal_access_tokens HTTP/1.1" 200 9422 "http://192.168.112.232:81/profile/personal_access_tokens" "Mozilla/5.0 (Macintosh; Intel Mac OS X 10_13_6) AppleWebKit/537.36 (KHTML, like Gecko) Chrome/72.0.3626.109 Safari/537.36"
127.0.0.1 - - [03/Mar/2019:08:23:42 +0000] "GET /help HTTP/1.1" 200 78406 "" "curl/7.59.0-DEV"
127.0.0.1 - - [03/Mar/2019:08:24:43 +0000] "GET /help HTTP/1.1" 200 78399 "" "curl/7.59.0-DEV"
127.0.0.1 - - [03/Mar/2019:08:25:43 +0000] "GET /help HTTP/1.1" 200 78406 "" "curl/7.59.0-DEV"
127.0.0.1 - - [03/Mar/2019:08:26:43 +0000] "GET /help HTTP/1.1" 200 78406 "" "curl/7.59.0-DEV"
172.20.0.1 - - [03/Mar/2019:08:27:24 +0000] "GET /api/v4/namespaces?private_token=[FILTERED] HTTP/1.1" 401 106 "" "org.gitlab.api.GitlabAPI/1.8.0_152-release"
127.0.0.1 - - [03/Mar/2019:08:27:44 +0000] "GET /help HTTP/1.1" 200 78406 "" "curl/7.59.0-DEV"
172.20.0.1 - - [03/Mar/2019:08:27:53 +0000] "POST /api/v4/projects?name=ProjectTemplate&description=&visibility=private&private_token=[FILTERED] HTTP/1.1" 401 106 "" "org.gitlab.api.GitlabAPI/1.8.0_152-release"
172.20.0.1 - - [03/Mar/2019:08:28:16 +0000] "GET /api/v4/user?private_token=[FILTERED] HTTP/1.1" 401 106 "" "org.gitlab.api.GitlabAPI/1.8.0_152-release"
172.20.0.1 - - [03/Mar/2019:08:28:21 +0000] "GET /api/v4/user?private_token=[FILTERED] HTTP/1.1" 200 743 "" "org.gitlab.api.GitlabAPI/1.8.0_152-release"
172.20.0.1 - - [03/Mar/2019:08:28:28 +0000] "GET /api/v4/namespaces?private_token=[FILTERED] HTTP/1.1" 200 97 "" "org.gitlab.api.GitlabAPI/1.8.0_152-release"
172.20.0.1 - - [03/Mar/2019:08:28:28 +0000] "GET /api/v4/namespaces?&page=2&private_token=[FILTERED] HTTP/1.1" 200 2 "" "org.gitlab.api.GitlabAPI/1.8.0_152-release"
127.0.0.1 - - [03/Mar/2019:08:28:45 +0000] "GET /help HTTP/1.1" 200 78406 "" "curl/7.59.0-DEV"
172.20.0.1 - - [03/Mar/2019:08:28:49 +0000] "GET /api/v4/namespaces?private_token=[FILTERED] HTTP/1.1" 200 97 "" "org.gitlab.api.GitlabAPI/1.8.0_152-release"
172.20.0.1 - - [03/Mar/2019:08:28:49 +0000] "GET /api/v4/namespaces?&page=2&private_token=[FILTERED] HTTP/1.1" 200 2 "" "org.gitlab.api.GitlabAPI/1.8.0_152-release"
172.20.0.1 - - [03/Mar/2019:08:28:58 +0000] "POST /api/v4/projects?name=ProjectTemplate&namespace_id=2&description=&visibility=public&private_token=[FILTERED] HTTP/1.1" 201 1968 "" "org.gitlab.api.GitlabAPI/1.8.0_152-release"
172.20.0.1 - - [03/Mar/2019:08:29:26 +0000] "GET /dashboard/projects HTTP/1.1" 200 7654 "http://192.168.112.232:81/profile/personal_access_tokens" "Mozilla/5.0 (Macintosh; Intel Mac OS X 10_13_6) AppleWebKit/537.36 (KHTML, like Gecko) Chrome/72.0.3626.109 Safari/537.36"
172.20.0.1 - - [03/Mar/2019:08:29:31 +0000] "GET /Carbons/projecttemplate HTTP/1.1" 200 13457 "http://192.168.112.232:81/dashboard/projects" "Mozilla/5.0 (Macintosh; Intel Mac OS X 10_13_6) AppleWebKit/537.36 (KHTML, like Gecko) Chrome/72.0.3626.109 Safari/537.36"
172.20.0.1 - - [03/Mar/2019:08:29:37 +0000] "GET /Carbons/projecttemplate/edit HTTP/1.1" 200 13837 "http://192.168.112.232:81/Carbons/projecttemplate" "Mozilla/5.0 (Macintosh; Intel Mac OS X 10_13_6) AppleWebKit/537.36 (KHTML, like Gecko) Chrome/72.0.3626.109 Safari/537.36"
127.0.0.1 - - [03/Mar/2019:08:29:45 +0000] "GET /help HTTP/1.1" 200 78399 "" "curl/7.59.0-DEV"
172.20.0.1 - - [03/Mar/2019:08:30:40 +0000] "GET /Carbons/projecttemplate/edit HTTP/1.1" 200 13835 "http://192.168.112.232:81/Carbons/projecttemplate/edit" "Mozilla/5.0 (Macintosh; Intel Mac OS X 10_13_6) AppleWebKit/537.36 (KHTML, like Gecko) Chrome/72.0.3626.109 Safari/537.36"
127.0.0.1 - - [03/Mar/2019:08:30:46 +0000] "GET /help HTTP/1.1" 200 78399 "" "curl/7.59.0-DEV"
172.20.0.1 - - [03/Mar/2019:08:31:28 +0000] "POST /Carbons/projecttemplate HTTP/1.1" 200 91 "http://192.168.112.232:81/Carbons/projecttemplate/edit" "Mozilla/5.0 (Macintosh; Intel Mac OS X 10_13_6) AppleWebKit/537.36 (KHTML, like Gecko) Chrome/72.0.3626.109 Safari/537.36"
172.20.0.1 - - [03/Mar/2019:08:31:28 +0000] "GET /Carbons/projecttemplate/edit HTTP/1.1" 200 13901 "http://192.168.112.232:81/Carbons/projecttemplate/edit" "Mozilla/5.0 (Macintosh; Intel Mac OS X 10_13_6) AppleWebKit/537.36 (KHTML, like Gecko) Chrome/72.0.3626.109 Safari/537.36"
127.0.0.1 - - [03/Mar/2019:08:31:46 +0000] "GET /help HTTP/1.1" 200 78399 "" "curl/7.59.0-DEV"
172.20.0.1 - - [03/Mar/2019:08:32:04 +0000] "GET /dashboard/projects HTTP/1.1" 200 7649 "http://192.168.112.232:81/Carbons/projecttemplate/edit" "Mozilla/5.0 (Macintosh; Intel Mac OS X 10_13_6) AppleWebKit/537.36 (KHTML, like Gecko) Chrome/72.0.3626.109 Safari/537.36"
172.20.0.1 - - [03/Mar/2019:08:32:07 +0000] "GET /Carbons/projecttemplate HTTP/1.1" 200 13466 "http://192.168.112.232:81/dashboard/projects" "Mozilla/5.0 (Macintosh; Intel Mac OS X 10_13_6) AppleWebKit/537.36 (KHTML, like Gecko) Chrome/72.0.3626.109 Safari/537.36"
172.20.0.1 - - [03/Mar/2019:08:32:10 +0000] "GET /Carbons/projecttemplate HTTP/1.1" 200 13458 "http://192.168.112.232:81/Carbons/projecttemplate" "Mozilla/5.0 (Macintosh; Intel Mac OS X 10_13_6) AppleWebKit/537.36 (KHTML, like Gecko) Chrome/72.0.3626.109 Safari/537.36"
172.20.0.1 - - [03/Mar/2019:08:32:31 +0000] "GET /Carbons/projecttemplate HTTP/1.1" 200 13464 "http://192.168.112.232:81/Carbons/projecttemplate" "Mozilla/5.0 (Macintosh; Intel Mac OS X 10_13_6) AppleWebKit/537.36 (KHTML, like Gecko) Chrome/72.0.3626.109 Safari/537.36"
172.20.0.1 - - [03/Mar/2019:08:32:34 +0000] "GET /Carbons/projecttemplate/settings/ci_cd HTTP/1.1" 200 16680 "http://192.168.112.232:81/Carbons/projecttemplate" "Mozilla/5.0 (Macintosh; Intel Mac OS X 10_13_6) AppleWebKit/537.36 (KHTML, like Gecko) Chrome/72.0.3626.109 Safari/537.36"
172.20.0.1 - - [03/Mar/2019:08:32:34 +0000] "GET /assets/webpack/pages.projects.settings.ci_cd.show.de33aa06.chunk.js HTTP/1.1" 200 7056 "http://192.168.112.232:81/Carbons/projecttemplate/settings/ci_cd" "Mozilla/5.0 (Macintosh; Intel Mac OS X 10_13_6) AppleWebKit/537.36 (KHTML, like Gecko) Chrome/72.0.3626.109 Safari/537.36"
127.0.0.1 - - [03/Mar/2019:08:32:47 +0000] "GET /help HTTP/1.1" 200 78406 "" "curl/7.59.0-DEV"
172.20.0.1 - - [03/Mar/2019:08:33:01 +0000] "GET /Carbons/projecttemplate/settings/operations HTTP/1.1" 200 9270 "http://192.168.112.232:81/Carbons/projecttemplate/settings/ci_cd" "Mozilla/5.0 (Macintosh; Intel Mac OS X 10_13_6) AppleWebKit/537.36 (KHTML, like Gecko) Chrome/72.0.3626.109 Safari/537.36"
172.20.0.1 - - [03/Mar/2019:08:33:01 +0000] "GET /assets/webpack/pages.projects.f57a4fdb.chunk.js HTTP/1.1" 200 3460 "http://192.168.112.232:81/Carbons/projecttemplate/settings/operations" "Mozilla/5.0 (Macintosh; Intel Mac OS X 10_13_6) AppleWebKit/537.36 (KHTML, like Gecko) Chrome/72.0.3626.109 Safari/537.36"
172.20.0.1 - - [03/Mar/2019:08:33:10 +0000] "GET /Carbons/projecttemplate/project_members HTTP/1.1" 200 10695 "http://192.168.112.232:81/Carbons/projecttemplate/settings/operations" "Mozilla/5.0 (Macintosh; Intel Mac OS X 10_13_6) AppleWebKit/537.36 (KHTML, like Gecko) Chrome/72.0.3626.109 Safari/537.36"
172.20.0.1 - - [03/Mar/2019:08:33:10 +0000] "GET /assets/webpack/pages.projects.project_members.09c870fc.chunk.js HTTP/1.1" 200 10142 "http://192.168.112.232:81/Carbons/projecttemplate/project_members" "Mozilla/5.0 (Macintosh; Intel Mac OS X 10_13_6) AppleWebKit/537.36 (KHTML, like Gecko) Chrome/72.0.3626.109 Safari/537.36"
172.20.0.1 - - [03/Mar/2019:08:33:10 +0000] "GET /assets/webpack/commons~pages.admin.groups.show~pages.dashboard.todos.index~pages.groups.boards~pages.groups.group_m~e82670fe.3627a09f.chunk.js HTTP/1.1" 200 4944 "http://192.168.112.232:81/Carbons/projecttemplate/project_members" "Mozilla/5.0 (Macintosh; Intel Mac OS X 10_13_6) AppleWebKit/537.36 (KHTML, like Gecko) Chrome/72.0.3626.109 Safari/537.36"
172.20.0.1 - - [03/Mar/2019:08:33:14 +0000] "GET /assets/select2-spinner-f6ecff617ec2ba7f559e6f535cad9b70a3f91120737535dab4d4548a6c83576c.gif HTTP/1.1" 200 1849 "http://192.168.112.232:81/assets/application-e26a276298f24265784769e832caf976e30efdf8b813712fba20da91fbf0e405.css" "Mozilla/5.0 (Macintosh; Intel Mac OS X 10_13_6) AppleWebKit/537.36 (KHTML, like Gecko) Chrome/72.0.3626.109 Safari/537.36"
172.20.0.1 - - [03/Mar/2019:08:33:15 +0000] "GET /autocomplete/users.json?search=&active=true HTTP/1.1" 200 474 "http://192.168.112.232:81/Carbons/projecttemplate/project_members" "Mozilla/5.0 (Macintosh; Intel Mac OS X 10_13_6) AppleWebKit/537.36 (KHTML, like Gecko) Chrome/72.0.3626.109 Safari/537.36"
172.20.0.1 - - [03/Mar/2019:08:33:24 +0000] "GET /Carbons/projecttemplate/issues HTTP/1.1" 200 10778 "http://192.168.112.232:81/Carbons/projecttemplate/project_members" "Mozilla/5.0 (Macintosh; Intel Mac OS X 10_13_6) AppleWebKit/537.36 (KHTML, like Gecko) Chrome/72.0.3626.109 Safari/537.36"
172.20.0.1 - - [03/Mar/2019:08:33:24 +0000] "GET /assets/webpack/pages.projects.issues.index.7defed5c.chunk.js HTTP/1.1" 200 15841 "http://192.168.112.232:81/Carbons/projecttemplate/issues" "Mozilla/5.0 (Macintosh; Intel Mac OS X 10_13_6) AppleWebKit/537.36 (KHTML, like Gecko) Chrome/72.0.3626.109 Safari/537.36"
172.20.0.1 - - [03/Mar/2019:08:33:24 +0000] "GET /assets/illustrations/issues-43efb1ddfef8cda48e764982324a0f12673607aba2fbf1b12dd644a236f95295.svg HTTP/1.1" 200 4381 "http://192.168.112.232:81/Carbons/projecttemplate/issues" "Mozilla/5.0 (Macintosh; Intel Mac OS X 10_13_6) AppleWebKit/537.36 (KHTML, like Gecko) Chrome/72.0.3626.109 Safari/537.36"
