172.20.0.1 - - [03/Mar/2019:08:33:25 +0000] "GET /Carbons/projecttemplate HTTP/1.1" 200 13458 "http://192.168.112.232:81/Carbons/projecttemplate/issues" "Mozilla/5.0 (Macintosh; Intel Mac OS X 10_13_6) AppleWebKit/537.36 (KHTML, like Gecko) Chrome/72.0.3626.109 Safari/537.36"
172.20.0.1 - - [03/Mar/2019:08:33:29 +0000] "GET /Carbons/projecttemplate HTTP/1.1" 200 13460 "http://192.168.112.232:81/Carbons/projecttemplate" "Mozilla/5.0 (Macintosh; Intel Mac OS X 10_13_6) AppleWebKit/537.36 (KHTML, like Gecko) Chrome/72.0.3626.109 Safari/537.36"
127.0.0.1 - - [03/Mar/2019:08:33:47 +0000] "GET /help HTTP/1.1" 200 78399 "" "curl/7.59.0-DEV"
172.20.0.1 - - [03/Mar/2019:08:34:24 +0000] "GET /Carbons/projecttemplate HTTP/1.1" 200 13292 "http://192.168.112.232:81/Carbons/projecttemplate" "Mozilla/5.0 (Macintosh; Intel Mac OS X 10_13_6) AppleWebKit/537.36 (KHTML, like Gecko) Chrome/72.0.3626.109 Safari/537.36"
127.0.0.1 - - [03/Mar/2019:08:34:48 +0000] "GET /help HTTP/1.1" 200 78399 "" "curl/7.59.0-DEV"
172.20.0.1 - - [03/Mar/2019:08:35:09 +0000] "GET /Carbons/projecttemplate/edit HTTP/1.1" 200 13832 "http://192.168.112.232:81/Carbons/projecttemplate" "Mozilla/5.0 (Macintosh; Intel Mac OS X 10_13_6) AppleWebKit/537.36 (KHTML, like Gecko) Chrome/72.0.3626.109 Safari/537.36"
172.20.0.1 - - [03/Mar/2019:08:35:11 +0000] "GET /Carbons/projecttemplate/project_members HTTP/1.1" 200 10698 "http://192.168.112.232:81/Carbons/projecttemplate/edit" "Mozilla/5.0 (Macintosh; Intel Mac OS X 10_13_6) AppleWebKit/537.36 (KHTML, like Gecko) Chrome/72.0.3626.109 Safari/537.36"
172.20.0.1 - - [03/Mar/2019:08:35:13 +0000] "GET /Carbons/projecttemplate/edit HTTP/1.1" 200 13835 "http://192.168.112.232:81/Carbons/projecttemplate/project_members" "Mozilla/5.0 (Macintosh; Intel Mac OS X 10_13_6) AppleWebKit/537.36 (KHTML, like Gecko) Chrome/72.0.3626.109 Safari/537.36"
172.20.0.1 - - [03/Mar/2019:08:35:40 +0000] "POST /Carbons/projecttemplate HTTP/1.1" 200 91 "http://192.168.112.232:81/Carbons/projecttemplate/edit" "Mozilla/5.0 (Macintosh; Intel Mac OS X 10_13_6) AppleWebKit/537.36 (KHTML, like Gecko) Chrome/72.0.3626.109 Safari/537.36"
172.20.0.1 - - [03/Mar/2019:08:35:41 +0000] "GET /Carbons/projecttemplate/edit HTTP/1.1" 200 13898 "http://192.168.112.232:81/Carbons/projecttemplate/edit" "Mozilla/5.0 (Macintosh; Intel Mac OS X 10_13_6) AppleWebKit/537.36 (KHTML, like Gecko) Chrome/72.0.3626.109 Safari/537.36"
127.0.0.1 - - [03/Mar/2019:08:35:48 +0000] "GET /help HTTP/1.1" 200 78399 "" "curl/7.59.0-DEV"
172.20.0.1 - - [03/Mar/2019:08:36:05 +0000] "GET /Carbons/projecttemplate/settings/repository HTTP/1.1" 200 14654 "http://192.168.112.232:81/Carbons/projecttemplate/edit" "Mozilla/5.0 (Macintosh; Intel Mac OS X 10_13_6) AppleWebKit/537.36 (KHTML, like Gecko) Chrome/72.0.3626.109 Safari/537.36"
172.20.0.1 - - [03/Mar/2019:08:36:05 +0000] "GET /assets/webpack/pages.projects.settings.repository.show.b2cf870c.chunk.js HTTP/1.1" 200 11019 "http://192.168.112.232:81/Carbons/projecttemplate/settings/repository" "Mozilla/5.0 (Macintosh; Intel Mac OS X 10_13_6) AppleWebKit/537.36 (KHTML, like Gecko) Chrome/72.0.3626.109 Safari/537.36"
172.20.0.1 - - [03/Mar/2019:08:36:05 +0000] "GET /Carbons/projecttemplate/deploy_keys HTTP/1.1" 200 64 "http://192.168.112.232:81/Carbons/projecttemplate/settings/repository" "Mozilla/5.0 (Macintosh; Intel Mac OS X 10_13_6) AppleWebKit/537.36 (KHTML, like Gecko) Chrome/72.0.3626.109 Safari/537.36"
172.20.0.1 - - [03/Mar/2019:08:36:31 +0000] "GET /Carbons/projecttemplate/settings/ci_cd HTTP/1.1" 200 16688 "http://192.168.112.232:81/Carbons/projecttemplate/settings/repository" "Mozilla/5.0 (Macintosh; Intel Mac OS X 10_13_6) AppleWebKit/537.36 (KHTML, like Gecko) Chrome/72.0.3626.109 Safari/537.36"
172.20.0.1 - - [03/Mar/2019:08:36:34 +0000] "GET /Carbons/projecttemplate/settings/operations HTTP/1.1" 200 9269 "http://192.168.112.232:81/Carbons/projecttemplate/settings/ci_cd" "Mozilla/5.0 (Macintosh; Intel Mac OS X 10_13_6) AppleWebKit/537.36 (KHTML, like Gecko) Chrome/72.0.3626.109 Safari/537.36"
172.20.0.1 - - [03/Mar/2019:08:36:44 +0000] "GET /Carbons/projecttemplate/pipelines HTTP/1.1" 200 9045 "http://192.168.112.232:81/Carbons/projecttemplate/settings/operations" "Mozilla/5.0 (Macintosh; Intel Mac OS X 10_13_6) AppleWebKit/537.36 (KHTML, like Gecko) Chrome/72.0.3626.109 Safari/537.36"
172.20.0.1 - - [03/Mar/2019:08:36:44 +0000] "GET /assets/webpack/pages.projects.pipelines.index.38901a50.chunk.js HTTP/1.1" 200 12554 "http://192.168.112.232:81/Carbons/projecttemplate/pipelines" "Mozilla/5.0 (Macintosh; Intel Mac OS X 10_13_6) AppleWebKit/537.36 (KHTML, like Gecko) Chrome/72.0.3626.109 Safari/537.36"
172.20.0.1 - - [03/Mar/2019:08:36:45 +0000] "GET /Carbons/projecttemplate/pipelines.json?scope=all&page=1 HTTP/1.1" 200 79 "http://192.168.112.232:81/Carbons/projecttemplate/pipelines" "Mozilla/5.0 (Macintosh; Intel Mac OS X 10_13_6) AppleWebKit/537.36 (KHTML, like Gecko) Chrome/72.0.3626.109 Safari/537.36"
172.20.0.1 - - [03/Mar/2019:08:36:45 +0000] "GET /assets/illustrations/pipelines_pending-a6d5048a141c9d577137b47d19964d6a5df8dba54b8ec338c1507476098ceb70.svg HTTP/1.1" 200 1347 "http://192.168.112.232:81/Carbons/projecttemplate/pipelines" "Mozilla/5.0 (Macintosh; Intel Mac OS X 10_13_6) AppleWebKit/537.36 (KHTML, like Gecko) Chrome/72.0.3626.109 Safari/537.36"
172.20.0.1 - - [03/Mar/2019:08:36:46 +0000] "GET /Carbons/projecttemplate/merge_requests HTTP/1.1" 200 8918 "http://192.168.112.232:81/Carbons/projecttemplate/pipelines" "Mozilla/5.0 (Macintosh; Intel Mac OS X 10_13_6) AppleWebKit/537.36 (KHTML, like Gecko) Chrome/72.0.3626.109 Safari/537.36"
172.20.0.1 - - [03/Mar/2019:08:36:46 +0000] "GET /assets/webpack/pages.projects.merge_requests.index.50fc645c.chunk.js HTTP/1.1" 200 15863 "http://192.168.112.232:81/Carbons/projecttemplate/merge_requests" "Mozilla/5.0 (Macintosh; Intel Mac OS X 10_13_6) AppleWebKit/537.36 (KHTML, like Gecko) Chrome/72.0.3626.109 Safari/537.36"
172.20.0.1 - - [03/Mar/2019:08:36:46 +0000] "GET /assets/illustrations/merge_requests-2364bf335a10fafc7e6f200826d1e80c14f0359d5cb066909bd319d2d4e001ac.svg HTTP/1.1" 200 1252 "http://192.168.112.232:81/Carbons/projecttemplate/merge_requests" "Mozilla/5.0 (Macintosh; Intel Mac OS X 10_13_6) AppleWebKit/537.36 (KHTML, like Gecko) Chrome/72.0.3626.109 Safari/537.36"
172.20.0.1 - - [03/Mar/2019:08:36:47 +0000] "GET /Carbons/projecttemplate/issues HTTP/1.1" 200 10782 "http://192.168.112.232:81/Carbons/projecttemplate/merge_requests" "Mozilla/5.0 (Macintosh; Intel Mac OS X 10_13_6) AppleWebKit/537.36 (KHTML, like Gecko) Chrome/72.0.3626.109 Safari/537.36"
172.20.0.1 - - [03/Mar/2019:08:36:48 +0000] "GET /Carbons/projecttemplate HTTP/1.1" 200 13296 "http://192.168.112.232:81/Carbons/projecttemplate/issues" "Mozilla/5.0 (Macintosh; Intel Mac OS X 10_13_6) AppleWebKit/537.36 (KHTML, like Gecko) Chrome/72.0.3626.109 Safari/537.36"
127.0.0.1 - - [03/Mar/2019:08:36:48 +0000] "GET /help HTTP/1.1" 200 78406 "" "curl/7.59.0-DEV"
127.0.0.1 - - [03/Mar/2019:08:37:49 +0000] "GET /help HTTP/1.1" 200 78399 "" "curl/7.59.0-DEV"
172.20.0.1 - - [03/Mar/2019:08:38:39 +0000] "GET /Carbons/projecttemplate HTTP/1.1" 200 13294 "http://192.168.112.232:81/Carbons/projecttemplate" "Mozilla/5.0 (Macintosh; Intel Mac OS X 10_13_6) AppleWebKit/537.36 (KHTML, like Gecko) Chrome/72.0.3626.109 Safari/537.36"
127.0.0.1 - - [03/Mar/2019:08:38:50 +0000] "GET /help HTTP/1.1" 200 78406 "" "curl/7.59.0-DEV"
172.20.0.1 - - [03/Mar/2019:08:39:01 +0000] "GET /Carbons/projecttemplate/edit HTTP/1.1" 200 13841 "http://192.168.112.232:81/Carbons/projecttemplate" "Mozilla/5.0 (Macintosh; Intel Mac OS X 10_13_6) AppleWebKit/537.36 (KHTML, like Gecko) Chrome/72.0.3626.109 Safari/537.36"
127.0.0.1 - - [03/Mar/2019:08:39:50 +0000] "GET /help HTTP/1.1" 200 78399 "" "curl/7.59.0-DEV"
172.20.0.1 - - [03/Mar/2019:08:39:56 +0000] "GET /dashboard/projects HTTP/1.1" 200 7654 "http://192.168.112.232:81/dashboard/projects" "Mozilla/5.0 (Macintosh; Intel Mac OS X 10_13_6) AppleWebKit/537.36 (KHTML, like Gecko) Chrome/72.0.3626.109 Safari/537.36"
172.20.0.1 - - [03/Mar/2019:08:40:02 +0000] "GET /Carbons/projecttemplate HTTP/1.1" 200 13291 "http://192.168.112.232:81/dashboard/projects" "Mozilla/5.0 (Macintosh; Intel Mac OS X 10_13_6) AppleWebKit/537.36 (KHTML, like Gecko) Chrome/72.0.3626.109 Safari/537.36"
172.20.0.1 - - [03/Mar/2019:08:40:45 +0000] "GET /Carbons/projecttemplate.git/info/refs?service=git-upload-pack HTTP/1.1" 200 38 "" "git/2.17.2 (Apple Git-113)"
127.0.0.1 - - [03/Mar/2019:08:40:50 +0000] "GET /help HTTP/1.1" 200 78399 "" "curl/7.59.0-DEV"
172.20.0.1 - - [03/Mar/2019:08:40:56 +0000] "GET /Carbons/projecttemplate.git/info/refs?service=git-receive-pack HTTP/1.1" 401 26 "" "git/2.17.2 (Apple Git-113)"
172.20.0.1 - Carbons [03/Mar/2019:08:41:12 +0000] "GET /Carbons/projecttemplate.git/info/refs?service=git-receive-pack HTTP/1.1" 200 193 "" "git/2.17.2 (Apple Git-113)"
172.20.0.1 - Carbons [03/Mar/2019:08:41:13 +0000] "POST /Carbons/projecttemplate.git/git-receive-pack HTTP/1.1" 200 52 "" "git/2.17.2 (Apple Git-113)"
172.20.0.1 - - [03/Mar/2019:08:41:23 +0000] "GET /Carbons/projecttemplate HTTP/1.1" 499 0 "http://192.168.112.232:81/Carbons/projecttemplate" "Mozilla/5.0 (Macintosh; Intel Mac OS X 10_13_6) AppleWebKit/537.36 (KHTML, like Gecko) Chrome/72.0.3626.109 Safari/537.36"
172.20.0.1 - - [03/Mar/2019:08:41:24 +0000] "GET /Carbons/projecttemplate HTTP/1.1" 200 16578 "http://192.168.112.232:81/Carbons/projecttemplate" "Mozilla/5.0 (Macintosh; Intel Mac OS X 10_13_6) AppleWebKit/537.36 (KHTML, like Gecko) Chrome/72.0.3626.109 Safari/537.36"
172.20.0.1 - - [03/Mar/2019:08:41:24 +0000] "GET /Carbons/projecttemplate/refs/master/logs_tree/?format=js HTTP/1.1" 200 1836 "http://192.168.112.232:81/Carbons/projecttemplate" "Mozilla/5.0 (Macintosh; Intel Mac OS X 10_13_6) AppleWebKit/537.36 (KHTML, like Gecko) Chrome/72.0.3626.109 Safari/537.36"
172.20.0.1 - - [03/Mar/2019:08:41:24 +0000] "GET /Carbons/projecttemplate/commits/master/signatures HTTP/1.1" 200 17 "http://192.168.112.232:81/Carbons/projecttemplate" "Mozilla/5.0 (Macintosh; Intel Mac OS X 10_13_6) AppleWebKit/537.36 (KHTML, like Gecko) Chrome/72.0.3626.109 Safari/537.36"
127.0.0.1 - - [03/Mar/2019:08:41:51 +0000] "GET /help HTTP/1.1" 200 78406 "" "curl/7.59.0-DEV"
127.0.0.1 - - [03/Mar/2019:08:42:52 +0000] "GET /help HTTP/1.1" 200 78406 "" "curl/7.59.0-DEV"
172.20.0.1 - - [03/Mar/2019:08:43:11 +0000] "GET /profile HTTP/1.1" 200 10495 "http://192.168.112.232:81/Carbons/projecttemplate" "Mozilla/5.0 (Macintosh; Intel Mac OS X 10_13_6) AppleWebKit/537.36 (KHTML, like Gecko) Chrome/72.0.3626.109 Safari/537.36"
172.20.0.1 - - [03/Mar/2019:08:43:13 +0000] "GET /profile/applications HTTP/1.1" 200 8094 "http://192.168.112.232:81/profile" "Mozilla/5.0 (Macintosh; Intel Mac OS X 10_13_6) AppleWebKit/537.36 (KHTML, like Gecko) Chrome/72.0.3626.109 Safari/537.36"
172.20.0.1 - - [03/Mar/2019:08:43:15 +0000] "GET /profile/account HTTP/1.1" 200 8000 "http://192.168.112.232:81/profile/applications" "Mozilla/5.0 (Macintosh; Intel Mac OS X 10_13_6) AppleWebKit/537.36 (KHTML, like Gecko) Chrome/72.0.3626.109 Safari/537.36"
172.20.0.1 - - [03/Mar/2019:08:43:25 +0000] "GET /profile/preferences HTTP/1.1" 200 8979 "http://192.168.112.232:81/profile/account" "Mozilla/5.0 (Macintosh; Intel Mac OS X 10_13_6) AppleWebKit/537.36 (KHTML, like Gecko) Chrome/72.0.3626.109 Safari/537.36"
172.20.0.1 - - [03/Mar/2019:08:43:25 +0000] "GET /assets/white-scheme-preview-ce2e9957bbb5c9b6bdbb554984e1af877c89615db7e866aa9022430a6aba618f.png HTTP/1.1" 200 3751 "http://192.168.112.232:81/profile/preferences" "Mozilla/5.0 (Macintosh; Intel Mac OS X 10_13_6) AppleWebKit/537.36 (KHTML, like Gecko) Chrome/72.0.3626.109 Safari/537.36"
172.20.0.1 - - [03/Mar/2019:08:43:25 +0000] "GET /assets/dark-scheme-preview-cbefadee862bccdd68fbc5ea1e520150718425f5e0ae88c59ff1dfedc100d416.png HTTP/1.1" 200 3992 "http://192.168.112.232:81/profile/preferences" "Mozilla/5.0 (Macintosh; Intel Mac OS X 10_13_6) AppleWebKit/537.36 (KHTML, like Gecko) Chrome/72.0.3626.109 Safari/537.36"
172.20.0.1 - - [03/Mar/2019:08:43:25 +0000] "GET /assets/solarized-light-scheme-preview-c65e32b38abddf809082e2820e70eccc8fa82d4c4e17455c89f1843cd1b809ae.png HTTP/1.1" 200 3095 "http://192.168.112.232:81/profile/preferences" "Mozilla/5.0 (Macintosh; Intel Mac OS X 10_13_6) AppleWebKit/537.36 (KHTML, like Gecko) Chrome/72.0.3626.109 Safari/537.36"
172.20.0.1 - - [03/Mar/2019:08:43:25 +0000] "GET /assets/none-scheme-preview-3588c62dc9d7cd14ad817ca7dc1f61a181d1bd72cebfa8900c5be4f6a1207e90.png HTTP/1.1" 200 5971 "http://192.168.112.232:81/profile/preferences" "Mozilla/5.0 (Macintosh; Intel Mac OS X 10_13_6) AppleWebKit/537.36 (KHTML, like Gecko) Chrome/72.0.3626.109 Safari/537.36"
172.20.0.1 - - [03/Mar/2019:08:43:25 +0000] "GET /assets/monokai-scheme-preview-fce3c93c726674094fa07ceaa606cad67ba662d927efdfd807a693cc8841d297.png HTTP/1.1" 200 3708 "http://192.168.112.232:81/profile/preferences" "Mozilla/5.0 (Macintosh; Intel Mac OS X 10_13_6) AppleWebKit/537.36 (KHTML, like Gecko) Chrome/72.0.3626.109 Safari/537.36"
172.20.0.1 - - [03/Mar/2019:08:43:25 +0000] "GET /assets/solarized-dark-scheme-preview-8e84891217b1278387d0c6f4f5353af156d8697ce0073a0eccd1b37f404535ee.png HTTP/1.1" 200 3195 "http://192.168.112.232:81/profile/preferences" "Mozilla/5.0 (Macintosh; Intel Mac OS X 10_13_6) AppleWebKit/537.36 (KHTML, like Gecko) Chrome/72.0.3626.109 Safari/537.36"
172.20.0.1 - - [03/Mar/2019:08:43:30 +0000] "POST /profile/preferences HTTP/1.1" 200 591 "http://192.168.112.232:81/profile/preferences" "Mozilla/5.0 (Macintosh; Intel Mac OS X 10_13_6) AppleWebKit/537.36 (KHTML, like Gecko) Chrome/72.0.3626.109 Safari/537.36"
172.20.0.1 - - [03/Mar/2019:08:43:31 +0000] "POST /profile/preferences HTTP/1.1" 200 585 "http://192.168.112.232:81/profile/preferences" "Mozilla/5.0 (Macintosh; Intel Mac OS X 10_13_6) AppleWebKit/537.36 (KHTML, like Gecko) Chrome/72.0.3626.109 Safari/537.36"
172.20.0.1 - - [03/Mar/2019:08:43:34 +0000] "POST /profile/preferences HTTP/1.1" 200 593 "http://192.168.112.232:81/profile/preferences" "Mozilla/5.0 (Macintosh; Intel Mac OS X 10_13_6) AppleWebKit/537.36 (KHTML, like Gecko) Chrome/72.0.3626.109 Safari/537.36"
172.20.0.1 - - [03/Mar/2019:08:43:35 +0000] "POST /profile/preferences HTTP/1.1" 200 587 "http://192.168.112.232:81/profile/preferences" "Mozilla/5.0 (Macintosh; Intel Mac OS X 10_13_6) AppleWebKit/537.36 (KHTML, like Gecko) Chrome/72.0.3626.109 Safari/537.36"
172.20.0.1 - - [03/Mar/2019:08:43:36 +0000] "POST /profile/preferences HTTP/1.1" 200 593 "http://192.168.112.232:81/profile/preferences" "Mozilla/5.0 (Macintosh; Intel Mac OS X 10_13_6) AppleWebKit/537.36 (KHTML, like Gecko) Chrome/72.0.3626.109 Safari/537.36"
172.20.0.1 - - [03/Mar/2019:08:43:36 +0000] "POST /profile/preferences HTTP/1.1" 200 585 "http://192.168.112.232:81/profile/preferences" "Mozilla/5.0 (Macintosh; Intel Mac OS X 10_13_6) AppleWebKit/537.36 (KHTML, like Gecko) Chrome/72.0.3626.109 Safari/537.36"
172.20.0.1 - - [03/Mar/2019:08:43:39 +0000] "POST /profile/preferences HTTP/1.1" 200 585 "http://192.168.112.232:81/profile/preferences" "Mozilla/5.0 (Macintosh; Intel Mac OS X 10_13_6) AppleWebKit/537.36 (KHTML, like Gecko) Chrome/72.0.3626.109 Safari/537.36"
172.20.0.1 - - [03/Mar/2019:08:43:41 +0000] "POST /profile/preferences HTTP/1.1" 200 585 "http://192.168.112.232:81/profile/preferences" "Mozilla/5.0 (Macintosh; Intel Mac OS X 10_13_6) AppleWebKit/537.36 (KHTML, like Gecko) Chrome/72.0.3626.109 Safari/537.36"
172.20.0.1 - - [03/Mar/2019:08:43:51 +0000] "POST /profile/preferences HTTP/1.1" 200 585 "http://192.168.112.232:81/profile/preferences" "Mozilla/5.0 (Macintosh; Intel Mac OS X 10_13_6) AppleWebKit/537.36 (KHTML, like Gecko) Chrome/72.0.3626.109 Safari/537.36"
127.0.0.1 - - [03/Mar/2019:08:43:52 +0000] "GET /help HTTP/1.1" 200 78399 "" "curl/7.59.0-DEV"
172.20.0.1 - - [03/Mar/2019:08:43:58 +0000] "GET /profile/personal_access_tokens HTTP/1.1" 200 9073 "http://192.168.112.232:81/profile/preferences" "Mozilla/5.0 (Macintosh; Intel Mac OS X 10_13_6) AppleWebKit/537.36 (KHTML, like Gecko) Chrome/72.0.3626.109 Safari/537.36"
172.20.0.1 - - [03/Mar/2019:08:44:03 +0000] "GET /profile/applications HTTP/1.1" 200 8100 "http://192.168.112.232:81/profile/personal_access_tokens" "Mozilla/5.0 (Macintosh; Intel Mac OS X 10_13_6) AppleWebKit/537.36 (KHTML, like Gecko) Chrome/72.0.3626.109 Safari/537.36"
172.20.0.1 - - [03/Mar/2019:08:44:12 +0000] "GET /profile/account HTTP/1.1" 200 7993 "http://192.168.112.232:81/profile/applications" "Mozilla/5.0 (Macintosh; Intel Mac OS X 10_13_6) AppleWebKit/537.36 (KHTML, like Gecko) Chrome/72.0.3626.109 Safari/537.36"
172.20.0.1 - - [03/Mar/2019:08:44:13 +0000] "GET /profile HTTP/1.1" 200 10487 "http://192.168.112.232:81/profile/account" "Mozilla/5.0 (Macintosh; Intel Mac OS X 10_13_6) AppleWebKit/537.36 (KHTML, like Gecko) Chrome/72.0.3626.109 Safari/537.36"
172.20.0.1 - - [03/Mar/2019:08:44:16 +0000] "GET /dashboard/projects HTTP/1.1" 200 7781 "http://192.168.112.232:81/profile" "Mozilla/5.0 (Macintosh; Intel Mac OS X 10_13_6) AppleWebKit/537.36 (KHTML, like Gecko) Chrome/72.0.3626.109 Safari/537.36"
172.20.0.1 - - [03/Mar/2019:08:44:21 +0000] "GET /Carbons/projecttemplate HTTP/1.1" 200 16579 "http://192.168.112.232:81/dashboard/projects" "Mozilla/5.0 (Macintosh; Intel Mac OS X 10_13_6) AppleWebKit/537.36 (KHTML, like Gecko) Chrome/72.0.3626.109 Safari/537.36"
172.20.0.1 - - [03/Mar/2019:08:44:21 +0000] "GET /Carbons/projecttemplate/refs/master/logs_tree/?format=js HTTP/1.1" 200 1836 "http://192.168.112.232:81/Carbons/projecttemplate" "Mozilla/5.0 (Macintosh; Intel Mac OS X 10_13_6) AppleWebKit/537.36 (KHTML, like Gecko) Chrome/72.0.3626.109 Safari/537.36"
172.20.0.1 - - [03/Mar/2019:08:44:21 +0000] "GET /Carbons/projecttemplate/commits/master/signatures HTTP/1.1" 200 17 "http://192.168.112.232:81/Carbons/projecttemplate" "Mozilla/5.0 (Macintosh; Intel Mac OS X 10_13_6) AppleWebKit/537.36 (KHTML, like Gecko) Chrome/72.0.3626.109 Safari/537.36"
127.0.0.1 - - [03/Mar/2019:08:44:53 +0000] "GET /help HTTP/1.1" 200 78406 "" "curl/7.59.0-DEV"
172.20.0.1 - - [03/Mar/2019:08:44:58 +0000] "GET /Carbons/projecttemplate/activity HTTP/1.1" 200 9327 "http://192.168.112.232:81/Carbons/projecttemplate" "Mozilla/5.0 (Macintosh; Intel Mac OS X 10_13_6) AppleWebKit/537.36 (KHTML, like Gecko) Chrome/72.0.3626.109 Safari/537.36"
172.20.0.1 - - [03/Mar/2019:08:44:58 +0000] "GET /assets/webpack/pages.projects.activity.3b1d8441.chunk.js HTTP/1.1" 200 4222 "http://192.168.112.232:81/Carbons/projecttemplate/activity" "Mozilla/5.0 (Macintosh; Intel Mac OS X 10_13_6) AppleWebKit/537.36 (KHTML, like Gecko) Chrome/72.0.3626.109 Safari/537.36"
172.20.0.1 - - [03/Mar/2019:08:44:59 +0000] "GET /Carbons/projecttemplate/activity?limit=20&offset=0 HTTP/1.1" 200 866 "http://192.168.112.232:81/Carbons/projecttemplate/activity" "Mozilla/5.0 (Macintosh; Intel Mac OS X 10_13_6) AppleWebKit/537.36 (KHTML, like Gecko) Chrome/72.0.3626.109 Safari/537.36"
172.20.0.1 - - [03/Mar/2019:08:44:59 +0000] "GET /Carbons/projecttemplate/activity?limit=20&offset=2 HTTP/1.1" 200 522 "http://192.168.112.232:81/Carbons/projecttemplate/activity" "Mozilla/5.0 (Macintosh; Intel Mac OS X 10_13_6) AppleWebKit/537.36 (KHTML, like Gecko) Chrome/72.0.3626.109 Safari/537.36"
172.20.0.1 - - [03/Mar/2019:08:45:04 +0000] "GET /Carbons/projecttemplate/cycle_analytics HTTP/1.1" 200 11340 "http://192.168.112.232:81/Carbons/projecttemplate/activity" "Mozilla/5.0 (Macintosh; Intel Mac OS X 10_13_6) AppleWebKit/537.36 (KHTML, like Gecko) Chrome/72.0.3626.109 Safari/537.36"
172.20.0.1 - - [03/Mar/2019:08:45:04 +0000] "GET /assets/webpack/pages.projects.cycle_analytics.show.2a171546.chunk.js HTTP/1.1" 200 9685 "http://192.168.112.232:81/Carbons/projecttemplate/cycle_analytics" "Mozilla/5.0 (Macintosh; Intel Mac OS X 10_13_6) AppleWebKit/537.36 (KHTML, like Gecko) Chrome/72.0.3626.109 Safari/537.36"
172.20.0.1 - - [03/Mar/2019:08:45:04 +0000] "GET /Carbons/projecttemplate/cycle_analytics?cycle_analytics[start_date]=30 HTTP/1.1" 200 1185 "http://192.168.112.232:81/Carbons/projecttemplate/cycle_analytics" "Mozilla/5.0 (Macintosh; Intel Mac OS X 10_13_6) AppleWebKit/537.36 (KHTML, like Gecko) Chrome/72.0.3626.109 Safari/537.36"
172.20.0.1 - - [03/Mar/2019:08:45:04 +0000] "GET /Carbons/projecttemplate/cycle_analytics/events/issue.json?cycle_analytics[start_date]=30 HTTP/1.1" 200 13 "http://192.168.112.232:81/Carbons/projecttemplate/cycle_analytics" "Mozilla/5.0 (Macintosh; Intel Mac OS X 10_13_6) AppleWebKit/537.36 (KHTML, like Gecko) Chrome/72.0.3626.109 Safari/537.36"
127.0.0.1 - - [03/Mar/2019:08:45:53 +0000] "GET /help HTTP/1.1" 200 78399 "" "curl/7.59.0-DEV"
172.20.0.1 - - [03/Mar/2019:08:46:01 +0000] "GET /users/sign_out HTTP/1.1" 302 105 "http://192.168.112.232:81/Carbons/projecttemplate/edit" "Mozilla/5.0 (Macintosh; Intel Mac OS X 10_13_6) AppleWebKit/537.36 (KHTML, like Gecko) Chrome/72.0.3626.109 Safari/537.36"
172.20.0.1 - - [03/Mar/2019:08:46:01 +0000] "GET /users/sign_in HTTP/1.1" 200 4254 "http://192.168.112.232:81/Carbons/projecttemplate/edit" "Mozilla/5.0 (Macintosh; Intel Mac OS X 10_13_6) AppleWebKit/537.36 (KHTML, like Gecko) Chrome/72.0.3626.109 Safari/537.36"
172.20.0.1 - - [03/Mar/2019:08:46:03 +0000] "GET /users/Carbons/exists HTTP/1.1" 200 15 "http://192.168.112.232:81/users/sign_in" "Mozilla/5.0 (Macintosh; Intel Mac OS X 10_13_6) AppleWebKit/537.36 (KHTML, like Gecko) Chrome/72.0.3626.109 Safari/537.36"
172.20.0.1 - - [03/Mar/2019:08:46:11 +0000] "POST /users/sign_in HTTP/1.1" 302 92 "http://192.168.112.232:81/users/sign_in" "Mozilla/5.0 (Macintosh; Intel Mac OS X 10_13_6) AppleWebKit/537.36 (KHTML, like Gecko) Chrome/72.0.3626.109 Safari/537.36"
172.20.0.1 - - [03/Mar/2019:08:46:11 +0000] "GET / HTTP/1.1" 200 8563 "http://192.168.112.232:81/users/sign_in" "Mozilla/5.0 (Macintosh; Intel Mac OS X 10_13_6) AppleWebKit/537.36 (KHTML, like Gecko) Chrome/72.0.3626.109 Safari/537.36"
172.20.0.1 - - [03/Mar/2019:08:46:11 +0000] "GET /uploads/-/system/user/avatar/1/avatar.png?width=23 HTTP/1.1" 200 8816 "http://192.168.112.232:81/" "Mozilla/5.0 (Macintosh; Intel Mac OS X 10_13_6) AppleWebKit/537.36 (KHTML, like Gecko) Chrome/72.0.3626.109 Safari/537.36"
172.20.0.1 - - [03/Mar/2019:08:46:18 +0000] "GET /profile HTTP/1.1" 200 10628 "http://192.168.112.232:81/" "Mozilla/5.0 (Macintosh; Intel Mac OS X 10_13_6) AppleWebKit/537.36 (KHTML, like Gecko) Chrome/72.0.3626.109 Safari/537.36"
172.20.0.1 - - [03/Mar/2019:08:46:18 +0000] "GET /uploads/-/system/user/avatar/1/avatar.png?width=40 HTTP/1.1" 200 8816 "http://192.168.112.232:81/profile" "Mozilla/5.0 (Macintosh; Intel Mac OS X 10_13_6) AppleWebKit/537.36 (KHTML, like Gecko) Chrome/72.0.3626.109 Safari/537.36"
172.20.0.1 - - [03/Mar/2019:08:46:18 +0000] "GET /uploads/-/system/user/avatar/1/avatar.png?width=23 HTTP/1.1" 304 0 "http://192.168.112.232:81/profile" "Mozilla/5.0 (Macintosh; Intel Mac OS X 10_13_6) AppleWebKit/537.36 (KHTML, like Gecko) Chrome/72.0.3626.109 Safari/537.36"
172.20.0.1 - - [03/Mar/2019:08:46:18 +0000] "GET /uploads/-/system/user/avatar/1/avatar.png?width=160 HTTP/1.1" 200 8816 "http://192.168.112.232:81/profile" "Mozilla/5.0 (Macintosh; Intel Mac OS X 10_13_6) AppleWebKit/537.36 (KHTML, like Gecko) Chrome/72.0.3626.109 Safari/537.36"
172.20.0.1 - - [03/Mar/2019:08:46:21 +0000] "GET /profile/preferences HTTP/1.1" 200 9031 "http://192.168.112.232:81/profile" "Mozilla/5.0 (Macintosh; Intel Mac OS X 10_13_6) AppleWebKit/537.36 (KHTML, like Gecko) Chrome/72.0.3626.109 Safari/537.36"
172.20.0.1 - - [03/Mar/2019:08:46:21 +0000] "GET /uploads/-/system/user/avatar/1/avatar.png?width=23 HTTP/1.1" 304 0 "http://192.168.112.232:81/profile/preferences" "Mozilla/5.0 (Macintosh; Intel Mac OS X 10_13_6) AppleWebKit/537.36 (KHTML, like Gecko) Chrome/72.0.3626.109 Safari/537.36"
172.20.0.1 - - [03/Mar/2019:08:46:21 +0000] "GET /uploads/-/system/user/avatar/1/avatar.png?width=40 HTTP/1.1" 304 0 "http://192.168.112.232:81/profile/preferences" "Mozilla/5.0 (Macintosh; Intel Mac OS X 10_13_6) AppleWebKit/537.36 (KHTML, like Gecko) Chrome/72.0.3626.109 Safari/537.36"
172.20.0.1 - - [03/Mar/2019:08:46:51 +0000] "GET /profile/account HTTP/1.1" 200 8003 "http://192.168.112.232:81/profile/preferences" "Mozilla/5.0 (Macintosh; Intel Mac OS X 10_13_6) AppleWebKit/537.36 (KHTML, like Gecko) Chrome/72.0.3626.109 Safari/537.36"
172.20.0.1 - - [03/Mar/2019:08:46:51 +0000] "GET /uploads/-/system/user/avatar/1/avatar.png?width=23 HTTP/1.1" 304 0 "http://192.168.112.232:81/profile/account" "Mozilla/5.0 (Macintosh; Intel Mac OS X 10_13_6) AppleWebKit/537.36 (KHTML, like Gecko) Chrome/72.0.3626.109 Safari/537.36"
172.20.0.1 - - [03/Mar/2019:08:46:51 +0000] "GET /uploads/-/system/user/avatar/1/avatar.png?width=40 HTTP/1.1" 304 0 "http://192.168.112.232:81/profile/account" "Mozilla/5.0 (Macintosh; Intel Mac OS X 10_13_6) AppleWebKit/537.36 (KHTML, like Gecko) Chrome/72.0.3626.109 Safari/537.36"
172.20.0.1 - - [03/Mar/2019:08:46:53 +0000] "GET /profile HTTP/1.1" 200 10629 "http://192.168.112.232:81/profile/account" "Mozilla/5.0 (Macintosh; Intel Mac OS X 10_13_6) AppleWebKit/537.36 (KHTML, like Gecko) Chrome/72.0.3626.109 Safari/537.36"
172.20.0.1 - - [03/Mar/2019:08:46:53 +0000] "GET /uploads/-/system/user/avatar/1/avatar.png?width=23 HTTP/1.1" 304 0 "http://192.168.112.232:81/profile" "Mozilla/5.0 (Macintosh; Intel Mac OS X 10_13_6) AppleWebKit/537.36 (KHTML, like Gecko) Chrome/72.0.3626.109 Safari/537.36"
172.20.0.1 - - [03/Mar/2019:08:46:53 +0000] "GET /uploads/-/system/user/avatar/1/avatar.png?width=40 HTTP/1.1" 304 0 "http://192.168.112.232:81/profile" "Mozilla/5.0 (Macintosh; Intel Mac OS X 10_13_6) AppleWebKit/537.36 (KHTML, like Gecko) Chrome/72.0.3626.109 Safari/537.36"
172.20.0.1 - - [03/Mar/2019:08:46:53 +0000] "GET /uploads/-/system/user/avatar/1/avatar.png?width=160 HTTP/1.1" 304 0 "http://192.168.112.232:81/profile" "Mozilla/5.0 (Macintosh; Intel Mac OS X 10_13_6) AppleWebKit/537.36 (KHTML, like Gecko) Chrome/72.0.3626.109 Safari/537.36"
127.0.0.1 - - [03/Mar/2019:08:46:55 +0000] "GET /help HTTP/1.1" 200 78406 "" "curl/7.59.0-DEV"
127.0.0.1 - - [03/Mar/2019:08:47:56 +0000] "GET /help HTTP/1.1" 200 78399 "" "curl/7.59.0-DEV"
127.0.0.1 - - [03/Mar/2019:08:48:56 +0000] "GET /help HTTP/1.1" 200 78406 "" "curl/7.59.0-DEV"
172.20.0.1 - - [03/Mar/2019:08:49:09 +0000] "GET /profile/preferences HTTP/1.1" 200 9032 "http://192.168.112.232:81/profile" "Mozilla/5.0 (Macintosh; Intel Mac OS X 10_13_6) AppleWebKit/537.36 (KHTML, like Gecko) Chrome/72.0.3626.109 Safari/537.36"
172.20.0.1 - - [03/Mar/2019:08:49:09 +0000] "GET /uploads/-/system/user/avatar/1/avatar.png?width=23 HTTP/1.1" 304 0 "http://192.168.112.232:81/profile/preferences" "Mozilla/5.0 (Macintosh; Intel Mac OS X 10_13_6) AppleWebKit/537.36 (KHTML, like Gecko) Chrome/72.0.3626.109 Safari/537.36"
172.20.0.1 - - [03/Mar/2019:08:49:09 +0000] "GET /uploads/-/system/user/avatar/1/avatar.png?width=40 HTTP/1.1" 304 0 "http://192.168.112.232:81/profile/preferences" "Mozilla/5.0 (Macintosh; Intel Mac OS X 10_13_6) AppleWebKit/537.36 (KHTML, like Gecko) Chrome/72.0.3626.109 Safari/537.36"
172.20.0.1 - - [03/Mar/2019:08:49:17 +0000] "GET /profile/active_sessions HTTP/1.1" 200 7663 "http://192.168.112.232:81/profile/preferences" "Mozilla/5.0 (Macintosh; Intel Mac OS X 10_13_6) AppleWebKit/537.36 (KHTML, like Gecko) Chrome/72.0.3626.109 Safari/537.36"
172.20.0.1 - - [03/Mar/2019:08:49:17 +0000] "GET /uploads/-/system/user/avatar/1/avatar.png?width=23 HTTP/1.1" 304 0 "http://192.168.112.232:81/profile/active_sessions" "Mozilla/5.0 (Macintosh; Intel Mac OS X 10_13_6) AppleWebKit/537.36 (KHTML, like Gecko) Chrome/72.0.3626.109 Safari/537.36"
172.20.0.1 - - [03/Mar/2019:08:49:17 +0000] "GET /uploads/-/system/user/avatar/1/avatar.png?width=40 HTTP/1.1" 304 0 "http://192.168.112.232:81/profile/active_sessions" "Mozilla/5.0 (Macintosh; Intel Mac OS X 10_13_6) AppleWebKit/537.36 (KHTML, like Gecko) Chrome/72.0.3626.109 Safari/537.36"
172.20.0.1 - - [03/Mar/2019:08:49:20 +0000] "GET /profile/audit_log HTTP/1.1" 200 7614 "http://192.168.112.232:81/profile/active_sessions" "Mozilla/5.0 (Macintosh; Intel Mac OS X 10_13_6) AppleWebKit/537.36 (KHTML, like Gecko) Chrome/72.0.3626.109 Safari/537.36"
172.20.0.1 - - [03/Mar/2019:08:49:20 +0000] "GET /uploads/-/system/user/avatar/1/avatar.png?width=40 HTTP/1.1" 304 0 "http://192.168.112.232:81/profile/audit_log" "Mozilla/5.0 (Macintosh; Intel Mac OS X 10_13_6) AppleWebKit/537.36 (KHTML, like Gecko) Chrome/72.0.3626.109 Safari/537.36"
172.20.0.1 - - [03/Mar/2019:08:49:20 +0000] "GET /uploads/-/system/user/avatar/1/avatar.png?width=23 HTTP/1.1" 304 0 "http://192.168.112.232:81/profile/audit_log" "Mozilla/5.0 (Macintosh; Intel Mac OS X 10_13_6) AppleWebKit/537.36 (KHTML, like Gecko) Chrome/72.0.3626.109 Safari/537.36"
172.20.0.1 - - [03/Mar/2019:08:49:24 +0000] "GET /profile/preferences HTTP/1.1" 200 9030 "http://192.168.112.232:81/profile/audit_log" "Mozilla/5.0 (Macintosh; Intel Mac OS X 10_13_6) AppleWebKit/537.36 (KHTML, like Gecko) Chrome/72.0.3626.109 Safari/537.36"
172.20.0.1 - - [03/Mar/2019:08:49:25 +0000] "GET /uploads/-/system/user/avatar/1/avatar.png?width=23 HTTP/1.1" 304 0 "http://192.168.112.232:81/profile/preferences" "Mozilla/5.0 (Macintosh; Intel Mac OS X 10_13_6) AppleWebKit/537.36 (KHTML, like Gecko) Chrome/72.0.3626.109 Safari/537.36"
172.20.0.1 - - [03/Mar/2019:08:49:25 +0000] "GET /uploads/-/system/user/avatar/1/avatar.png?width=40 HTTP/1.1" 304 0 "http://192.168.112.232:81/profile/preferences" "Mozilla/5.0 (Macintosh; Intel Mac OS X 10_13_6) AppleWebKit/537.36 (KHTML, like Gecko) Chrome/72.0.3626.109 Safari/537.36"
172.20.0.1 - - [03/Mar/2019:08:49:27 +0000] "GET /profile/notifications HTTP/1.1" 200 9851 "http://192.168.112.232:81/profile/preferences" "Mozilla/5.0 (Macintosh; Intel Mac OS X 10_13_6) AppleWebKit/537.36 (KHTML, like Gecko) Chrome/72.0.3626.109 Safari/537.36"
172.20.0.1 - - [03/Mar/2019:08:49:27 +0000] "GET /assets/webpack/pages.profiles.notifications.show.2bae89cc.chunk.js HTTP/1.1" 200 1149 "http://192.168.112.232:81/profile/notifications" "Mozilla/5.0 (Macintosh; Intel Mac OS X 10_13_6) AppleWebKit/537.36 (KHTML, like Gecko) Chrome/72.0.3626.109 Safari/537.36"
172.20.0.1 - - [03/Mar/2019:08:49:27 +0000] "GET /uploads/-/system/user/avatar/1/avatar.png?width=23 HTTP/1.1" 304 0 "http://192.168.112.232:81/profile/notifications" "Mozilla/5.0 (Macintosh; Intel Mac OS X 10_13_6) AppleWebKit/537.36 (KHTML, like Gecko) Chrome/72.0.3626.109 Safari/537.36"
172.20.0.1 - - [03/Mar/2019:08:49:27 +0000] "GET /uploads/-/system/user/avatar/1/avatar.png?width=40 HTTP/1.1" 304 0 "http://192.168.112.232:81/profile/notifications" "Mozilla/5.0 (Macintosh; Intel Mac OS X 10_13_6) AppleWebKit/537.36 (KHTML, like Gecko) Chrome/72.0.3626.109 Safari/537.36"
172.20.0.1 - - [03/Mar/2019:08:49:28 +0000] "GET /profile/emails HTTP/1.1" 200 7974 "http://192.168.112.232:81/profile/notifications" "Mozilla/5.0 (Macintosh; Intel Mac OS X 10_13_6) AppleWebKit/537.36 (KHTML, like Gecko) Chrome/72.0.3626.109 Safari/537.36"
172.20.0.1 - - [03/Mar/2019:08:49:28 +0000] "GET /uploads/-/system/user/avatar/1/avatar.png?width=23 HTTP/1.1" 304 0 "http://192.168.112.232:81/profile/emails" "Mozilla/5.0 (Macintosh; Intel Mac OS X 10_13_6) AppleWebKit/537.36 (KHTML, like Gecko) Chrome/72.0.3626.109 Safari/537.36"
172.20.0.1 - - [03/Mar/2019:08:49:28 +0000] "GET /uploads/-/system/user/avatar/1/avatar.png?width=40 HTTP/1.1" 304 0 "http://192.168.112.232:81/profile/emails" "Mozilla/5.0 (Macintosh; Intel Mac OS X 10_13_6) AppleWebKit/537.36 (KHTML, like Gecko) Chrome/72.0.3626.109 Safari/537.36"
172.20.0.1 - - [03/Mar/2019:08:49:29 +0000] "GET /profile/personal_access_tokens HTTP/1.1" 200 9007 "http://192.168.112.232:81/profile/emails" "Mozilla/5.0 (Macintosh; Intel Mac OS X 10_13_6) AppleWebKit/537.36 (KHTML, like Gecko) Chrome/72.0.3626.109 Safari/537.36"
172.20.0.1 - - [03/Mar/2019:08:49:29 +0000] "GET /uploads/-/system/user/avatar/1/avatar.png?width=40 HTTP/1.1" 304 0 "http://192.168.112.232:81/profile/personal_access_tokens" "Mozilla/5.0 (Macintosh; Intel Mac OS X 10_13_6) AppleWebKit/537.36 (KHTML, like Gecko) Chrome/72.0.3626.109 Safari/537.36"
172.20.0.1 - - [03/Mar/2019:08:49:29 +0000] "GET /uploads/-/system/user/avatar/1/avatar.png?width=23 HTTP/1.1" 304 0 "http://192.168.112.232:81/profile/personal_access_tokens" "Mozilla/5.0 (Macintosh; Intel Mac OS X 10_13_6) AppleWebKit/537.36 (KHTML, like Gecko) Chrome/72.0.3626.109 Safari/537.36"
172.20.0.1 - - [03/Mar/2019:08:49:30 +0000] "GET /profile/chat_names HTTP/1.1" 200 7444 "http://192.168.112.232:81/profile/personal_access_tokens" "Mozilla/5.0 (Macintosh; Intel Mac OS X 10_13_6) AppleWebKit/537.36 (KHTML, like Gecko) Chrome/72.0.3626.109 Safari/537.36"
172.20.0.1 - - [03/Mar/2019:08:49:31 +0000] "GET /uploads/-/system/user/avatar/1/avatar.png?width=40 HTTP/1.1" 304 0 "http://192.168.112.232:81/profile/chat_names" "Mozilla/5.0 (Macintosh; Intel Mac OS X 10_13_6) AppleWebKit/537.36 (KHTML, like Gecko) Chrome/72.0.3626.109 Safari/537.36"
172.20.0.1 - - [03/Mar/2019:08:49:31 +0000] "GET /uploads/-/system/user/avatar/1/avatar.png?width=23 HTTP/1.1" 304 0 "http://192.168.112.232:81/profile/chat_names" "Mozilla/5.0 (Macintosh; Intel Mac OS X 10_13_6) AppleWebKit/537.36 (KHTML, like Gecko) Chrome/72.0.3626.109 Safari/537.36"
172.20.0.1 - - [03/Mar/2019:08:49:32 +0000] "GET /profile/applications HTTP/1.1" 200 8126 "http://192.168.112.232:81/profile/chat_names" "Mozilla/5.0 (Macintosh; Intel Mac OS X 10_13_6) AppleWebKit/537.36 (KHTML, like Gecko) Chrome/72.0.3626.109 Safari/537.36"
172.20.0.1 - - [03/Mar/2019:08:49:32 +0000] "GET /uploads/-/system/user/avatar/1/avatar.png?width=23 HTTP/1.1" 304 0 "http://192.168.112.232:81/profile/applications" "Mozilla/5.0 (Macintosh; Intel Mac OS X 10_13_6) AppleWebKit/537.36 (KHTML, like Gecko) Chrome/72.0.3626.109 Safari/537.36"
172.20.0.1 - - [03/Mar/2019:08:49:32 +0000] "GET /uploads/-/system/user/avatar/1/avatar.png?width=40 HTTP/1.1" 304 0 "http://192.168.112.232:81/profile/applications" "Mozilla/5.0 (Macintosh; Intel Mac OS X 10_13_6) AppleWebKit/537.36 (KHTML, like Gecko) Chrome/72.0.3626.109 Safari/537.36"
172.20.0.1 - - [03/Mar/2019:08:49:33 +0000] "GET /profile/account HTTP/1.1" 200 8008 "http://192.168.112.232:81/profile/applications" "Mozilla/5.0 (Macintosh; Intel Mac OS X 10_13_6) AppleWebKit/537.36 (KHTML, like Gecko) Chrome/72.0.3626.109 Safari/537.36"
172.20.0.1 - - [03/Mar/2019:08:49:33 +0000] "GET /uploads/-/system/user/avatar/1/avatar.png?width=23 HTTP/1.1" 304 0 "http://192.168.112.232:81/profile/account" "Mozilla/5.0 (Macintosh; Intel Mac OS X 10_13_6) AppleWebKit/537.36 (KHTML, like Gecko) Chrome/72.0.3626.109 Safari/537.36"
172.20.0.1 - - [03/Mar/2019:08:49:33 +0000] "GET /uploads/-/system/user/avatar/1/avatar.png?width=40 HTTP/1.1" 304 0 "http://192.168.112.232:81/profile/account" "Mozilla/5.0 (Macintosh; Intel Mac OS X 10_13_6) AppleWebKit/537.36 (KHTML, like Gecko) Chrome/72.0.3626.109 Safari/537.36"
172.20.0.1 - - [03/Mar/2019:08:49:36 +0000] "GET /profile HTTP/1.1" 200 10629 "http://192.168.112.232:81/profile/account" "Mozilla/5.0 (Macintosh; Intel Mac OS X 10_13_6) AppleWebKit/537.36 (KHTML, like Gecko) Chrome/72.0.3626.109 Safari/537.36"
172.20.0.1 - - [03/Mar/2019:08:49:36 +0000] "GET /uploads/-/system/user/avatar/1/avatar.png?width=23 HTTP/1.1" 304 0 "http://192.168.112.232:81/profile" "Mozilla/5.0 (Macintosh; Intel Mac OS X 10_13_6) AppleWebKit/537.36 (KHTML, like Gecko) Chrome/72.0.3626.109 Safari/537.36"
172.20.0.1 - - [03/Mar/2019:08:49:36 +0000] "GET /uploads/-/system/user/avatar/1/avatar.png?width=160 HTTP/1.1" 304 0 "http://192.168.112.232:81/profile" "Mozilla/5.0 (Macintosh; Intel Mac OS X 10_13_6) AppleWebKit/537.36 (KHTML, like Gecko) Chrome/72.0.3626.109 Safari/537.36"
172.20.0.1 - - [03/Mar/2019:08:49:36 +0000] "GET /uploads/-/system/user/avatar/1/avatar.png?width=40 HTTP/1.1" 304 0 "http://192.168.112.232:81/profile" "Mozilla/5.0 (Macintosh; Intel Mac OS X 10_13_6) AppleWebKit/537.36 (KHTML, like Gecko) Chrome/72.0.3626.109 Safari/537.36"
172.20.0.1 - - [03/Mar/2019:08:49:50 +0000] "GET /profile HTTP/1.1" 200 10635 "http://192.168.112.232:81/profile" "Mozilla/5.0 (Macintosh; Intel Mac OS X 10_13_6) AppleWebKit/537.36 (KHTML, like Gecko) Chrome/72.0.3626.109 Safari/537.36"
172.20.0.1 - - [03/Mar/2019:08:49:50 +0000] "GET /uploads/-/system/user/avatar/1/avatar.png?width=23 HTTP/1.1" 304 0 "http://192.168.112.232:81/profile" "Mozilla/5.0 (Macintosh; Intel Mac OS X 10_13_6) AppleWebKit/537.36 (KHTML, like Gecko) Chrome/72.0.3626.109 Safari/537.36"
172.20.0.1 - - [03/Mar/2019:08:49:50 +0000] "GET /uploads/-/system/user/avatar/1/avatar.png?width=40 HTTP/1.1" 304 0 "http://192.168.112.232:81/profile" "Mozilla/5.0 (Macintosh; Intel Mac OS X 10_13_6) AppleWebKit/537.36 (KHTML, like Gecko) Chrome/72.0.3626.109 Safari/537.36"
172.20.0.1 - - [03/Mar/2019:08:49:50 +0000] "GET /uploads/-/system/user/avatar/1/avatar.png?width=160 HTTP/1.1" 304 0 "http://192.168.112.232:81/profile" "Mozilla/5.0 (Macintosh; Intel Mac OS X 10_13_6) AppleWebKit/537.36 (KHTML, like Gecko) Chrome/72.0.3626.109 Safari/537.36"
172.20.0.1 - - [03/Mar/2019:08:49:53 +0000] "GET /users/sign_out HTTP/1.1" 302 105 "http://192.168.112.232:81/profile" "Mozilla/5.0 (Macintosh; Intel Mac OS X 10_13_6) AppleWebKit/537.36 (KHTML, like Gecko) Chrome/72.0.3626.109 Safari/537.36"
172.20.0.1 - - [03/Mar/2019:08:49:53 +0000] "GET /users/sign_in HTTP/1.1" 200 4252 "http://192.168.112.232:81/profile" "Mozilla/5.0 (Macintosh; Intel Mac OS X 10_13_6) AppleWebKit/537.36 (KHTML, like Gecko) Chrome/72.0.3626.109 Safari/537.36"
172.20.0.1 - - [03/Mar/2019:08:49:56 +0000] "GET /users/root/exists HTTP/1.1" 200 15 "http://192.168.112.232:81/users/sign_in" "Mozilla/5.0 (Macintosh; Intel Mac OS X 10_13_6) AppleWebKit/537.36 (KHTML, like Gecko) Chrome/72.0.3626.109 Safari/537.36"
127.0.0.1 - - [03/Mar/2019:08:49:57 +0000] "GET /help HTTP/1.1" 200 78399 "" "curl/7.59.0-DEV"
172.20.0.1 - - [03/Mar/2019:08:49:58 +0000] "POST /users/sign_in HTTP/1.1" 302 92 "http://192.168.112.232:81/users/sign_in" "Mozilla/5.0 (Macintosh; Intel Mac OS X 10_13_6) AppleWebKit/537.36 (KHTML, like Gecko) Chrome/72.0.3626.109 Safari/537.36"
172.20.0.1 - - [03/Mar/2019:08:49:58 +0000] "GET / HTTP/1.1" 200 7758 "http://192.168.112.232:81/users/sign_in" "Mozilla/5.0 (Macintosh; Intel Mac OS X 10_13_6) AppleWebKit/537.36 (KHTML, like Gecko) Chrome/72.0.3626.109 Safari/537.36"
172.20.0.1 - - [03/Mar/2019:08:50:03 +0000] "GET /profile HTTP/1.1" 200 10489 "http://192.168.112.232:81/" "Mozilla/5.0 (Macintosh; Intel Mac OS X 10_13_6) AppleWebKit/537.36 (KHTML, like Gecko) Chrome/72.0.3626.109 Safari/537.36"
172.20.0.1 - - [03/Mar/2019:08:50:13 +0000] "GET /profile/account HTTP/1.1" 200 7992 "http://192.168.112.232:81/profile" "Mozilla/5.0 (Macintosh; Intel Mac OS X 10_13_6) AppleWebKit/537.36 (KHTML, like Gecko) Chrome/72.0.3626.109 Safari/537.36"
172.20.0.1 - - [03/Mar/2019:08:50:17 +0000] "GET /profile HTTP/1.1" 200 10494 "http://192.168.112.232:81/profile/account" "Mozilla/5.0 (Macintosh; Intel Mac OS X 10_13_6) AppleWebKit/537.36 (KHTML, like Gecko) Chrome/72.0.3626.109 Safari/537.36"
172.20.0.1 - - [03/Mar/2019:08:50:25 +0000] "GET /profile/account HTTP/1.1" 200 7993 "http://192.168.112.232:81/profile" "Mozilla/5.0 (Macintosh; Intel Mac OS X 10_13_6) AppleWebKit/537.36 (KHTML, like Gecko) Chrome/72.0.3626.109 Safari/537.36"
172.20.0.1 - - [03/Mar/2019:08:50:27 +0000] "GET /profile/applications HTTP/1.1" 200 8095 "http://192.168.112.232:81/profile/account" "Mozilla/5.0 (Macintosh; Intel Mac OS X 10_13_6) AppleWebKit/537.36 (KHTML, like Gecko) Chrome/72.0.3626.109 Safari/537.36"
172.20.0.1 - - [03/Mar/2019:08:50:31 +0000] "GET /profile/chat_names HTTP/1.1" 200 7393 "http://192.168.112.232:81/profile/applications" "Mozilla/5.0 (Macintosh; Intel Mac OS X 10_13_6) AppleWebKit/537.36 (KHTML, like Gecko) Chrome/72.0.3626.109 Safari/537.36"
172.20.0.1 - - [03/Mar/2019:08:50:34 +0000] "GET /profile/personal_access_tokens HTTP/1.1" 200 9072 "http://192.168.112.232:81/profile/chat_names" "Mozilla/5.0 (Macintosh; Intel Mac OS X 10_13_6) AppleWebKit/537.36 (KHTML, like Gecko) Chrome/72.0.3626.109 Safari/537.36"
172.20.0.1 - - [03/Mar/2019:08:50:35 +0000] "GET /profile/emails HTTP/1.1" 200 7915 "http://192.168.112.232:81/profile/personal_access_tokens" "Mozilla/5.0 (Macintosh; Intel Mac OS X 10_13_6) AppleWebKit/537.36 (KHTML, like Gecko) Chrome/72.0.3626.109 Safari/537.36"
172.20.0.1 - - [03/Mar/2019:08:50:39 +0000] "GET /profile/password/edit HTTP/1.1" 200 7922 "http://192.168.112.232:81/profile/emails" "Mozilla/5.0 (Macintosh; Intel Mac OS X 10_13_6) AppleWebKit/537.36 (KHTML, like Gecko) Chrome/72.0.3626.109 Safari/537.36"
172.20.0.1 - - [03/Mar/2019:08:50:41 +0000] "GET /profile/notifications HTTP/1.1" 200 10632 "http://192.168.112.232:81/profile/password/edit" "Mozilla/5.0 (Macintosh; Intel Mac OS X 10_13_6) AppleWebKit/537.36 (KHTML, like Gecko) Chrome/72.0.3626.109 Safari/537.36"
172.20.0.1 - - [03/Mar/2019:08:50:44 +0000] "GET /profile/notifications HTTP/1.1" 200 10627 "http://192.168.112.232:81/profile/notifications" "Mozilla/5.0 (Macintosh; Intel Mac OS X 10_13_6) AppleWebKit/537.36 (KHTML, like Gecko) Chrome/72.0.3626.109 Safari/537.36"
172.20.0.1 - - [03/Mar/2019:08:50:46 +0000] "GET /profile/gpg_keys HTTP/1.1" 200 7918 "http://192.168.112.232:81/profile/notifications" "Mozilla/5.0 (Macintosh; Intel Mac OS X 10_13_6) AppleWebKit/537.36 (KHTML, like Gecko) Chrome/72.0.3626.109 Safari/537.36"
172.20.0.1 - - [03/Mar/2019:08:50:48 +0000] "GET /profile/preferences HTTP/1.1" 200 8983 "http://192.168.112.232:81/profile/gpg_keys" "Mozilla/5.0 (Macintosh; Intel Mac OS X 10_13_6) AppleWebKit/537.36 (KHTML, like Gecko) Chrome/72.0.3626.109 Safari/537.36"
172.20.0.1 - - [03/Mar/2019:08:50:50 +0000] "GET /profile/active_sessions HTTP/1.1" 200 7803 "http://192.168.112.232:81/profile/preferences" "Mozilla/5.0 (Macintosh; Intel Mac OS X 10_13_6) AppleWebKit/537.36 (KHTML, like Gecko) Chrome/72.0.3626.109 Safari/537.36"
127.0.0.1 - - [03/Mar/2019:08:50:57 +0000] "GET /help HTTP/1.1" 200 78406 "" "curl/7.59.0-DEV"
127.0.0.1 - - [03/Mar/2019:08:51:58 +0000] "GET /help HTTP/1.1" 200 78399 "" "curl/7.59.0-DEV"
172.20.0.1 - - [03/Mar/2019:08:52:51 +0000] "GET / HTTP/1.1" 302 99 "" "Mozilla/5.0 (Windows NT 10.0; Win64; x64) AppleWebKit/537.36 (KHTML, like Gecko) Kitematic/0.17.6 Chrome/59.0.3071.115 Electron/1.8.8 Safari/537.36"
172.20.0.1 - - [03/Mar/2019:08:52:51 +0000] "GET /users/sign_in HTTP/1.1" 200 4245 "" "Mozilla/5.0 (Windows NT 10.0; Win64; x64) AppleWebKit/537.36 (KHTML, like Gecko) Kitematic/0.17.6 Chrome/59.0.3071.115 Electron/1.8.8 Safari/537.36"
172.20.0.1 - - [03/Mar/2019:08:52:51 +0000] "GET /assets/webpack/pages.sessions.new.cadfab4e.chunk.js HTTP/1.1" 200 1885 "http://localhost:81/users/sign_in" "Mozilla/5.0 (Windows NT 10.0; Win64; x64) AppleWebKit/537.36 (KHTML, like Gecko) Kitematic/0.17.6 Chrome/59.0.3071.115 Electron/1.8.8 Safari/537.36"
172.20.0.1 - - [03/Mar/2019:08:52:51 +0000] "GET /assets/webpack/commons~pages.ldap.omniauth_callbacks~pages.omniauth_callbacks~pages.sessions~pages.sessions.new.72367e20.chunk.js HTTP/1.1" 200 3636 "http://localhost:81/users/sign_in" "Mozilla/5.0 (Windows NT 10.0; Win64; x64) AppleWebKit/537.36 (KHTML, like Gecko) Kitematic/0.17.6 Chrome/59.0.3071.115 Electron/1.8.8 Safari/537.36"
127.0.0.1 - - [03/Mar/2019:08:52:58 +0000] "GET /help HTTP/1.1" 200 78399 "" "curl/7.59.0-DEV"
127.0.0.1 - - [03/Mar/2019:08:53:59 +0000] "GET /help HTTP/1.1" 200 78399 "" "curl/7.59.0-DEV"
127.0.0.1 - - [03/Mar/2019:08:54:59 +0000] "GET /help HTTP/1.1" 200 78399 "" "curl/7.59.0-DEV"
127.0.0.1 - - [03/Mar/2019:08:56:00 +0000] "GET /help HTTP/1.1" 200 78399 "" "curl/7.59.0-DEV"
127.0.0.1 - - [03/Mar/2019:08:57:00 +0000] "GET /help HTTP/1.1" 200 78399 "" "curl/7.59.0-DEV"
127.0.0.1 - - [03/Mar/2019:08:58:01 +0000] "GET /help HTTP/1.1" 200 78399 "" "curl/7.59.0-DEV"
127.0.0.1 - - [03/Mar/2019:08:59:01 +0000] "GET /help HTTP/1.1" 200 78399 "" "curl/7.59.0-DEV"
127.0.0.1 - - [03/Mar/2019:09:00:01 +0000] "GET /help HTTP/1.1" 200 78399 "" "curl/7.59.0-DEV"
